03-31 23:01:51.548 D/DisplayFeatureHal( 1042): pcc gabb coeff 2 0.000000
03-31 23:01:51.548 D/DisplayFeatureHal( 1042): pcc gabb coeff 3 0.000000
03-31 23:01:51.548 D/DisplayFeatureHal( 1042): pcc gabb coeff 4 1.000000
03-31 23:01:51.548 D/DisplayFeatureHal( 1042): pcc gabb coeff 5 0.000000
03-31 23:01:51.548 D/DisplayFeatureHal( 1042): pcc gabb coeff 6 0.000000
03-31 23:01:51.548 D/DisplayFeatureHal( 1042): pcc gabb coeff 7 0.000000
03-31 23:01:51.548 D/DisplayFeatureHal( 1042): pcc gabb coeff 8 1.000000
03-31 23:01:51.552 D/thread_hook( 8610): tid---: 8680
03-31 23:01:51.540 W/HwBinder:1007_4( 1007): type=1400 audit(0.0:214178): avc: denied { search } for name="data" dev="dm-10" ino=101 scontext=u:r:hal_camera_default:s0 tcontext=u:object_r:system_data_file:s0:c512,c768 tclass=dir permissive=0
03-31 23:01:51.556 D/BroadcastExecutor( 7114): BroadcastExecutor : 2
03-31 23:01:51.564 D/DisplayFeatureHal( 1042): HandleACNormal exit ret 0
03-31 23:01:51.564 E/DisplayFeatureHal( 1042): processDCBacklight skip setting dc because DislayState 1, brightness 0, HBM status 0, mSysNonZeroBl 2047, mInteracted_bl 0
03-31 23:01:51.564 D/DisplayFeatureHal( 1042): isStartSensorControl ret 1
03-31 23:01:51.564 D/DisplayFeatureHal( 1042): onMessageReceived  Auto calib
03-31 23:01:51.564 D/DisplayFeatureHal( 1042): isStartSensorControl ret 1
03-31 23:01:51.564 D/DisplayFeatureHal( 1042): isStartSensorControl ret 1
03-31 23:01:51.565 I/DisplayFeatureHal( 1042): setPostprocessingMode feature_id:6, enable:1, cookie 0
03-31 23:01:51.565 D/ColorManager( 1042): handleHistogramCmd enable histogram
03-31 23:01:51.565 D/MiShare:MiShareService(11058): onReceive action=android.intent.action.SCREEN_ON
03-31 23:01:51.566 D/KeyguardWallpaperRenderer( 8610): onDrawFrame
03-31 23:01:51.567 D/thread_hook( 8610): tid---: 8680
03-31 23:01:51.578 E/NfcService(27103): screen state : android.intent.action.SCREEN_ON
03-31 23:01:51.581 D/KeyguardWallpaperRenderer( 8610): onDrawFrame
03-31 23:01:51.585 D/thread_hook( 8610): tid---: 8680
03-31 23:01:51.587 I/DisplayFeatureHal( 1042): setPostprocessingMode feature_id:6, enable:1, cookie 0
03-31 23:01:51.588 I/TrafficManageService( 4483): onReceive: android.intent.action.SCREEN_ON
03-31 23:01:51.591 I/PowerSaveService( 4483): onReceive: android.intent.action.SCREEN_ON
03-31 23:01:51.591 D/PowerNoticeUI( 4483): ScreenOnEvent
03-31 23:01:51.594 D/NfcService(27103): MSG_APPLY_SCREEN_STATE 4
03-31 23:01:51.598 I/DeviceStatusMonitor( 5966): DeviceStatusMonitor.handleBroadcast():123 onReceive() : Action = android.intent.action.SCREEN_ON
03-31 23:01:51.599 D/KeyguardWallpaperRenderer( 8610): onDrawFrame
03-31 23:01:51.599 I/DeviceStatusMonitor( 5966): DeviceStatusMonitor.updateCountryInfo():139 updateCountryInfo(), notifyAnyway = false
03-31 23:01:51.603 D/thread_hook( 8610): tid---: 8680
03-31 23:01:51.614 D/KeyguardWallpaperRenderer( 8610): onDrawFrame
03-31 23:01:51.618 D/thread_hook( 8610): tid---: 8680
03-31 23:01:51.621 D/vendor.nxp.hardware.nfc@2.0-service( 1028): sem_timedwait() succeeded
03-31 23:01:51.621 D/NxpTml  ( 1028): PN54X - Write requested.....
03-31 23:01:51.621 D/NxpTml  ( 1028): PN54X - Invoking I2C Write.....
03-31 23:01:51.623 D/NxpTml  ( 1028): _i2c_write() errno : 5
03-31 23:01:51.626 D/NxpTml  ( 1028): PN54X - Error in I2C Write.....
03-31 23:01:51.626 D/NxpTml  ( 1028): PN54X - Posting Fresh Write message.....
03-31 23:01:51.626 D/NxpTml  ( 1028): PN54X - Tml Writer Thread Running................
03-31 23:01:51.626 E/NxpHal  ( 1028): write error status = 0x1ff
03-31 23:01:51.627 D/NxpHal  ( 1028): write_unlocked failed - PN54X Maybe in Standby Mode - Retry
03-31 23:01:51.632 D/NxpTml  ( 1028): PN54X - Write requested.....
03-31 23:01:51.632 D/NxpTml  ( 1028): PN54X - Invoking I2C Write.....
03-31 23:01:51.633 D/KeyguardWallpaperRenderer( 8610): onDrawFrame
03-31 23:01:51.620 W/HwBinder:1007_4( 1007): type=1400 audit(0.0:214179): avc: denied { search } for name="data" dev="dm-10" ino=101 scontext=u:r:hal_camera_default:s0 tcontext=u:object_r:system_data_file:s0:c512,c768 tclass=dir permissive=0
03-31 23:01:51.634 D/NxpTml  ( 1028): PN54X - I2C Read successful.....len = 4
03-31 23:01:51.634 D/NxpTml  ( 1028): Delay Read if write thread is busy
03-31 23:01:51.634 D/NxpNciX ( 1028): len =   4 => 21060100
03-31 23:01:51.634 D/NxpTml  ( 1028): PN54X - I2C Write successful.....
03-31 23:01:51.634 D/NxpTml  ( 1028): PN54X - Posting Fresh Write message.....
03-31 23:01:51.634 D/NxpTml  ( 1028): PN54X - Tml Writer Thread Running................
03-31 23:01:51.634 D/NxpHal  ( 1028): write successful status = 0x0
03-31 23:01:51.620 W/HwBinder:1007_4( 1007): type=1400 audit(0.0:214180): avc: denied { search } for name="data" dev="dm-10" ino=101 scontext=u:r:hal_camera_default:s0 tcontext=u:object_r:system_data_file:s0:c512,c768 tclass=dir permissive=0
03-31 23:01:51.620 W/HwBinder:1007_4( 1007): type=1400 audit(0.0:214181): avc: denied { search } for name="data" dev="dm-10" ino=101 scontext=u:r:hal_camera_default:s0 tcontext=u:object_r:system_data_file:s0:c512,c768 tclass=dir permissive=0
03-31 23:01:51.636 D/NxpTml  ( 1028): PN54X - Posting read message.....
03-31 23:01:51.636 D/NxpNciR ( 1028): len =   4 <= 41060100
03-31 23:01:51.636 D/thread_hook( 8610): tid---: 8680
03-31 23:01:51.638 D/NxpHal  ( 1028): read successful status = 0x0
03-31 23:01:51.641 D/NxpTml  ( 1028): PN54X - Read requested.....
03-31 23:01:51.641 D/NxpTml  ( 1028): PN54X - Invoking I2C Read.....
03-31 23:01:51.642 E/libnfc_nci(27103): [ERROR:NativeNfcManager.cpp(1346)] nfaConnectionCallback: unknown event ????
03-31 23:01:51.645 D/vendor.nxp.hardware.nfc@2.0-service( 1028): sem_timedwait() succeeded
03-31 23:01:51.645 D/NxpTml  ( 1028): PN54X - Write requested.....
03-31 23:01:51.645 D/NxpTml  ( 1028): PN54X - Invoking I2C Write.....
03-31 23:01:51.646 D/NxpTml  ( 1028): PN54X - I2C Read successful.....len = 4
03-31 23:01:51.646 D/NxpTml  ( 1028): Delay Read if write thread is busy
03-31 23:01:51.646 D/NxpNciX ( 1028): len =   4 => 2F150102
03-31 23:01:51.646 D/NxpTml  ( 1028): PN54X - I2C Write successful.....
03-31 23:01:51.646 D/NxpTml  ( 1028): PN54X - Posting Fresh Write message.....
03-31 23:01:51.646 D/NxpTml  ( 1028): PN54X - Tml Writer Thread Running................
03-31 23:01:51.647 D/NxpHal  ( 1028): write successful status = 0x0
03-31 23:01:51.648 D/KeyguardWallpaperRenderer( 8610): onDrawFrame
03-31 23:01:51.649 D/NxpTml  ( 1028): PN54X - Posting read message.....
03-31 23:01:51.649 D/NxpNciR ( 1028): len =   4 <= 4F150100
03-31 23:01:51.649 D/NxpHal  ( 1028): read successful status = 0x0
03-31 23:01:51.650 D/NxpTml  ( 1028): PN54X - Read requested.....
03-31 23:01:51.650 D/NxpTml  ( 1028): PN54X - Invoking I2C Read.....
03-31 23:01:51.650 D/vendor.nxp.hardware.nfc@2.0-service( 1028): sem_timedwait() succeeded
03-31 23:01:51.650 D/NxpTml  ( 1028): PN54X - Write requested.....
03-31 23:01:51.650 D/NxpTml  ( 1028): PN54X - Invoking I2C Write.....
03-31 23:01:51.651 D/thread_hook( 8610): tid---: 8680
03-31 23:01:51.652 D/NxpTml  ( 1028): PN54X - I2C Read successful.....len = 5
03-31 23:01:51.652 D/NxpTml  ( 1028): Delay Read if write thread is busy
03-31 23:01:51.652 D/NxpNciX ( 1028): len =  10 => 20020702320120380101
03-31 23:01:51.652 D/NxpTml  ( 1028): PN54X - I2C Write successful.....
03-31 23:01:51.652 D/NxpTml  ( 1028): PN54X - Posting Fresh Write message.....
03-31 23:01:51.652 D/NxpTml  ( 1028): PN54X - Tml Writer Thread Running................
03-31 23:01:51.652 D/NxpHal  ( 1028): write successful status = 0x0
03-31 23:01:51.654 D/NxpTml  ( 1028): PN54X - Posting read message.....
03-31 23:01:51.654 D/NxpNciR ( 1028): len =   5 <= 4002020000
03-31 23:01:51.654 D/NxpHal  ( 1028): read successful status = 0x0
03-31 23:01:51.654 D/NxpHal  ( 1028): phNxpNciHal_print_res_status: response status =STATUS_OK
03-31 23:01:51.655 D/NxpHal  ( 1028): > Polling Loop Started
03-31 23:01:51.655 D/vendor.nxp.hardware.nfc@2.0-service( 1028): sem_timedwait() succeeded
03-31 23:01:51.655 D/NxpTml  ( 1028): PN54X - Read requested.....
03-31 23:01:51.655 D/NxpTml  ( 1028): PN54X - Write requested.....
03-31 23:01:51.655 D/NxpTml  ( 1028): PN54X - Invoking I2C Read.....
03-31 23:01:51.655 D/NxpTml  ( 1028): PN54X - Invoking I2C Write.....
03-31 23:01:51.657 D/NxpNciX ( 1028): len =   8 => 2103050280018101
03-31 23:01:51.657 D/NxpTml  ( 1028): PN54X - I2C Write successful.....
03-31 23:01:51.657 D/NxpTml  ( 1028): PN54X - Posting Fresh Write message.....
03-31 23:01:51.657 D/NxpTml  ( 1028): PN54X - I2C Read successful.....len = 4
03-31 23:01:51.657 D/NxpTml  ( 1028): Delay Read if write thread is busy
03-31 23:01:51.657 D/NxpTml  ( 1028): PN54X - Tml Writer Thread Running................
03-31 23:01:51.657 D/NxpHal  ( 1028): write successful status = 0x0
03-31 23:01:51.657 I/NearbyUWB(10840): (REDACTED) Screen unlocked: %s
03-31 23:01:51.659 D/NxpTml  ( 1028): PN54X - Posting read message.....
03-31 23:01:51.659 D/NxpNciR ( 1028): len =   4 <= 41030100
03-31 23:01:51.659 D/NxpHal  ( 1028): read successful status = 0x0
03-31 23:01:51.660 D/NxpTml  ( 1028): PN54X - Read requested.....
03-31 23:01:51.660 D/NxpTml  ( 1028): PN54X - Invoking I2C Read.....
03-31 23:01:51.665 D/KeyguardWallpaperRenderer( 8610): onDrawFrame
03-31 23:01:51.667 I/NearbyDiscovery(10840): (REDACTED) FastPairHandler: Received action %s
03-31 23:01:51.667 I/NearbyDiscovery(10840): (REDACTED) FastPairScanner: isScreenOn=%s, isLocationEnabled=%s, disableLocationRequirement=%s, isDiscoveryScanningEnabled=%s, during24GhzWifiWarmingUpPeriod=%s
03-31 23:01:51.668 D/NfcService(27103): computeDiscoveryParameters() screenState=4
03-31 23:01:51.668 D/NfcService(27103): computeDiscoveryParameters: screenState < SCREEN_STATE_ON_UNLOCKED
03-31 23:01:51.669 D/thread_hook( 8610): tid---: 8680
03-31 23:01:51.672 D/vendor.nxp.hardware.nfc@2.0-service( 1028): sem_timedwait() succeeded
03-31 23:01:51.672 D/NxpTml  ( 1028): PN54X - Write requested.....
03-31 23:01:51.672 D/NxpTml  ( 1028): PN54X - Invoking I2C Write.....
03-31 23:01:51.673 D/NxpTml  ( 1028): PN54X - I2C Read successful.....len = 4
03-31 23:01:51.673 D/NxpTml  ( 1028): Delay Read if write thread is busy
03-31 23:01:51.673 D/BroadcastExecutor(14784): BroadcastExecutor : 2
03-31 23:01:51.673 D/NxpNciX ( 1028): len =   4 => 21060100
03-31 23:01:51.673 D/NxpTml  ( 1028): PN54X - I2C Write successful.....
03-31 23:01:51.673 D/NxpTml  ( 1028): PN54X - Posting Fresh Write message.....
03-31 23:01:51.673 D/NxpTml  ( 1028): PN54X - Tml Writer Thread Running................
03-31 23:01:51.674 D/NxpHal  ( 1028): write successful status = 0x0
03-31 23:01:51.674 D/BluetoothAdapter(10840): isLeEnabled(): ON
03-31 23:01:51.675 D/NxpTml  ( 1028): PN54X - Posting read message.....
03-31 23:01:51.675 D/NxpNciR ( 1028): len =   4 <= 41060100
03-31 23:01:51.675 D/NxpHal  ( 1028): read successful status = 0x0
03-31 23:01:51.675 D/NxpTml  ( 1028): PN54X - Read requested.....
03-31 23:01:51.675 D/NxpTml  ( 1028): PN54X - Invoking I2C Read.....
03-31 23:01:51.676 I/NearbyDiscovery(10840): (REDACTED) FastPairScanner: eventType=%s, intReq=%s, scanning=%s, scanAllowed=%s, bleEnabled=%s, lockScanRate=%s, startScanningByLowPowerMode=%s
03-31 23:01:51.676 D/vendor.nxp.hardware.nfc@2.0-service( 1028): sem_timedwait() succeeded
03-31 23:01:51.676 I/NearbyDiscovery(10840): FastPairController: onSystemStateChanged: skip due to flag disabled [CONTEXT service_id=265 ]
03-31 23:01:51.676 D/NxpTml  ( 1028): PN54X - Write requested.....
03-31 23:01:51.676 D/NxpTml  ( 1028): PN54X - Invoking I2C Write.....
03-31 23:01:51.677 D/BroadcastExecutor(14784): BroadcastExecutor : 2
03-31 23:01:51.678 D/NxpTml  ( 1028): PN54X - I2C Read successful.....len = 5
03-31 23:01:51.678 D/NxpTml  ( 1028): Delay Read if write thread is busy
03-31 23:01:51.678 D/NxpNciX ( 1028): len =  10 => 20020702320120380101
03-31 23:01:51.678 D/NxpTml  ( 1028): PN54X - I2C Write successful.....
03-31 23:01:51.678 D/NxpTml  ( 1028): PN54X - Posting Fresh Write message.....
03-31 23:01:51.678 D/NxpTml  ( 1028): PN54X - Tml Writer Thread Running................
03-31 23:01:51.678 D/NxpHal  ( 1028): write successful status = 0x0
03-31 23:01:51.679 W/AD-PLUGIN-PushAdManager(14784): pushRealTimeRequest mode mismatching
03-31 23:01:51.680 D/NxpTml  ( 1028): PN54X - Posting read message.....
03-31 23:01:51.680 D/NxpNciR ( 1028): len =   5 <= 4002020000
03-31 23:01:51.680 D/NxpHal  ( 1028): read successful status = 0x0
03-31 23:01:51.680 D/NxpHal  ( 1028): phNxpNciHal_print_res_status: response status =STATUS_OK
03-31 23:01:51.680 D/NxpTml  ( 1028): PN54X - Read requested.....
03-31 23:01:51.680 D/NxpTml  ( 1028): PN54X - Invoking I2C Read.....
03-31 23:01:51.681 D/NxpHal  ( 1028): > Polling Loop Started
03-31 23:01:51.681 D/vendor.nxp.hardware.nfc@2.0-service( 1028): sem_timedwait() succeeded
03-31 23:01:51.681 D/NxpTml  ( 1028): PN54X - Write requested.....
03-31 23:01:51.681 D/NxpTml  ( 1028): PN54X - Invoking I2C Write.....
03-31 23:01:51.681 D/KeyguardWallpaperRenderer( 8610): onDrawFrame
03-31 23:01:51.683 D/NxpNciX ( 1028): len =   8 => 2103050280018101
03-31 23:01:51.683 D/NxpTml  ( 1028): PN54X - I2C Write successful.....
03-31 23:01:51.683 D/NxpTml  ( 1028): PN54X - Posting Fresh Write message.....
03-31 23:01:51.683 D/NxpTml  ( 1028): PN54X - Tml Writer Thread Running................
03-31 23:01:51.683 D/NxpHal  ( 1028): write successful status = 0x0
03-31 23:01:51.684 D/NxpTml  ( 1028): PN54X - I2C Read successful.....len = 4
03-31 23:01:51.684 D/NxpTml  ( 1028): PN54X - Posting read message.....
03-31 23:01:51.684 D/NxpNciR ( 1028): len =   4 <= 41030100
03-31 23:01:51.684 D/NxpHal  ( 1028): read successful status = 0x0
03-31 23:01:51.684 D/thread_hook( 8610): tid---: 8680
03-31 23:01:51.685 D/NxpTml  ( 1028): PN54X - Read requested.....
03-31 23:01:51.685 D/NxpTml  ( 1028): PN54X - Invoking I2C Read.....
03-31 23:01:51.691 D/BroadcastExecutor(14784): BroadcastExecutor : 2
03-31 23:01:51.699 D/KeyguardWallpaperRenderer( 8610): onDrawFrame
03-31 23:01:51.700 D/Camera3-Device( 1592): Set real time priority for request queue thread (tid 23097)
03-31 23:01:51.700 W/BpBinder( 4874): Slow Binder: BpBinder transact took 259 ms, interface=android.hardware.camera2.ICameraDeviceUser, code=6 oneway=false
03-31 23:01:51.701 D/thread_hook( 8610): tid---: 8680
03-31 23:01:51.708 E/CamX    ( 1007): [ERROR][CORE   ] camxpipeline.cpp:589 StreamOn() [FaceUnlockTwotarget_0] StreamingOn for pipeline: 0xb400007cd85fb000
03-31 23:01:51.714 D/KeyguardWallpaperRenderer( 8610): onDrawFrame
03-31 23:01:51.717 W/MiuiFreeFormGesturePointerEventListener( 1951): setMiuiFreeFormTouchExcludeRegion mTouchExcludeRegion = SkRegion((0,0,1080,2400))
03-31 23:01:51.718 D/thread_hook( 8610): tid---: 8680
03-31 23:01:51.726 D/MStatsReceiver( 6501): mAction = android.intent.action.SCREEN_ON
03-31 23:01:51.727 I/MStatsReceiver( 6501): Sending intent to active service
03-31 23:01:51.729 D/MStatsReceiver( 6501): Successfully started service
03-31 23:01:51.733 D/KeyguardWallpaperRenderer( 8610): onDrawFrame
03-31 23:01:51.735 D/thread_hook( 8610): tid---: 8680
03-31 23:01:51.742 E/ANDR-PERF-UTIL( 1034): Failed to read /proc/sys/kernel/sched_prefer_spread
03-31 23:01:51.742 E/ANDR-PERF-OPTSHANDLER( 1034): Failed to read /proc/sys/kernel/sched_prefer_spread
03-31 23:01:51.742 E/ANDR-PERF-RESOURCEQS( 1034): Failed to apply optimization [3, 42]
03-31 23:01:51.742 E/ANDR-PERF-OPTSHANDLER( 1034): Perflock resource /sys/class/devfreq/soc:qcom,llccbw/min_freq not supported
03-31 23:01:51.742 E/ANDR-PERF-RESOURCEQS( 1034): Failed to apply optimization [12, 0]
03-31 23:01:51.743 D/WifiClientModeImpl[wlan0]( 1951):  handleScreenStateChanged Enter: screenOn=true mSuspendOptimizationsEnabled=true state L3ConnectedState
03-31 23:01:51.745 E/CamX    ( 1007): [ERROR][STATS_AEC] caeccoredatamanager.cpp:990: InitStatsConfig hist color channel not mapped: 8, forcing to Y 6
03-31 23:01:51.750 D/KeyguardWallpaperRenderer( 8610): onDrawFrame
03-31 23:01:51.761 D/thread_hook( 8610): tid---: 8680
03-31 23:01:51.763 D/BroadcastExecutor(21858): BroadcastExecutor : 2
03-31 23:01:51.764 D/KeyguardWallpaperRenderer( 8610): onDrawFrame
03-31 23:01:51.767 D/thread_hook( 8610): tid---: 8680
03-31 23:01:51.767 D/WifiClientModeImpl[wlan0]( 1951): handleScreenStateChanged Exit: true
03-31 23:01:51.768 D/WifiClientModeImpl[wlan0]( 1951):  ConnectableState screen=on 1 0
03-31 23:01:51.768 D/WifiScoreReport( 1951): reset
03-31 23:01:51.776 D/BroadcastExecutor(21858): BroadcastExecutor : 2
03-31 23:01:51.777 D/WifiClientModeImpl[wlan0]( 1951): updateLinkLayerStatsRssiSpeedFrequencyCapabilities rssi=-67 TxLinkspeed=57 freq=2462 RxLinkSpeed=57
03-31 23:01:51.781 D/KeyguardWallpaperRenderer( 8610): onDrawFrame
03-31 23:01:51.783 D/thread_hook( 8610): tid---: 8680
03-31 23:01:51.785 I/MiuiNetworkPolicy( 1951): updateUidState uid = 10082, uidState = 11
03-31 23:01:51.786 I/MiuiNetworkPolicy( 1951): updateUidState uid = 10082, uidState = 18
03-31 23:01:51.790 D/Process ( 1951): audio-opt: audio thread tid = 23049 could not get bg policy.
03-31 23:01:51.797 D/MiuiScanManager(23870): Screen On
03-31 23:01:51.798 D/KeyguardWallpaperRenderer( 8610): onDrawFrame
03-31 23:01:51.800 D/thread_hook( 8610): tid---: 8680
03-31 23:01:51.801 D/BluetoothAdapter(23870): isLeEnabled(): ON
03-31 23:01:51.801 D/BluetoothLeScanner(23870): could not find callback wrapper
03-31 23:01:51.801 D/MiuiScanManager(23870): No need start scan
03-31 23:01:51.802 D/MiuiImsPhoneCallTrackerStubImpl( 3063): onReceive : android.net.wifi.RSSI_CHANGED
03-31 23:01:51.802 D/MiuiImsPhoneCallTrackerStubImpl( 3063): onReceive : android.net.wifi.RSSI_CHANGED
03-31 23:01:51.804 W/WifiNetworkFactory( 1951): Connected to unknown network ID: 31 SSID: "SFR_240F_EXT" PROVIDER-NAME: null BSSID: null FQDN: null HOME-PROVIDER-NETWORK: false PRIO: 0 HIDDEN: false PMF: falseCarrierId: -1SubscriptionId-1
03-31 23:01:51.804 W/WifiNetworkFactory( 1951):  NetworkSelectionStatus NETWORK_SELECTION_ENABLED
03-31 23:01:51.804 W/WifiNetworkFactory( 1951):  hasEverConnected: true
03-31 23:01:51.804 W/WifiNetworkFactory( 1951):  hasNeverDetectedCaptivePortal: true
03-31 23:01:51.804 W/WifiNetworkFactory( 1951):  numAssociation 98
03-31 23:01:51.804 W/WifiNetworkFactory( 1951):  validatedInternetAccess shared trusted
03-31 23:01:51.804 W/WifiNetworkFactory( 1951):  macRandomizationSetting: 3
03-31 23:01:51.804 W/WifiNetworkFactory( 1951):  mRandomizedMacAddress: be:55:3e:aa:5c:7f
03-31 23:01:51.804 W/WifiNetworkFactory( 1951):  randomizedMacExpirationTimeMs: 04-01 19:50:13.456
03-31 23:01:51.804 W/WifiNetworkFactory( 1951):  randomizedMacLastModifiedTimeMs: <none>
03-31 23:01:51.804 W/WifiNetworkFactory( 1951):  deletionPriority: 0
03-31 23:01:51.804 W/WifiNetworkFactory( 1951):  KeyMgmt: WPA_PSK Protocols: WPA RSN
03-31 23:01:51.804 W/WifiNetworkFactory( 1951):  AuthAlgorithms:
03-31 23:01:51.804 W/WifiNetworkFactory( 1951):  PairwiseCiphers: TKIP CCMP
03-31 23:01:51.804 W/WifiNetworkFactory( 1951):  GroupCiphers: WEP40 WEP104 TKIP CCMP
03-31 23:01:51.804 W/WifiNetworkFactory( 1951):  GroupMgmtCiphers:
03-31 23:01:51.804 W/WifiNetworkFactory( 1951):  SuiteBCiphers:
03-31 23:01:51.804 W/WifiNetworkFactory( 1951):  PSK/SAE: *
03-31 23:01:51.804 W/WifiNetworkFactory( 1951): SecurityParams List:
03-31 23:01:51.804 W/WifiNetworkFactory( 1951): Security Parameters:
03-31 23:01:51.804 W/WifiNetworkFactory( 1951):  Type: 2
03-31 23:01:51.804 W/WifiNetworkFactory( 1951):  Enabled: true
03-31 23:01:51.804 W/WifiNetworkFactory( 1951):  KeyMgmt: WPA_PSK
03-31 23:01:51.804 W/WifiNetworkFactory( 1951):  Protocols: WPA RSN
03-31 23:01:51.804 W/WifiNetworkFactory( 1951):  AuthAlgorithms:
03-31 23:01:51.804 W/WifiNetworkFactory( 1951):  PairwiseCiphers: TKIP CCMP
03-31 23:01:51.804 W/WifiNetworkFactory( 1951):  GroupCiphers: WEP40 WEP104 TKIP CCMP
03-31 23:01:51.804 W/WifiNetworkFactory( 1951):  GroupMgmtCiphers:
03-31 23:01:51.804 W/WifiNetworkFactory( 1951):  SuiteBCiphers:
03-31 23:01:51.804 W/WifiNetworkFactory( 1951):  RequirePmf: false
03-31 23:01:51.804 W/WifiNetworkFactory( 1951):  IsAddedByAutoUpgrade: false
03-31 23:01:51.804 W/WifiNetworkFactory( 1951):  IsSaeH2eOnlyMode: false
03-31 23:01:51.804 W/WifiNetworkFactory( 1951):  IsSaePkOnlyMode: false
03-31 23:01:51.804 W/WifiNetworkFactory( 1951): Security Parameters:
03-31 23:01:51.804 W/WifiNetworkFactory( 1951):  Type: 4
03-31 23:01:51.804 W/WifiNetworkFactory( 1951):  Enabled: true
03-31 23:01:51.804 W/WifiNetworkFactory( 1951):  KeyMgmt: SAE
03-31 23:01:51.804 W/WifiNetworkFactory( 1951):  Protocols: RSN
03-31 23:01:51.804 W/WifiNetworkFactory( 1951):  AuthAlgorithms:
03-31 23:01:51.804 W/WifiNetworkFactory( 1951):  PairwiseCiphers: CCMP GCMP_256 GCMP_128
03-31 23:01:51.804 W/WifiNetworkFactory( 1951):  GroupCiphers: CCMP GCMP_256 GCMP_128
03-31 23:01:51.804 W/WifiNetworkFactory( 1951):  GroupMgmtCiphers:
03-31 23:01:51.804 W/WifiNetworkFactory( 1951):  SuiteBCiphers:
03-31 23:01:51.804 W/WifiNetworkFactory( 1951):  RequirePmf: true
03-31 23:01:51.804 W/WifiNetworkFactory( 1951):  IsAddedByAutoUpgrade: true
03-31 23:01:51.804 W/WifiNetworkFactory( 1951):  IsSaeH2eOnlyMode: false
03-31 23:01:51.804 W/WifiNetworkFactory( 1951):  IsSaePkOnlyMode: false
03-31 23:01:51.804 W/WifiNetworkFactory( 1951): 
03-31 23:01:51.804 W/WifiNetworkFactory( 1951): Enterprise config:
03-31 23:01:51.804 W/WifiNetworkFactory( 1951):  ocsp: 0
03-31 23:01:51.804 W/WifiNetworkFactory( 1951): IP config:
03-31 23:01:51.804 W/WifiNetworkFactory( 1951): IP assignment: DHCP
03-31 23:01:51.804 W/WifiNetworkFactory( 1951): Proxy settings: NONE
03-31 23:01:51.804 W/WifiNetworkFactory( 1951):  cuid=1000 cname=android.uid.system:1000 luid=1000 lname=android.uid.system:1000 lcuid=1000 allowAutojoin=true noInternetAccessExpected=false mostRecentlyConnected=false 
03-31 23:01:51.804 W/WifiNetworkFactory( 1951): lastConnected: 03-31 19:50:13.529 
03-31 23:01:51.804 W/WifiNetworkFactory( 1951): 
03-31 23:01:51.804 W/WifiNetworkFactory( 1951): numRebootsSinceLastUse: 0
03-31 23:01:51.804 W/WifiNetworkFactory( 1951): recentFailure: Association Rejection code: 0, last update time: 0
03-31 23:01:51.804 W/WifiNetworkFactory( 1951): ShareThisAp: false
03-31 23:01:51.804 W/WifiNetworkFactory( 1951): :00:eb:d8:69:f3:b4. Ignoring...
03-31 23:01:51.804 D/WifiClientModeImpl[wlan0]( 1951): reported txKbps 18149 rxKbps 16608
03-31 23:01:51.805 D/WifiDataStall( 1951): tx tput in kbps: 10890
03-31 23:01:51.805 D/WifiDataStall( 1951): rx tput in kbps: 49500
03-31 23:01:51.805 V/WifiConfigManager( 1951): Updating scan detail cache freq=2462 BSSID=00:eb:d8:69:f3:b4 RSSI=-67 for "SFR_240F_EXT"WPA_PSK
03-31 23:01:51.805 D/WifiClientModeImpl[wlan0]( 1951):  L2ConnectedState screen=on 1 0
03-31 23:01:51.805 W/NsdServiceInfo(23771): Key lengths > 9 are discouraged: commonData
03-31 23:01:51.805 D/WifiClientModeImpl[wlan0]( 1951): setSuspendOptimizationsNative: 4 false -want true stack:setSuspendOptimizationsNative - access$1900 - processMessage - processMsg
03-31 23:01:51.809 D/NsdService( 1951): Register service
03-31 23:01:51.809 D/NsdService( 1951): mdnssd [start-service]
03-31 23:01:51.814 D/KeyguardWallpaperRenderer( 8610): onDrawFrame
03-31 23:01:51.817 D/QCNEJ/WlanStaInfoRelay( 2992): Received action: android.net.wifi.RSSI_CHANGED
03-31 23:01:51.820 I/WifiService( 1951): getWifiEnabledState uid=1000
03-31 23:01:51.821 D/wpa_supplicant( 1825): wpa_driver_nl80211_driver_cmd SETSUSPENDMODE 0 len = 0, 4096
03-31 23:01:51.822 D/MiuiFastConnectService(23870): onReceive: action = android.intent.action.SCREEN_ON
03-31 23:01:51.822 D/SupplicantStaIfaceHal( 1951): ISupplicantStaIface.setSuspendModeEnabled succeeded
03-31 23:01:51.822 D/WifiClientModeImpl[wlan0]( 1951):  ConnectableState screen=on 0 0
03-31 23:01:51.823 D/thread_hook( 8610): tid---: 8680
03-31 23:01:51.823 D/MiuiFastConnectService(23870): change scan mode: 0
03-31 23:01:51.836 D/MiuiFastConnectService(23870): stopBleScan: scanning: false
03-31 23:01:51.836 D/WM-NetworkStateTracker( 4379): Network capabilities changed: [ Transports: WIFI Capabilities: NOT_METERED&INTERNET&NOT_RESTRICTED&TRUSTED&NOT_VPN&VALIDATED&NOT_ROAMING&FOREGROUND&NOT_CONGESTED&NOT_SUSPENDED&NOT_VCN_MANAGED LinkUpBandwidth>=18149Kbps LinkDnBandwidth>=16608Kbps TransportInfo: <SSID: <unknown ssid>, BSSID: 02:00:00:00:00:00, MAC: 02:00:00:00:00:00, Security type: 2, Supplicant state: COMPLETED, HE Eight Max VHT Spatial Streams Supported AP: false, Eight Max VHT Spatial streams support: false, Wi-Fi standard: 4, RSSI: -67, Link speed: 57Mbps, Tx Link speed: 57Mbps, Max Supported Tx Link speed: 72Mbps, Rx Link speed: 57Mbps, Max Supported Rx Link speed: 72Mbps, Frequency: 2462MHz, Net ID: -1, Metered hint: false, score: 60, CarrierMerged: false, SubscriptionId: -1, IsPrimary: -1> SignalStrength: -67 UnderlyingNetworks: Null]
03-31 23:01:51.837 D/WM-NetworkStateTracker(18252): Network capabilities changed: [ Transports: WIFI Capabilities: NOT_METERED&INTERNET&NOT_RESTRICTED&TRUSTED&NOT_VPN&VALIDATED&NOT_ROAMING&FOREGROUND&NOT_CONGESTED&NOT_SUSPENDED&NOT_VCN_MANAGED LinkUpBandwidth>=18149Kbps LinkDnBandwidth>=16608Kbps TransportInfo: <SSID: <unknown ssid>, BSSID: 02:00:00:00:00:00, MAC: 02:00:00:00:00:00, Security type: 2, Supplicant state: COMPLETED, HE Eight Max VHT Spatial Streams Supported AP: false, Eight Max VHT Spatial streams support: false, Wi-Fi standard: 4, RSSI: -67, Link speed: 57Mbps, Tx Link speed: 57Mbps, Max Supported Tx Link speed: 72Mbps, Rx Link speed: 57Mbps, Max Supported Rx Link speed: 72Mbps, Frequency: 2462MHz, Net ID: -1, Metered hint: false, score: 60, CarrierMerged: false, SubscriptionId: -1, IsPrimary: -1> SignalStrength: -67 UnderlyingNetworks: Null]
03-31 23:01:51.838 D/KeyguardWallpaperRenderer( 8610): onDrawFrame
03-31 23:01:51.844 D/MiuiBT-PluginUpdatedReceiver(23870): PluginUpdatedReceiver receive action: android.intent.action.SCREEN_ON
03-31 23:01:51.844 I/MiuiBT-PluginUpdatedReceiver(23870): ACTION_SCREEN_ON current_time = 1743454911844 mLastDownloadTime = 1743187478892
03-31 23:01:51.852 D/miui.face.transplant( 4874): receive preview frame time=422
03-31 23:01:51.852 D/FaceAuth( 4874): image format is 3
03-31 23:01:51.852 D/FaceAuth( 4874): image width is 640
03-31 23:01:51.852 D/FaceAuth( 4874): image height is 480
03-31 23:01:51.852 D/FaceAuth( 4874): image stride is 640
03-31 23:01:51.853 D/MiuiScanManagerV2(23870): Screen On
03-31 23:01:51.854 D/thread_hook( 8610): tid---: 8680
03-31 23:01:51.860 D/MiuiScanManagerV2(23870): startThirdPartAppScan()
03-31 23:01:51.861 D/BluetoothAdapter(23870): isLeEnabled(): ON
03-31 23:01:51.861 D/BluetoothLeScanner(23870): could not find callback wrapper
03-31 23:01:51.861 D/MiuiScanManagerV2(23870): No need start scan
03-31 23:01:51.864 D/KeyguardWallpaperRenderer( 8610): onDrawFrame
03-31 23:01:51.866 I/RCNService(10840): updateRcnState to isNetworkAvailable: true, isRcnSettingsEnabled: true, isScreenOn: true
03-31 23:01:51.867 D/thread_hook( 8610): tid---: 8680
03-31 23:01:51.872 I/vendor.qti.bluetooth@1.0-ibs_handler( 1006): ProcessIbsCmd: Received IBS_WAKE_IND: 0xFD
03-31 23:01:51.872 I/vendor.qti.bluetooth@1.0-ibs_handler( 1006): ProcessIbsCmd: Writing IBS_WAKE_ACK
03-31 23:01:51.873 V/bt_stack(26556): [VERBOSE1:gatt_main.cc(1787)] gatt_get_ch_state: ch_state=4
03-31 23:01:51.873 I/bt_stack(26556): [INFO:gatt_main.cc(1620)] gatt_data_process op_code = 18, msg_len = 4
03-31 23:01:51.873 V/bt_stack(26556): [VERBOSE1:gatt_sr.cc(1030)] gatts_process_write_req handle: 4, len: 2
03-31 23:01:51.873 V/bt_stack(26556): [VERBOSE1:gatt_db.cc(514)] gatts_write_attr_perm_check: op_code=0x12 handle=0x0004 offset=0 len=2 sec_flag=0x34 key_size=16
03-31 23:01:51.873 V/bt_stack(26556): [VERBOSE1:gatt_db.cc(527)] gatts_write_attr_perm_check: p_attr->permission =0x0001 min_key_size==0x0000
03-31 23:01:51.873 E/bt_stack(26556): [ERROR:gatt_db.cc(561)] gatts_write_attr_perm_check: GATT_WRITE_NOT_PERMIT
03-31 23:01:51.880 D/CompatibilityInfo( 1951): mCompatibilityFlags - 0
03-31 23:01:51.880 D/CompatibilityInfo( 1951): applicationDensity - 440
03-31 23:01:51.880 D/CompatibilityInfo( 1951): applicationScale - 1.0
03-31 23:01:51.888 I/MiuiNetworkPolicy( 1951): updateUidState uid = 99717, uidState = 11
03-31 23:01:51.888 I/MiuiNetworkPolicy( 1951): updateUidState uid = 10280, uidState = 11
03-31 23:01:51.889 I/MiuiNetworkPolicy( 1951): updateUidState uid = 10164, uidState = 11
03-31 23:01:51.900 D/KeyguardWallpaperRenderer( 8610): onDrawFrame
03-31 23:01:51.902 D/thread_hook( 8610): tid---: 8680
03-31 23:01:51.902 I/CarrierServices( 4068): [58] fau.handleMessage:39 RcsEngineImpl[DUAL_REG]:[24b67f09-199d]>Handler: handleMessage processing message:[NOTIFY_UPTIME_IGNORE_STATE_CHANGED] with [non-null]:RcsEngineImpl reference
03-31 23:01:51.906 I/CarrierServices( 4068): [59] eqy.c:51 Connected state: [1], networkType: [WIFI]
03-31 23:01:51.914 D/KeyguardWallpaperRenderer( 8610): onDrawFrame
03-31 23:01:51.916 I/AudioFlinger( 1111): setGameParameters keyvalue: xlog.volume.music.speaker=40
03-31 23:01:51.916 D/thread_hook( 8610): tid---: 8680
03-31 23:01:51.917 D/audio_hw_primary( 1003): adev_set_parameters: enter: xlog.volume.music.speaker=40
03-31 23:01:51.917 D/audio_hw_hfp( 1003): hfp_set_parameters: enter
03-31 23:01:51.917 D/audio_hw_extn( 1003): audio_extn_fm_set_parameters: Enter
03-31 23:01:51.927 I/vendor.qti.bluetooth@1.0-ibs_handler( 1006): ProcessIbsCmd: Received IBS_SLEEP_IND: 0xFE
03-31 23:01:51.933 D/KeyguardWallpaperRenderer( 8610): onDrawFrame
03-31 23:01:51.939 I/MiuiNetworkPolicy( 1951): updateUidState uid = 99717, uidState = 17
03-31 23:01:51.939 I/MiuiNetworkPolicy( 1951): updateUidState uid = 10280, uidState = 16
03-31 23:01:51.939 I/MiuiNetworkPolicy( 1951): updateUidState uid = 10164, uidState = 17
03-31 23:01:51.941 D/thread_hook( 8610): tid---: 8680
03-31 23:01:51.946 I/DiscoveryManager(10840): Filter criteria(CFE7FEDA,%urn:x-cast:com.google.cast.media) scannerFlags(0)
03-31 23:01:51.949 D/KeyguardWallpaperRenderer( 8610): onDrawFrame
03-31 23:01:51.952 D/thread_hook( 8610): tid---: 8680
03-31 23:01:51.957 D/Process ( 1951): audio-opt: audio thread tid = 22317 could not get bg policy.
03-31 23:01:51.959 I/CastMediaRouteProvider(10840): Published 0 routes
03-31 23:01:51.972 I/CarrierServices( 4068): [58] ezm.f:78 ProvisioningEngineDataRetriever: Rcs is enabled from user settings: true
03-31 23:01:51.972 D/KeyguardWallpaperRenderer( 8610): onDrawFrame
03-31 23:01:51.975 D/thread_hook( 8610): tid---: 8680
03-31 23:01:51.981 D/KeyguardWallpaperRenderer( 8610): onDrawFrame
03-31 23:01:51.985 D/thread_hook( 8610): tid---: 8680
03-31 23:01:51.990 D/CompatibilityInfo( 1951): mCompatibilityFlags - 0
03-31 23:01:51.990 D/CompatibilityInfo( 1951): applicationDensity - 440
03-31 23:01:51.990 D/CompatibilityInfo( 1951): applicationScale - 1.0
03-31 23:01:51.999 D/KeyguardWallpaperRenderer( 8610): onDrawFrame
03-31 23:01:52.010 D/thread_hook( 8610): tid---: 8680
03-31 23:01:52.015 D/KeyguardWallpaperRenderer( 8610): onDrawFrame
03-31 23:01:52.017 D/thread_hook( 8610): tid---: 8680
03-31 23:01:52.020 I/WifiService( 1951): acquireMulticastLock uid=10167
03-31 23:01:52.023 D/WifiVendorHal( 1951): installPacketFilter filter length 291
03-31 23:01:52.023 D/IpClient.wlan0( 2977): set max DTIM multiplier to 1
03-31 23:01:52.029 D/WifiClientModeImpl[wlan0]( 1951):  ConnectableState screen=on len=291
03-31 23:01:52.030 D/NsdService( 1951): registerService: 1269 name: {"nm":"Redmi Note 10 Pro","as":"[8194]","ip":"124"}, type: _mi-connect._udp, host: null, port: 56666, txtRecord: idHash=OTgx
03-31 23:01:52.030 D/NsdService( 1951): dev=1sec=2apps=[8194]name=Redmi Note 10 Proflags=Ag==
03-31 23:01:52.030 D/NsdService( 1951): version=65543commonData=0appsData=AQIEgw==
03-31 23:01:52.030 D/NsdService( 1951): mdnssd [register, 1269, {"nm":"Redmi Note 10 Pro","as":"[8194]","ip":"124"}, _mi-connect._udp, 56666, DGlkSGFzaD1PVGd4CgVkZXY9MQVzZWM9MgthcHBzPVs4MTk0XRZuYW1lPVJlZG1pIE5vdGUgMTAgUHJvC2ZsYWdzPUFnPT0KDXZlcnNpb249NjU1NDMMY29tbW9uRGF0YT0wEmFwcHNEYXRhPUFRSUVndz09Cg==]
03-31 23:01:52.032 D/KeyguardWallpaperRenderer( 8610): onDrawFrame
03-31 23:01:52.034 D/NsdService( 1951): Register 18 1269
03-31 23:01:52.036 D/thread_hook( 8610): tid---: 8680
03-31 23:01:52.050 D/KeyguardWallpaperRenderer( 8610): onDrawFrame
03-31 23:01:52.052 D/thread_hook( 8610): tid---: 8680
03-31 23:01:52.065 D/KeyguardWallpaperRenderer( 8610): onDrawFrame
03-31 23:01:52.068 D/thread_hook( 8610): tid---: 8680
03-31 23:01:52.081 D/KeyguardWallpaperRenderer( 8610): onDrawFrame
03-31 23:01:52.087 D/thread_hook( 8610): tid---: 8680
03-31 23:01:52.087 I/DisplayFeatureHal( 1042): setPostprocessingMode feature_id:6, enable:1, cookie 0
03-31 23:01:52.099 D/KeyguardWallpaperRenderer( 8610): onDrawFrame
03-31 23:01:52.103 D/thread_hook( 8610): tid---: 8680
03-31 23:01:52.114 D/ImageGLWallpaper( 8610):  scissor: Rect(0, 0 - 1080, 2400) displayPoint: Point(1080, 2400) isScrollWithScreen: false
03-31 23:01:52.114 D/ImageGLWallpaper( 8610):  heightDiffRatio 0.0
03-31 23:01:52.114 D/ImageGLWallpaper( 8610):  widthDiffRatio 0.0
03-31 23:01:52.114 D/ImageGLWallpaper( 8610):  mCurrentTexCoordinate [0.0, 1.0, 1.0, 1.0, 1.0, 0.0, 1.0, 0.0, 0.0, 0.0, 0.0, 1.0]
03-31 23:01:52.115 D/KeyguardWallpaperRenderer( 8610): onDrawFrame
03-31 23:01:52.117 D/thread_hook( 8610): tid---: 8680
03-31 23:01:52.117 D/MiuiKeyguardPictorialWallpaper( 8610): 　scheduleFinishRendering
03-31 23:01:52.154 I/AudioFlinger( 1111): setGameParameters keyvalue: xlog.volume.music.speaker=40
03-31 23:01:52.154 D/audio_hw_primary( 1003): adev_set_parameters: enter: xlog.volume.music.speaker=40
03-31 23:01:52.154 D/audio_hw_hfp( 1003): hfp_set_parameters: enter
03-31 23:01:52.154 D/audio_hw_extn( 1003): audio_extn_fm_set_parameters: Enter
03-31 23:01:52.180 D/FaceAuthManager( 4874): compare return 201
03-31 23:01:52.180 D/miui.face.transplant( 4874): compare time =328; result：0
03-31 23:01:52.180 D/miui.face.FaceService( 4874): onFaceHelp help:0
03-31 23:01:52.180 D/FaceAuth( 4874): sdk version is 3.3.89.865-pro-4297a9a
03-31 23:01:52.180 D/FaceAuthManager( 4874): the sdk version is 3.3.89.865-pro-4297a9a
03-31 23:01:52.180 D/miui.face.FaceService( 4874): onAcquired  curMonitor:com.miui.face.util.ClientMonitor@7db5661 msgId:0
03-31 23:01:52.180 D/miui.face.FaceService( 4874): FaceAuthenHelper mReleaseIfAuthenticated Runnable run ... ...
03-31 23:01:52.180 D/miui.face.FaceService( 4874): release memory... ...
03-31 23:01:52.181 D/CameraDevice-JV-1( 4874): flush: E. id = 1
03-31 23:01:52.181 D/MiuiFaceManager( 3081): mServiceReceiver callback: 202
03-31 23:01:52.181 E/CamX    ( 1007): [ERROR][HAL    ] camxhaldevice.cpp:1378 DumpFrameworkRequests() +----------------------------------------------+
03-31 23:01:52.181 E/CamX    ( 1007): [ERROR][HAL    ] camxhaldevice.cpp:1400 DumpFrameworkRequests() +   Error for Framework Request: 8, Num Output Buffers: 0, Partial Request: 1, Notify Error Sent: FALSE, Notify Shutter: TRUE
03-31 23:01:52.181 E/CamX    ( 1007): [ERROR][HAL    ] camxhaldevice.cpp:1400 DumpFrameworkRequests() +   Error for Framework Request: 7, Num Output Buffers: 0, Partial Request: 1, Notify Error Sent: FALSE, Notify Shutter: TRUE
03-31 23:01:52.181 E/CamX    ( 1007): [ERROR][HAL    ] camxhaldevice.cpp:1400 DumpFrameworkRequests() +   Error for Framework Request: 6, Num Output Buffers: 0, Partial Request: 1, Notify Error Sent: FALSE, Notify Shutter: TRUE
03-31 23:01:52.181 E/CamX    ( 1007): [ERROR][HAL    ] camxhaldevice.cpp:1400 DumpFrameworkRequests() +   Error for Framework Request: 5, Num Output Buffers: 0, Partial Request: 1, Notify Error Sent: FALSE, Notify Shutter: TRUE
03-31 23:01:52.181 E/CamX    ( 1007): [ERROR][HAL    ] camxhaldevice.cpp:1400 DumpFrameworkRequests() +   Error for Framework Request: 4, Num Output Buffers: 0, Partial Request: 1, Notify Error Sent: FALSE, Notify Shutter: TRUE
03-31 23:01:52.181 E/CamX    ( 1007): [ERROR][HAL    ] camxhaldevice.cpp:1400 DumpFrameworkRequests() +   Error for Framework Request: 3, Num Output Buffers: 0, Partial Request: 1, Notify Error Sent: FALSE, Notify Shutter: TRUE
03-31 23:01:52.181 E/CamX    ( 1007): [ERROR][HAL    ] camxhaldevice.cpp:1400 DumpFrameworkRequests() +   Error for Framework Request: 2, Num Output Buffers: 0, Partial Request: 1, Notify Error Sent: FALSE, Notify Shutter: TRUE
03-31 23:01:52.181 E/CamX    ( 1007): [ERROR][HAL    ] camxhaldevice.cpp:1400 DumpFrameworkRequests() +   Error for Framework Request: 1, Num Output Buffers: 0, Partial Request: 1, Notify Error Sent: FALSE, Notify Shutter: TRUE
03-31 23:01:52.181 E/CamX    ( 1007): [ERROR][HAL    ] camxhaldevice.cpp:1400 DumpFrameworkRequests() +   Error for Framework Request: 0, Num Output Buffers: 0, Partial Request: 1, Notify Error Sent: FALSE, Notify Shutter: TRUE
03-31 23:01:52.181 D/MiuiFaceManager( 3081):  handleMessage  callback what:202
03-31 23:01:52.181 D/miui.face.FaceService( 4874): miui.face.timeline, onAuthenticate All Time:983 , id:123456
03-31 23:01:52.181 V/KeyguardUpdateMonitor( 3081): FaceManager onAuthenticationHelp: 0, define by client
03-31 23:01:52.182 D/MiuiFaceManager( 3081): mServiceReceiver callback: 203
03-31 23:01:52.182 D/FingerprintService( 1951): onTransact() code: 18
03-31 23:01:52.182 D/[FingerprintService]Fingerprint21( 1951): Daemon was null, reconnecting, current operation: null
03-31 23:01:52.183 E/ANDR-PERF-UTIL( 1034): Failed to read /proc/sys/kernel/sched_prefer_spread
03-31 23:01:52.183 E/ANDR-PERF-OPTSHANDLER( 1034): Failed to read /proc/sys/kernel/sched_prefer_spread
03-31 23:01:52.183 E/ANDR-PERF-RESOURCEQS( 1034): Failed to apply optimization [3, 42]
03-31 23:01:52.185 I/android_os_HwBinder( 1951): HwBinder: Starting thread pool for getting: android.hardware.biometrics.fingerprint@2.1::IBiometricsFingerprint/default
03-31 23:01:52.185 D/[FingerprintService]Fingerprint21( 1951): Fingerprint HAL ready, HAL ID: 0
03-31 23:01:52.185 E/[FingerprintService]Fingerprint21( 1951): Unable to set callback
03-31 23:01:52.187 D/MiuiFaceManager( 3081):  handleMessage  callback what:203
03-31 23:01:52.188 V/KeyguardUpdateMonitor( 3081): FaceManager onAuthenticationSucceeded: android.hardware.face.FaceManager$AuthenticationResult@16e6953
03-31 23:01:52.188 D/CameraDevice-JV-1( 4874): flush: X
03-31 23:01:52.188 D/CameraExtImplXiaoMi( 4874): releaseCameraDevice: 1
03-31 23:01:52.190 D/FingerprintService( 1951): onTransact() code: 24
03-31 23:01:52.191 D/FingerprintService( 1951): onTransact() code: 18
03-31 23:01:52.191 D/[FingerprintService]Fingerprint21( 1951): Daemon was null, reconnecting, current operation: null
03-31 23:01:52.193 I/android_os_HwBinder( 1951): HwBinder: Starting thread pool for getting: android.hardware.biometrics.fingerprint@2.1::IBiometricsFingerprint/default
03-31 23:01:52.194 D/[FingerprintService]Fingerprint21( 1951): Fingerprint HAL ready, HAL ID: 0
03-31 23:01:52.194 E/[FingerprintService]Fingerprint21( 1951): Unable to set callback
03-31 23:01:52.194 V/KeyguardUpdateMonitor( 3081): startListeningForFingerprint()
03-31 23:01:52.194 D/MiuiFaceManager( 3081): inernational:true supportR:[ALL] nowR:FR
03-31 23:01:52.194 D/MiuiFaceManager( 3081): inernational:true supportR:[ALL] nowR:FR
03-31 23:01:52.194 D/miui.face.FaceService( 4874): Done with client: com.android.systemui
03-31 23:01:52.194 D/miui_face( 3081): start face unlock fail,device can skip bouncer
03-31 23:01:52.194 V/KeyguardUpdateMonitor( 3081): stopListeningForFace() mFaceRunningState: 1, isFaceCancelSignalNull: true
03-31 23:01:52.194 D/KeyguardUpdateMonitor( 3081): faceRunningState: 0
03-31 23:01:52.194 D/BiometricUnlockCtrl( 3081): onBiometricRunningStateChanged running=false
03-31 23:01:52.194 D/MiuiFaceManager( 3081): inernational:true supportR:[ALL] nowR:FR
03-31 23:01:52.194 D/MiuiFaceManager( 3081): inernational:true supportR:[ALL] nowR:FR
03-31 23:01:52.195 D/KeyguardIndication( 3081):  switchIndication:In carica 28%
03-31 23:01:52.195 I/keystore2(  685): keystore2::authorization: on_lock_screen_event(LockScreenEvent(0), user_id=0, password.is_some()=false, unlocking_sids=Some([0]))
03-31 23:01:52.197 W/ContextImpl( 4874): Calling a method in the system process without a qualified user: android.app.ContextImpl.sendBroadcast:1183 android.hardware.CameraInjector.notifyCameraStateChange:479 android.hardware.CameraInjector.notifyCameraStateChange:462 android.hardware.camera2.impl.CameraDeviceImplInjector.releaseCamera:144 android.hardware.camera2.impl.CameraExtImplXiaoMi.releaseCameraDevice:64 
03-31 23:01:52.198 W/ActivityManager( 1951): Sending non-protected broadcast com.miui.powerkeeper.CAMERA_STATE from system 4874:com.miui.face/1000 pkg com.miui.face. Callers=
03-31 23:01:52.199 D/CameraDevice-JV-1( 4874): close: E. id = 1
03-31 23:01:52.200 I/DisplayFrameSetting( 6910): onReceive camera uid=1000 state=2 pkg=com.miui.face
03-31 23:01:52.200 D/ThermalIECHandler( 6910): storeDataStyle: thermal_iec_monitor_persistence_data_style_iec_state; startIECTime: -1; IECScreenOffOverPeriodTime: 794689881
03-31 23:01:52.200 I/DisplayFrameSetting( 6910): ignore for fg pkg=com.google.android.googlequicksearchbox src=com.miui.face
03-31 23:01:52.200 D/ThermalIECHandler( 6910): IECAll48Allowed: false; IECMonitorAllowed: false; IECTestState: false
03-31 23:01:52.200 D/ThermalIECHandler( 6910): storeDataStyle: thermal_iec_monitor_persistence_data_style_iec_state; startIECTime: -1; IECScreenOffOverPeriodTime: 794689881
03-31 23:01:52.208 E/CamX    ( 1007): [ERROR][HAL    ] camxhaldevice.cpp:1378 DumpFrameworkRequests() +----------------------------------------------+
03-31 23:01:52.208 E/CamX    ( 1007): [ERROR][HAL    ] camxhaldevice.cpp:1400 DumpFrameworkRequests() +   Error for Framework Request: 8, Num Output Buffers: 0, Partial Request: 1, Notify Error Sent: FALSE, Notify Shutter: TRUE
03-31 23:01:52.208 E/CamX    ( 1007): [ERROR][HAL    ] camxhaldevice.cpp:1400 DumpFrameworkRequests() +   Error for Framework Request: 7, Num Output Buffers: 0, Partial Request: 1, Notify Error Sent: FALSE, Notify Shutter: TRUE
03-31 23:01:52.208 E/CamX    ( 1007): [ERROR][HAL    ] camxhaldevice.cpp:1400 DumpFrameworkRequests() +   Error for Framework Request: 6, Num Output Buffers: 0, Partial Request: 1, Notify Error Sent: FALSE, Notify Shutter: TRUE
03-31 23:01:52.208 E/CamX    ( 1007): [ERROR][HAL    ] camxhaldevice.cpp:1400 DumpFrameworkRequests() +   Error for Framework Request: 5, Num Output Buffers: 0, Partial Request: 1, Notify Error Sent: FALSE, Notify Shutter: TRUE
03-31 23:01:52.208 E/CamX    ( 1007): [ERROR][HAL    ] camxhaldevice.cpp:1400 DumpFrameworkRequests() +   Error for Framework Request: 4, Num Output Buffers: 0, Partial Request: 1, Notify Error Sent: FALSE, Notify Shutter: TRUE
03-31 23:01:52.208 E/CamX    ( 1007): [ERROR][HAL    ] camxhaldevice.cpp:1400 DumpFrameworkRequests() +   Error for Framework Request: 3, Num Output Buffers: 0, Partial Request: 1, Notify Error Sent: FALSE, Notify Shutter: TRUE
03-31 23:01:52.208 E/CamX    ( 1007): [ERROR][HAL    ] camxhaldevice.cpp:1400 DumpFrameworkRequests() +   Error for Framework Request: 2, Num Output Buffers: 0, Partial Request: 1, Notify Error Sent: FALSE, Notify Shutter: TRUE
03-31 23:01:52.208 E/CamX    ( 1007): [ERROR][HAL    ] camxhaldevice.cpp:1400 DumpFrameworkRequests() +   Error for Framework Request: 1, Num Output Buffers: 0, Partial Request: 1, Notify Error Sent: FALSE, Notify Shutter: TRUE
03-31 23:01:52.208 E/CamX    ( 1007): [ERROR][HAL    ] camxhaldevice.cpp:1400 DumpFrameworkRequests() +   Error for Framework Request: 0, Num Output Buffers: 0, Partial Request: 1, Notify Error Sent: FALSE, Notify Shutter: TRUE
03-31 23:01:52.208 D/FingerprintService( 1951): onTransact() code: 28
03-31 23:01:52.210 D/BiometricUnlockCtrl( 3081): onBiometricAuthenticated userId=0;getCurrentUser=0;mMode=7;canSwitchUser=true
03-31 23:01:52.210 D/FingerprintService( 1951): onTransact() code: 24
03-31 23:01:52.211 V/BiometricUnlockCtrl( 3081): startWakeAndUnlock(7)
03-31 23:01:52.212 W/miui_keyguard( 3081): unlock keyguard by face
03-31 23:01:52.214 D/KeyguardUpdateMonitor( 3081): faceRunningState: 0
03-31 23:01:52.218 E/KeymasterUtils(  605): rsp_header->status: -26
03-31 23:01:52.219 W/keystore2(  685): keystore2::super_key: In try_unlock_user_with_biometric: attempt failed: In use_key_in_one_step: Failed to begin operation.
03-31 23:01:52.219 W/keystore2(  685): 
03-31 23:01:52.219 W/keystore2(  685): Caused by:
03-31 23:01:52.219 W/keystore2(  685):     0: In upgrade_keyblob_if_required_with: Closure failed
03-31 23:01:52.219 W/keystore2(  685):     1: Error::Km(ErrorCode(-26))
03-31 23:01:52.219 D/[FingerprintService]BiometricScheduler( 1951): [Added] {[898] FingerprintResetLockoutClient, proto=12, owner=android, cookie=0, userId=0}, new queue size: 1
03-31 23:01:52.220 D/[FingerprintService]BiometricScheduler( 1951): [Polled] {[898] FingerprintResetLockoutClient, proto=12, owner=android, cookie=0, userId=0}, State: 0
03-31 23:01:52.220 D/[FingerprintService]BiometricScheduler( 1951): [Starting] {[898] FingerprintResetLockoutClient, proto=12, owner=android, cookie=0, userId=0}, State: 0
03-31 23:01:52.220 D/[FingerprintService]BiometricScheduler( 1951): [Started] {[898] FingerprintResetLockoutClient, proto=12, owner=android, cookie=0, userId=0}
03-31 23:01:52.221 I/hwservicemanager(  595): Since vendor.xiaomi.hardware.fingerprintextension@1.0::IXiaomiFingerprint/default is not registered, trying to start it as a lazy HAL.
03-31 23:01:52.223 W/libc    (  595): Unable to set property "ctl.interface_start" to "vendor.xiaomi.hardware.fingerprintextension@1.0::IXiaomiFingerprint/default": error code: 0x20
03-31 23:01:52.223 I/hwservicemanager(  595): Tried to start vendor.xiaomi.hardware.fingerprintextension@1.0::IXiaomiFingerprint/default as a lazy service, but was unable to. Usually this happens when a service is not installed, but if the service is intended to be used as a lazy service, then it may be configured incorrectly.
03-31 23:01:52.226 E/PowerFingerPrintServiceStubImpl( 1951): extCmd failed, reset mExtDaemon. 
03-31 23:01:52.226 E/PowerFingerPrintServiceStubImpl( 1951): java.util.NoSuchElementException
03-31 23:01:52.226 E/PowerFingerPrintServiceStubImpl( 1951): 	at android.os.HwBinder.getService(Native Method)
03-31 23:01:52.226 E/PowerFingerPrintServiceStubImpl( 1951): 	at android.os.HwBinder.getService(HwBinder.java:81)
03-31 23:01:52.226 E/PowerFingerPrintServiceStubImpl( 1951): 	at com.android.server.biometrics.sensors.fingerprint.PowerFingerPrintServiceStubImpl.startExtCmd(PowerFingerPrintServiceStubImpl.java:184)
03-31 23:01:52.226 E/PowerFingerPrintServiceStubImpl( 1951): 	at com.android.server.biometrics.sensors.fingerprint.PowerFingerPrintServiceStubImpl.NotifyLockOutState(PowerFingerPrintServiceStubImpl.java:168)
03-31 23:01:52.226 E/PowerFingerPrintServiceStubImpl( 1951): 	at com.android.server.biometrics.sensors.fingerprint.hidl.LockoutFrameworkImpl.resetFailedAttemptsForUser(LockoutFrameworkImpl.java:116)
03-31 23:01:52.226 E/PowerFingerPrintServiceStubImpl( 1951): 	at com.android.server.biometrics.sensors.fingerprint.hidl.FingerprintResetLockoutClient.start(FingerprintResetLockoutClient.java:51)
03-31 23:01:52.226 E/PowerFingerPrintServiceStubImpl( 1951): 	at com.android.server.biometrics.sensors.BiometricScheduler.startNextOperationIfIdle(BiometricScheduler.java:469)
03-31 23:01:52.226 E/PowerFingerPrintServiceStubImpl( 1951): 	at com.android.server.biometrics.sensors.BiometricScheduler.scheduleClientMonitor(BiometricScheduler.java:588)
03-31 23:01:52.226 E/PowerFingerPrintServiceStubImpl( 1951): 	at com.android.server.biometrics.sensors.BiometricScheduler.scheduleClientMonitor(BiometricScheduler.java:549)
03-31 23:01:52.226 E/PowerFingerPrintServiceStubImpl( 1951): 	at com.android.server.biometrics.sensors.fingerprint.hidl.Fingerprint21.lambda$scheduleResetLockout$3$Fingerprint21(Fingerprint21.java:668)
03-31 23:01:52.226 E/PowerFingerPrintServiceStubImpl( 1951): 	at com.android.server.biometrics.sensors.fingerprint.hidl.Fingerprint21$$ExternalSyntheticLambda5.run(Unknown Source:6)
03-31 23:01:52.226 E/PowerFingerPrintServiceStubImpl( 1951): 	at android.os.Handler.handleCallback(Handler.java:938)
03-31 23:01:52.226 E/PowerFingerPrintServiceStubImpl( 1951): 	at android.os.Handler.dispatchMessage(Handler.java:99)
03-31 23:01:52.226 E/PowerFingerPrintServiceStubImpl( 1951): 	at android.os.Looper.loopOnce(Looper.java:210)
03-31 23:01:52.226 E/PowerFingerPrintServiceStubImpl( 1951): 	at android.os.Looper.loop(Looper.java:299)
03-31 23:01:52.226 E/PowerFingerPrintServiceStubImpl( 1951): 	at com.android.server.SystemServer.run(SystemServer.java:924)
03-31 23:01:52.226 E/PowerFingerPrintServiceStubImpl( 1951): 	at com.android.server.SystemServer.main(SystemServer.java:619)
03-31 23:01:52.226 E/PowerFingerPrintServiceStubImpl( 1951): 	at java.lang.reflect.Method.invoke(Native Method)
03-31 23:01:52.226 E/PowerFingerPrintServiceStubImpl( 1951): 	at com.android.internal.os.RuntimeInit$MethodAndArgsCaller.run(RuntimeInit.java:556)
03-31 23:01:52.226 E/PowerFingerPrintServiceStubImpl( 1951): 	at com.android.internal.os.ZygoteInit.main(ZygoteInit.java:1015)
03-31 23:01:52.227 I/PowerFingerPrintServiceStubImpl( 1951): startExtCmd cmd: 12 param: 0 result:-1
03-31 23:01:52.235 D/[FingerprintService]BiometricScheduler( 1951): [Finishing] {[898] FingerprintResetLockoutClient, proto=12, owner=android, cookie=0, userId=0}, success: true
03-31 23:01:52.237 D/[FingerprintService]BiometricScheduler( 1951): No operations, returning to idle
03-31 23:01:52.337 E/SELinux (  595): avc:  denied  { find } for interface=vendor.qti.mstatservice::IMStatService sid=u:r:vendor_mstatservice_app:s0:c216,c256,c512,c768 pid=6501 scontext=u:r:vendor_mstatservice_app:s0:c216,c256,c512,c768 tcontext=u:object_r:default_android_hwservice:s0 tclass=hwservice_manager permissive=0
