03-31 23:01:52.337 E/MStatsSystem( 6501): HIDL interface is not registered as a service yet.
03-31 23:01:52.338 D/MiuiFastConnectService(23870): handleMessage: MSG_START_BLE_SCAN
03-31 23:01:52.339 D/BluetoothAdapter(23870): isLeEnabled(): ON
03-31 23:01:52.339 I/NearbySharing(10840): Network state changed: NetworkState(isRestricted=false, isOnline=true, isCongested=false, isMetered=false, isWifiConnected=true)
03-31 23:01:52.341 D/BtGatt.GattService(26556): registerScanner() - UUID=ce5e9a26-34ea-46ef-a700-16cff3275859
03-31 23:01:52.342 V/bt_stack(26556): [VERBOSE1:bta_gattc_act.cc(210)] bta_gattc_register: state:2
03-31 23:01:52.342 I/bt_stack(26556): [INFO:gatt_api.cc(1232)] GATT_Register af0c5b81-6dcd-373c-8418-5868adf62a47
03-31 23:01:52.342 I/bt_stack(26556): [INFO:gatt_api.cc(1253)] allocated gatt_if=19
03-31 23:01:52.342 V/bt_stack(26556): [VERBOSE1:gatt_api.cc(1378)] GATT_StartIf gatt_if=19
03-31 23:01:52.342 V/bt_stack(26556): [VERBOSE1:gatt_utils.cc(289)] gatt_find_the_connected_bda start_idx=0
03-31 23:01:52.342 V/bt_stack(26556): [VERBOSE1:gatt_utils.cc(297)]  bda :e8:62:b6:d2:4f:aa
03-31 23:01:52.342 V/bt_stack(26556): [VERBOSE1:gatt_utils.cc(301)]  found=1 found_idx=0
03-31 23:01:52.342 V/bt_stack(26556): [VERBOSE1:gatt_utils.cc(289)] gatt_find_the_connected_bda start_idx=1
03-31 23:01:52.342 V/bt_stack(26556): [VERBOSE1:gatt_utils.cc(301)]  found=0 found_idx=10
03-31 23:01:52.342 V/bt_stack(26556): [VERBOSE1:bta_gattc_main.cc(361)] bta_gattc_hdl_event: Event:BTA_GATTC_INT_CONN_EVT
03-31 23:01:52.342 V/bt_stack(26556): [VERBOSE1:bta_gattc_main.cc(385)] Ignore unknown conn ID: 19
03-31 23:01:52.342 D/BtGatt.GattService(26556): onScannerRegistered() - UUID=ce5e9a26-34ea-46ef-a700-16cff3275859, scannerId=19, status=0
03-31 23:01:52.342 D/BluetoothLeScanner(23870): onScannerRegistered() - status=0 scannerId=19 mScannerId=0
03-31 23:01:52.345 D/BtGatt.GattService(26556): start scan with filters. callingPackage: com.xiaomi.bluetooth
03-31 23:01:52.346 E/BtGatt.GattService(26556):  [Landroid.content.pm.ServiceInfo;@cb056e8
03-31 23:01:52.346 D/BtGatt.GattService(26556): enforcePrivilegedPermissionIfNeeded([BluetoothLeScanFilter [mDeviceName=null, mDeviceAddress=null, mUuid=null, mUuidMask=null, mServiceSolicitationUuid=null, mServiceSolicitationUuidMask=null, mServiceDataUuid=null, mServiceData=null, mServiceDataMask=null, mManufacturerId=911, mManufacturerData=[], mManufacturerDataMask=null, mOrganizationId=-1, mTDSFlags=-1, mTDSFlagsMask=-1, mWifiNANHash=null], mGroupBasedFiltering=false, BluetoothLeScanFilter [mDeviceName=null, mDeviceAddress=null, mUuid=null, mUuidMask=null, mServiceSolicitationUuid=null, mServiceSolicitationUuidMask=null, mServiceDataUuid=null, mServiceData=null, mServiceDataMask=null, mManufacturerId=65535, mManufacturerData=[77], mManufacturerDataMask=null, mOrganizationId=-1, mTDSFlags=-1, mTDSFlagsMask=-1, mWifiNANHash=null], mGroupBasedFiltering=false, BluetoothLeScanFilter [mDeviceName=null, mDeviceAddress=null, mUuid=null, mUuidMask=null, mServiceSolicitationUuid=null, mServiceSolicitationUuidMask=null, mServiceDataUuid=0000fe95-0000-1000-8000-00805f9b34fb, mServiceData=[], mServiceDataMask=null, mManufacturerId=-1, mManufacturerData=null, mManufacturerDataMask=null, mOrganizationId=-1, mTDSFlags=-1, mTDSFlagsMask=-1, mWifiNANHash=null], mGroupBasedFiltering=false, BluetoothLeScanFilter [mDeviceName=null, mDeviceAddress=null, mUuid=null, mUuidMask=null, mServiceSolicitationUuid=null, mServiceSolicitationUuidMask=null, mServiceDataUuid=0000fdaa-0000-1000-8000-00805f9b34fb, mServiceData=[], mServiceDataMask=null, mManufacturerId=-1, mManufacturerData=null, mManufacturerDataMask=null, mOrganizationId=-1, mTDSFlags=-1, mTDSFlagsMask=-1, mWifiNANHash=null], mGroupBasedFiltering=false, BluetoothLeScanFilter [mDeviceName=null, mDeviceAddress=null, mUuid=null, mUuidMask=null, mServiceSolicitationUuid=null, mServiceSolicitationUuidMask=null, mServiceDataUuid=0000fdee-0000-1000-8000-00805f9b34fb, mServiceData=[1, 1, 1], mServiceDataMask=null, mManufacturerId=-1, mManufacturerData=null, mManufacturerDataMask=null, mOrganizationId=-1, mTDSFlags=-1, mTDSFlagsMask=-1, mWifiNANHash=null], mGroupBasedFiltering=false, BluetoothLeScanFilter [mDeviceName=null, mDeviceAddress=null, mUuid=null, mUuidMask=null, mServiceSolicitationUuid=null, mServiceSolicitationUuidMask=null, mServiceDataUuid=0000fd2d-0000-1000-8000-00805f9b34fb, mServiceData=[], mServiceDataMask=null, mManufacturerId=-1, mManufacturerData=null, mManufacturerDataMask=null, mOrganizationId=-1, mTDSFlags=-1, mTDSFlagsMask=-1, mWifiNANHash=null], mGroupBasedFiltering=false])
03-31 23:01:52.348 W/BluetoothUtils(26556): callingUid is Process.BLUETOOTH_UID
03-31 23:01:52.350 I/BtGatt.ScanManager(26556): msg.what = 0
03-31 23:01:52.350 D/BtGatt.ScanManager(26556): handling starting scan
03-31 23:01:52.350 D/BtGatt.ScanManager(26556): isAptXLowLatencyModeEnabled: false
03-31 23:01:52.351 I/vendor.qti.bluetooth@1.0-ibs_handler( 1006): ProcessIbsCmd: Received IBS_WAKE_IND: 0xFD
03-31 23:01:52.351 I/vendor.qti.bluetooth@1.0-ibs_handler( 1006): ProcessIbsCmd: Writing IBS_WAKE_ACK
03-31 23:01:52.352 D/BtGatt.GattService(26556): onScanFilterEnableDisabled() - clientIf=19, status=0, action=1
03-31 23:01:52.352 D/BtGatt.ScanManager(26556): callback done for scannerId - 19 status - 0
03-31 23:01:52.354 D/BtGatt.ScanManager(26556): configureScanFilters rssiThreshold: -60, 15
03-31 23:01:52.354 D/BtGatt.ScanManager(26556): Available Filter size: 10
03-31 23:01:52.354 D/BtGatt.GattService(26556): onScanFilterConfig() - clientIf=19, action = 0 status = 0, filterType=0, availableSpace=0
03-31 23:01:52.354 D/BtGatt.ScanManager(26556): callback done for scannerId - 19 status - 0
03-31 23:01:52.354 D/BtGatt.ScanManager(26556): configureFilterParamter 500 10000 1 0, deliveryMode=0
03-31 23:01:52.356 D/BtGatt.GattService(26556): onScanFilterParamsConfigured() - clientIf=19, status=0, action=0, availableSpace=12
03-31 23:01:52.356 D/BtGatt.ScanManager(26556): callback done for scannerId - 19 status - 0
03-31 23:01:52.356 D/BtGatt.GattService(26556): onScanFilterConfig() - clientIf=19, action = 0 status = 0, filterType=0, availableSpace=0
03-31 23:01:52.356 D/BtGatt.ScanManager(26556): callback done for scannerId - 19 status - 0
03-31 23:01:52.356 D/BtGatt.ScanManager(26556): configureFilterParamter 500 10000 1 0, deliveryMode=0
03-31 23:01:52.358 D/BtGatt.GattService(26556): onScanFilterParamsConfigured() - clientIf=19, status=0, action=0, availableSpace=11
03-31 23:01:52.358 D/BtGatt.ScanManager(26556): callback done for scannerId - 19 status - 0
03-31 23:01:52.358 D/BtGatt.GattService(26556): onScanFilterConfig() - clientIf=19, action = 0 status = 0, filterType=0, availableSpace=0
03-31 23:01:52.358 D/BtGatt.ScanManager(26556): callback done for scannerId - 19 status - 0
03-31 23:01:52.358 D/BtGatt.ScanManager(26556): configureFilterParamter 500 10000 1 0, deliveryMode=0
03-31 23:01:52.360 D/BtGatt.GattService(26556): onScanFilterParamsConfigured() - clientIf=19, status=0, action=0, availableSpace=10
03-31 23:01:52.360 D/BtGatt.ScanManager(26556): callback done for scannerId - 19 status - 0
03-31 23:01:52.360 D/BtGatt.GattService(26556): onScanFilterConfig() - clientIf=19, action = 0 status = 0, filterType=0, availableSpace=0
03-31 23:01:52.360 D/BtGatt.ScanManager(26556): callback done for scannerId - 19 status - 0
03-31 23:01:52.360 D/BtGatt.ScanManager(26556): configureFilterParamter 500 10000 1 0, deliveryMode=0
03-31 23:01:52.363 D/BtGatt.GattService(26556): onScanFilterParamsConfigured() - clientIf=19, status=0, action=0, availableSpace=9
03-31 23:01:52.363 D/BtGatt.ScanManager(26556): callback done for scannerId - 19 status - 0
03-31 23:01:52.364 D/BtGatt.GattService(26556): onScanFilterConfig() - clientIf=19, action = 0 status = 0, filterType=0, availableSpace=0
03-31 23:01:52.364 D/BtGatt.ScanManager(26556): callback done for scannerId - 19 status - 0
03-31 23:01:52.365 D/BtGatt.ScanManager(26556): configureFilterParamter 500 10000 1 0, deliveryMode=0
03-31 23:01:52.366 D/BtGatt.GattService(26556): onScanFilterParamsConfigured() - clientIf=19, status=0, action=0, availableSpace=8
03-31 23:01:52.366 D/BtGatt.ScanManager(26556): callback done for scannerId - 19 status - 0
03-31 23:01:52.367 D/BtGatt.GattService(26556): onScanFilterConfig() - clientIf=19, action = 0 status = 0, filterType=0, availableSpace=0
03-31 23:01:52.367 D/BtGatt.ScanManager(26556): callback done for scannerId - 19 status - 0
03-31 23:01:52.367 D/BtGatt.ScanManager(26556): configureFilterParamter 500 10000 1 0, deliveryMode=0
03-31 23:01:52.368 D/BtGatt.GattService(26556): onScanFilterParamsConfigured() - clientIf=19, status=0, action=0, availableSpace=7
03-31 23:01:52.368 D/BtGatt.ScanManager(26556): callback done for scannerId - 19 status - 0
03-31 23:01:52.368 D/BtGatt.ScanManager(26556): configureRegularScanParams() - queue=2
03-31 23:01:52.368 D/BtGatt.ScanManager(26556): configureRegularScanParams() - ScanSetting LE 1M Scan mode=1ScanSetting LE Coded Scan mode=0 mLastConfiguredScanSettingLE1M=1 mLastConfiguredScanSettingLECoded=-2147483648scanPhy=255
03-31 23:01:52.370 D/BtGatt.ScanManager(26556): configureRegularScanParams - scanInterval LE 1M = 730configureRegularScanParams - scanWindow LE 1M= 183configureRegularScanParams - scanInterval LE Coded= 1200configureRegularScanParams - scanWindow LE Coded= 80
03-31 23:01:52.370 D/BtGatt.GattService(26556): onScanParamSetupCompleted : 0
03-31 23:01:52.413 I/vendor.qti.bluetooth@1.0-ibs_handler( 1006): ProcessIbsCmd: Received IBS_SLEEP_IND: 0xFE
03-31 23:01:52.435 D/MIUIInput( 1951): [MotionEvent] publisher action=0x0, 380740116, channel '4d159a5 NotificationShade (server)'
03-31 23:01:52.447 D/PanelView( 3081): cancelFlingSpring
03-31 23:01:52.531 D/UpdateWallpaperCommand( 3081): action: updateKeyguardRatio
03-31 23:01:52.548 D/UpdateWallpaperCommand( 3081): action: updateKeyguardRatio
03-31 23:01:52.555 D/TrafficManageService-TrafficSimManager( 4483): getMonthDataUsageUsed: new_get = 4201955628
03-31 23:01:52.564 D/UpdateWallpaperCommand( 3081): action: updateKeyguardRatio
03-31 23:01:52.571 D/TrafficManageService-TrafficSimManager( 4483): getMonthDataUsageUsed: return last value
03-31 23:01:52.581 D/UpdateWallpaperCommand( 3081): action: updateKeyguardRatio
03-31 23:01:52.583 I/AudioFlinger( 1111): setGameParameters keyvalue: xlog.volume.music.speaker=40
03-31 23:01:52.584 D/audio_hw_primary( 1003): adev_set_parameters: enter: xlog.volume.music.speaker=40
03-31 23:01:52.584 D/audio_hw_hfp( 1003): hfp_set_parameters: enter
03-31 23:01:52.584 D/audio_hw_extn( 1003): audio_extn_fm_set_parameters: Enter
03-31 23:01:52.588 I/DisplayFeatureHal( 1042): setPostprocessingMode feature_id:6, enable:1, cookie 0
03-31 23:01:52.588 W/UriGrantsManagerService( 1951): For security reasons, the system cannot issue a Uri permission grant to content://com.miui.networkassistant.fileprovider/res/tmp.png [user 0]; use startActivityAsCaller() instead
03-31 23:01:52.598 D/UpdateWallpaperCommand( 3081): action: updateKeyguardRatio
03-31 23:01:52.615 D/UpdateWallpaperCommand( 3081): action: updateKeyguardRatio
03-31 23:01:52.631 D/UpdateWallpaperCommand( 3081): action: updateKeyguardRatio
03-31 23:01:52.648 D/UpdateWallpaperCommand( 3081): action: updateKeyguardRatio
03-31 23:01:52.664 D/UpdateWallpaperCommand( 3081): action: updateKeyguardRatio
03-31 23:01:52.681 D/UpdateWallpaperCommand( 3081): action: updateKeyguardRatio
03-31 23:01:52.698 D/UpdateWallpaperCommand( 3081): action: updateKeyguardRatio
03-31 23:01:52.702 D/MIUIInput( 1951): [MotionEvent] publisher action=0x1, 380740382, channel '4d159a5 NotificationShade (server)'
03-31 23:01:52.703 D/UpdateWallpaperCommand( 3081): action: updateKeyguardRatio
03-31 23:01:52.716 I/FalsingManager( 3081): {belief=0.8487932280471688 confidence=1.0}
03-31 23:01:52.790 W/MiuiFreeFormGesturePointerEventListener( 1951): setMiuiFreeFormTouchExcludeRegion mTouchExcludeRegion = SkRegion((0,0,1080,2400))
03-31 23:01:52.795 E/LockScreenMagazinePreView( 3081): getFullScreenLayout()  mRemoteFullScreenView:null
03-31 23:01:52.795 E/LockScreenMagazinePreView( 3081): getFullScreenLayout()  mRemoteFullScreenView:null
03-31 23:01:52.796 D/KeyguardViewMediator( 3081): keyguardDone
03-31 23:01:52.796 D/KeyguardViewMediator( 3081): tryKeyguardDone: pending - false, animRan - false animRunning - false
03-31 23:01:52.796 D/KeyguardViewMediator( 3081): tryKeyguardDone: starting pre-hide animation
03-31 23:01:52.796 E/KeyguardViewMediator( 3081): mHideAnimationFinishedRunnable#run: mHideAnimationRun - true
03-31 23:01:52.796 D/KeyguardViewMediator( 3081): tryKeyguardDone: pending - false, animRan - true animRunning - false
03-31 23:01:52.796 D/KeyguardViewMediator( 3081): handleKeyguardDone
03-31 23:01:52.796 D/KeyguardViewMediator( 3081): handleHide
03-31 23:01:52.796 I/KeyguardViewMediator( 3081): keyguardGoingAway
03-31 23:01:52.796 D/FingerprintService( 1951): onTransact() code: 24
03-31 23:01:52.797 D/MiuiFaceManager( 3081): inernational:true supportR:[ALL] nowR:FR
03-31 23:01:52.797 D/MiuiFaceManager( 3081): inernational:true supportR:[ALL] nowR:FR
03-31 23:01:52.798 W/MiuiFreeFormGesturePointerEventListener( 1951): setMiuiFreeFormTouchExcludeRegion mTouchExcludeRegion = SkRegion((0,0,1080,2400))
03-31 23:01:52.798 D/MiuiKeyguardWallpaperRemoteService( 8610): onKeyguardGoingAway goingAway = true  isFastUnlock  = false
03-31 23:01:52.798 D/MiuiFaceManager( 3081): inernational:true supportR:[ALL] nowR:FR
03-31 23:01:52.798 D/MiuiFaceManager( 3081): inernational:true supportR:[ALL] nowR:FR
03-31 23:01:52.799 I/KeyguardViewMediator( 3081): call fw keyguardGoingAway: flags = 8
03-31 23:01:52.801 D/StatusBar( 3081): disable<e i a s B H R c s > disable2<q i n >
03-31 23:01:52.801 D/MiuiFaceManager( 3081): inernational:true supportR:[ALL] nowR:FR
03-31 23:01:52.801 D/MiuiFaceManager( 3081): inernational:true supportR:[ALL] nowR:FR
03-31 23:01:52.801 D/KeyguardIndication( 3081):  switchIndication:In carica 28%
03-31 23:01:52.801 D/FingerprintService( 1951): onTransact() code: 24
03-31 23:01:52.801 D/CollapsedStatusBarFragment( 3081): adjustDisableFlags: mStatusBarView.getState() = 0 mHideIconsForBouncer = false mWereIconsJustHidden = false, mWakeUpCoordinator.getNotificationsFullyHidden = false, mIsExpanded = false, mBypassController.getBypassEnabled = false, mStatusBarStateController.getState() = 1, mKeyguardStateController.isKeyguardGoingAway() = true, mHeadsUpManager.hasPinnedHeadsUp = false, mIsLaunchAnimationRunning = false, mHideIconsDuringLaunchAnimation = true, isFullWidth()true, mShowIconsWhenExpanded = false, mControlPanelExpand = false
03-31 23:01:52.802 D/QS      ( 3081): setListening false
03-31 23:01:52.802 I/keystore2(  685): keystore2::authorization: on_lock_screen_event(LockScreenEvent(1), user_id=0, password.is_some()=false, unlocking_sids=Some([0]))
03-31 23:01:52.802 D/BrightnessController( 3081): BrightnessObserver: stopObserving.
03-31 23:01:52.802 I/keystore2(  685): keystore2::super_key: Locking screen bound for user 0 sids [0]
03-31 23:01:52.803 D/ActivityTaskManager( 1951): Top Process State changed to PROCESS_STATE_TOP
03-31 23:01:52.807 D/PeriodicCleaner( 1951): com.google.android.googlequicksearchbox/com.google.android.apps.search.assistant.surfaces.voice.ui.host.activity.defaultactivity.FragmentHostDefaultActivity isn't fullscreen, skip.
03-31 23:01:52.811 D/CompatibilityChangeReporter( 1951): Compat change id reported: 181136395; UID 10166; state: DISABLED
03-31 23:01:52.811 D/CompatibilityChangeReporter( 1951): Compat change id reported: 174042936; UID 10166; state: DISABLED
03-31 23:01:52.818 D/CompatibilityChangeReporter( 1951): Compat change id reported: 168419799; UID 10166; state: DISABLED
03-31 23:01:52.818 D/CompatibilityInfo( 1951): mCompatibilityFlags - 0
03-31 23:01:52.818 D/CompatibilityInfo( 1951): applicationDensity - 440
03-31 23:01:52.818 D/CompatibilityInfo( 1951): applicationScale - 1.0
03-31 23:01:52.820 D/ActivityRecordImpl( 1951): Task bounds and snapshot don't match. task width=1080, height=2400: snapshot w=648, h=1440, name = ActivityRecord{320de21 u0 com.google.android.googlequicksearchbox/com.google.android.apps.search.assistant.surfaces.voice.ui.host.activity.defaultactivity.FragmentHostDefaultActivity t2230}
03-31 23:01:52.820 D/CompatibilityInfo( 1951): mCompatibilityFlags - 0
03-31 23:01:52.821 D/CompatibilityInfo( 1951): applicationDensity - 440
03-31 23:01:52.821 D/CompatibilityInfo( 1951): applicationScale - 1.0
03-31 23:01:52.822 I/MiuiNetworkPolicy( 1951): updateUidState uid = 10166, uidState = 2
03-31 23:01:52.825 W/MiuiFreeFormGesturePointerEventListener( 1951): setMiuiFreeFormTouchExcludeRegion mTouchExcludeRegion = SkRegion((0,0,1080,2400))
03-31 23:01:52.829 D/AppScoutStateMachine( 4379): 4379-ScoutStateMachinecreated
03-31 23:01:52.832 W/MiuiFreeFormGesturePointerEventListener( 1951): setMiuiFreeFormTouchExcludeRegion mTouchExcludeRegion = SkRegion((0,0,1080,2400))
03-31 23:01:52.835 I/ckim    ( 4379): (REDACTED) onApplyWindowInsets: systemWindowInsets=%s
03-31 23:01:52.835 I/ckim    ( 4379): (REDACTED) onApplyWindowInsets: systemWindowInsets=%s
03-31 23:01:52.837 D/FingerprintService( 1951): onTransact() code: 24
03-31 23:01:52.842 D/PMonitor( 4830):  onForegroundActivitiesChanged:pid = 3109,activity-uid=10085,foregroundActivities=true
03-31 23:01:52.848 W/MiuiFreeFormGesturePointerEventListener( 1951): setMiuiFreeFormTouchExcludeRegion mTouchExcludeRegion = SkRegion((0,0,1080,2400))
03-31 23:01:52.848 I/eouz    ( 4379): onMoveToForeground
03-31 23:01:52.850 I/bzrz    ( 4379): (REDACTED) [%s] #onStart
03-31 23:01:52.852 I/eotr    ( 4379): (REDACTED) %s TNG App is logging Clearcut event named %s with the %s account state and %s source
03-31 23:01:52.852 I/byie    ( 4379): onStart
03-31 23:01:52.852 I/byia    ( 4379): (REDACTED) register %s
03-31 23:01:52.853 I/bzuk    ( 4379): (REDACTED) [%s] onStart: transition is not null. Analyze it
03-31 23:01:52.853 I/OpenGLRenderer( 4379): Davey! duration=391315ms; Flags=1, FrameTimelineVsyncId=16678135, IntendedVsync=380349204551351, Vsync=380349204551351, InputEventId=1983706463, HandleInputStart=380349205750163, AnimationStart=380349205754746, PerformTraversalsStart=380349205756309, DrawStart=380349275034590, FrameDeadline=380349237884683, FrameInterval=380349205714694, FrameStartTime=16666666, SyncQueued=380349281482767, SyncStart=380349288385579, IssueDrawCommandsStart=380349289300163, SwapBuffers=380349301059954, FrameCompleted=380740527156732, DequeueBufferDuration=45052, QueueBufferDuration=1265313, GpuCompleted=380740527156732, SwapBuffersCompleted=380349303788027, DisplayPresentTime=0, 
03-31 23:01:52.854 W/MiuiFreeFormGesturePointerEventListener( 1951): setMiuiFreeFormTouchExcludeRegion mTouchExcludeRegion = SkRegion((0,0,1080,2400))
03-31 23:01:52.856 W/MiuiFreeFormGesturePointerEventListener( 1951): setMiuiFreeFormTouchExcludeRegion mTouchExcludeRegion = SkRegion((0,0,1080,93)(503,93,577,126))
03-31 23:01:52.860 I/BtGatt.ScanManager(26556): msg.what = 6
03-31 23:01:52.861 I/MiuiNetworkPolicy( 1951): updateUidState uid = 99718, uidState = 3
03-31 23:01:52.861 I/MiuiNetworkPolicy( 1951): updateUidState uid = 10167, uidState = 3
03-31 23:01:52.861 I/MiuiNetworkPolicy( 1951): updateUidState uid = 10094, uidState = 3
03-31 23:01:52.861 I/MiuiNetworkPolicy( 1951): updateUidState uid = 10085, uidState = 2
03-31 23:01:52.862 D/NsdService( 1951): Native daemon message SERVICE_REGISTERED: 606 1269 "{\"nm\":\"Redmi Note 10 Pro\",\"as\":\"[8194]\",\"ip\":\"124\"}"
03-31 23:01:52.867 D/RecentsContainer( 3109): onApplyWindowInsets, insets=WindowInsets{
03-31 23:01:52.867 D/RecentsContainer( 3109):     statusBars=Insets{left=0, top=93, right=0, bottom=0} max=Insets{left=0, top=93, right=0, bottom=0} vis=true
03-31 23:01:52.867 D/RecentsContainer( 3109):     navigationBars=Insets{left=0, top=0, right=0, bottom=0} max=Insets{left=0, top=0, right=0, bottom=130} vis=false
03-31 23:01:52.867 D/RecentsContainer( 3109):     captionBar=Insets{left=0, top=0, right=0, bottom=0} max=null vis=false
03-31 23:01:52.867 D/RecentsContainer( 3109):     ime=Insets{left=0, top=0, right=0, bottom=0} max=null vis=false
03-31 23:01:52.867 D/RecentsContainer( 3109):     systemGestures=Insets{left=0, top=126, right=0, bottom=130} max=Insets{left=0, top=126, right=0, bottom=130} vis=true
03-31 23:01:52.867 D/RecentsContainer( 3109):     mandatorySystemGestures=Insets{left=0, top=126, right=0, bottom=130} max=Insets{left=0, top=126, right=0, bottom=130} vis=true
03-31 23:01:52.867 D/RecentsContainer( 3109):     tappableElement=Insets{left=0, top=93, right=0, bottom=130} max=Insets{left=0, top=93, right=0, bottom=130} vis=true
03-31 23:01:52.867 D/RecentsContainer( 3109):     displayCutout=Insets{left=0, top=93, right=0, bottom=0} max=Insets{left=0, top=93, right=0, bottom=0} vis=true
03-31 23:01:52.867 D/RecentsContainer( 3109):     windowDecor=null max=null vis=false
03-31 23:01:52.867 D/RecentsContainer( 3109):     cutout=DisplayCutout{insets=Rect(0, 93 - 0, 0) waterfall=Insets{left=0, top=0, right=0, bottom=0} boundingRect={Bounds=[Rect(0, 0 - 0, 0), Rect(503, 0 - 577, 93), Rect(0, 0 - 0, 0), Rect(0, 0 - 0, 0)]} cutoutPathParserInfo={CutoutPathParserInfo{displayWidth=1080 displayHeight=2400 density={2.75} cutoutSpec={M 0,0 H -37 V 93 H 37 V 0 H 0 Z} rotation={0} scale={1.0}}}}
03-31 23:01:52.867 D/RecentsContainer( 3109):     roundedCorners=RoundedCorners{[RoundedCorner{position=TopLeft, radius=102, center=Point(102, 102)}, RoundedCorner{position=TopRight, radius=102, center=Point(978, 102)}, RoundedCorner{position=BottomRight, radius=102, center=Point(978, 2298)}, RoundedCorner{position=BottomLeft, radius=102, center=Point(102, 2298)}]}
03-31 23:01:52.867 D/RecentsContainer( 3109):     privacyIndicatorBounds=PrivacyIndicatorBounds {static bounds=Rect(34, 0 - 70, 93) rotation=0}
03-31 23:01:52.867 D/RecentsContainer( 3109):     }, rotation=0
03-31 23:01:52.871 D/Launcher.Lifecycle( 3109): onStart:UserHandle{0},8445c27,false
03-31 23:01:52.874 D/NotifBadge( 3081): recevie broadbcast ACTION_APPLICATION_MESSAGE_QUERY, requestFirstTime=false
03-31 23:01:52.878 I/bzrz    ( 4379): (REDACTED) [%s] FragmentHost resumed
03-31 23:01:52.879 W/ContextImpl(23771): Calling a method in the system process without a qualified user: android.app.ContextImpl.bindService:1906 android.content.ContextWrapper.bindService:822 b.h.q.h1.r.a.p:6 com.xiaomi.mi_connect_service.bt.BtGovernor.o:6 com.xiaomi.mi_connect_service.MiConnectService$e.run:4 
03-31 23:01:52.884 V/MiuiActivityTaskManagerServiceEx( 1951): dispatchActivityLifeState state = onResume
03-31 23:01:52.884 V/MiuiActivityTaskManagerServiceEx( 1951): dispatchActivityLifeState r = ActivityRecord{320de21 u0 com.google.android.googlequicksearchbox/com.google.android.apps.search.assistant.surfaces.voice.ui.host.activity.defaultactivity.FragmentHostDefaultActivity t2230}
03-31 23:01:52.886 E/IDM-BleBackGround(23771): MiConnect bind MiNearby background enter
03-31 23:01:52.887 E/IDM-BleBackGround(23771): MiConnect bind MiNearby background success
03-31 23:01:52.888 D/MiuiNearbyService(23870): setAppConfig
03-31 23:01:52.890 D/MiuiNearbyService(23870): setAppConfig : android.uid.system:1000 com.xiaomi.mi_connect_service android.bluetooth.action.BACKGROUND_SCANNING
03-31 23:01:52.892 V/MiuiAppCertUtil(23870): checkPermission call from uid/pid 1000/23771
03-31 23:01:52.892 E/IDM-BleBackGround(23771): MiConnect bind MiNearby: 0
03-31 23:01:52.893 W/MiuiFreeFormGesturePointerEventListener( 1951): setMiuiFreeFormTouchExcludeRegion mTouchExcludeRegion = SkRegion((0,0,1080,93)(503,93,577,126))
03-31 23:01:52.897 D/skia    (23771): --- Failed to create image decoder with message 'unimplemented'
03-31 23:01:52.900 I/bykt    ( 4379): (REDACTED) Center View [%s]. LeftFinalInset: %s, RightFinalInset: %s
03-31 23:01:52.905 D/MediaProjectionManagerServiceStubImpl( 1951): handleForegroundServicesChanged
03-31 23:01:52.905 D/PMonitor( 4830):  onProcessDied:pid = 23771,died-uid=1000
03-31 23:01:52.911 D/MediaProjectionManagerServiceStubImpl( 1951): handleForegroundServicesChanged
03-31 23:01:52.912 D/PMonitor( 4830):  onProcessDied:pid = 23771,died-uid=1000
03-31 23:01:52.937 W/MiuiFreeFormGesturePointerEventListener( 1951): setMiuiFreeFormTouchExcludeRegion mTouchExcludeRegion = SkRegion((0,0,1080,93)(503,93,577,126))
03-31 23:01:52.948 I/CastMediaRouteProvider(10840): Published 1 routes
03-31 23:01:52.954 W/MiuiFreeFormGesturePointerEventListener( 1951): setMiuiFreeFormTouchExcludeRegion mTouchExcludeRegion = SkRegion((0,0,1080,93)(503,93,577,126))
03-31 23:01:52.963 W/MiuiFreeFormGesturePointerEventListener( 1951): setMiuiFreeFormTouchExcludeRegion mTouchExcludeRegion = SkRegion((0,0,1080,93)(503,93,577,126))
03-31 23:01:52.965 W/MiuiFreeFormGesturePointerEventListener( 1951): setMiuiFreeFormTouchExcludeRegion mTouchExcludeRegion = SkRegion((0,0,1080,93)(503,93,577,126))
03-31 23:01:52.966 I/ckoo    ( 4379): onStart
03-31 23:01:52.969 I/ciyk    ( 4379): (REDACTED) [%s] onStart()
03-31 23:01:52.969 I/cjaj    ( 4379): Reloading theme data
03-31 23:01:52.971 W/MiuiFreeFormGesturePointerEventListener( 1951): setMiuiFreeFormTouchExcludeRegion mTouchExcludeRegion = SkRegion((0,0,1080,93)(503,93,577,126))
03-31 23:01:52.971 I/OpenGLRenderer( 4379): Davey! duration=9222991296326ms; Flags=1, FrameTimelineVsyncId=16697017, IntendedVsync=380740528470019, Vsync=380740561803351, InputEventId=0, HandleInputStart=380740565843920, AnimationStart=380740565846680, PerformTraversalsStart=380740565848138, DrawStart=380740582798347, FrameDeadline=380740561803351, FrameInterval=380740565812618, FrameStartTime=16666666, SyncQueued=380740592442409, SyncStart=380740592574128, IssueDrawCommandsStart=380740593195430, SwapBuffers=380740631718503, FrameCompleted=9223372036854775807, DequeueBufferDuration=18802, QueueBufferDuration=1489011, GpuCompleted=9223372036854775807, SwapBuffersCompleted=380740633997618, DisplayPresentTime=380538503369778, 
03-31 23:01:52.973 I/CastSocketMultiplexer(10840): Stopping multiplexer...
03-31 23:01:52.994 I/erhz    ( 4379): (REDACTED) Calling Silk method: %s.%s
03-31 23:01:53.008 I/MiuiNetworkPolicy( 1951): updateUidState uid = 99714, uidState = 3
03-31 23:01:53.013 D/CompatibilityInfo( 1951): mCompatibilityFlags - 0
03-31 23:01:53.014 D/CompatibilityInfo( 1951): applicationDensity - 440
03-31 23:01:53.014 D/CompatibilityInfo( 1951): applicationScale - 1.0
03-31 23:01:53.020 D/BoundBrokerSvc( 9441): onBind: Intent { act=com.google.android.gms.inappreach.service.START dat=chimera-action: cmp=com.google.android.gms/.chimera.GmsApiService }
03-31 23:01:53.020 D/BoundBrokerSvc( 9441): Loading bound service for intent: Intent { act=com.google.android.gms.inappreach.service.START dat=chimera-action: cmp=com.google.android.gms/.chimera.GmsApiService }
03-31 23:01:53.041 V/ClearcutMetricXmitter( 4379): Transmission is done.
03-31 23:01:53.064 D/RecentsImpl( 3109): mActivityStateObserver com.google.android.apps.search.assistant.surfaces.voice.ui.host.activity.defaultactivity.FragmentHostDefaultActivity
03-31 23:01:53.065 W/RecentsImpl( 3109): onResumed className=com.google.android.apps.search.assistant.surfaces.voice.ui.host.activity.defaultactivity.FragmentHostDefaultActivity   mIsInAnotherPro=false   isKeyguardLocked=true
03-31 23:01:53.073 D/KeyguardService( 3081): startKeyguardExitAnimation startTime=380740754;fadeoutDuration=300
03-31 23:01:53.073 D/KeyguardViewMediator( 3081): handleStartKeyguardExitAnimation startTime=380740754 fadeoutDuration=300
03-31 23:01:53.074 D/StatusBar( 3081): disable<e i a s B H R c s > disable2<q i n >
03-31 23:01:53.074 D/FingerprintService( 1951): onTransact() code: 24
03-31 23:01:53.075 D/CollapsedStatusBarFragment( 3081): adjustDisableFlags: mStatusBarView.getState() = 0 mHideIconsForBouncer = false mWereIconsJustHidden = false, mWakeUpCoordinator.getNotificationsFullyHidden = false, mIsExpanded = false, mBypassController.getBypassEnabled = false, mStatusBarStateController.getState() = 1, mKeyguardStateController.isKeyguardGoingAway() = true, mHeadsUpManager.hasPinnedHeadsUp = false, mIsLaunchAnimationRunning = false, mHideIconsDuringLaunchAnimation = true, isFullWidth()true, mShowIconsWhenExpanded = false, mControlPanelExpand = false
03-31 23:01:53.075 D/KeyguardViewMediator( 3081): adjustStatusBarLocked: mShowing=true mOccluded=false isSecure=true force=false --> flags=0x1600000
03-31 23:01:53.076 D/StatusBar( 3081): updateQsExpansionEnabled - QS Expand enabled: true
03-31 23:01:53.078 W/MiuiFreeFormGesturePointerEventListener( 1951): setMiuiFreeFormTouchExcludeRegion mTouchExcludeRegion = SkRegion((0,0,1080,93)(503,93,577,126))
03-31 23:01:53.079 D/PanelView( 3081): setKeyguardBottomAreaVisibility statusBarState=0 goingToFullShade=false
03-31 23:01:53.080 D/MiuiFaceManager( 3081): inernational:true supportR:[ALL] nowR:FR
03-31 23:01:53.080 D/MiuiFaceManager( 3081): inernational:true supportR:[ALL] nowR:FR
03-31 23:01:53.080 D/MiuiFaceManager( 3081): inernational:true supportR:[ALL] nowR:FR
03-31 23:01:53.082 D/MiuiFaceManager( 3081): inernational:true supportR:[ALL] nowR:FR
03-31 23:01:53.083 D/NotificationFilterController( 3081): filter group summary suppressed key=0|com.google.android.gm|0|gig:1325098575:^sq_ig_i_personal|10183
03-31 23:01:53.083 D/NotificationFilterController( 3081): filter group summary suppressed key=0|com.google.android.googlequicksearchbox|0|-2070644498::SUMMARY::wx|10166
03-31 23:01:53.083 D/NotificationFilterController( 3081): filter group summary suppressed key=0|com.duolingo|-1|streak_saver|10255
03-31 23:01:53.083 D/NotificationFilterController( 3081): filter group summary suppressed key=0|com.google.android.apps.photos|0|-2070644498::SUMMARY::48afb7d8ec93a2ce63e5e3c8126bfab4|10245
03-31 23:01:53.083 D/NotificationFilterController( 3081): filter group summary suppressed key=0|com.google.android.apps.messaging|7|incoming_message_group_key|10185
03-31 23:01:53.083 D/NotificationFilterController( 3081): filter group summary suppressed key=0|com.duolingo|-1|friends_quest_reward_reminder|10255
03-31 23:01:53.083 D/NotificationFilterController( 3081): filter group summary suppressed key=0|com.duolingo|-1|practice|10255
03-31 23:01:53.084 I/WifiService( 1951): getWifiEnabledState uid=10167
03-31 23:01:53.084 W/MiuiFreeFormGesturePointerEventListener( 1951): setMiuiFreeFormTouchExcludeRegion mTouchExcludeRegion = SkRegion((0,0,1080,93)(503,93,577,126))
03-31 23:01:53.088 I/DisplayFeatureHal( 1042): setPostprocessingMode feature_id:6, enable:1, cookie 0
03-31 23:01:53.090 W/MiuiFreeFormGesturePointerEventListener( 1951): setMiuiFreeFormTouchExcludeRegion mTouchExcludeRegion = SkRegion((0,0,1080,93)(503,93,577,126))
03-31 23:01:53.091 D/StatusBar( 3081): disable<e i a s B H R c s > disable2<q i n >
03-31 23:01:53.091 D/FingerprintService( 1951): onTransact() code: 24
03-31 23:01:53.091 D/CollapsedStatusBarFragment( 3081): adjustDisableFlags: mStatusBarView.getState() = 0 mHideIconsForBouncer = false mWereIconsJustHidden = false, mWakeUpCoordinator.getNotificationsFullyHidden = false, mIsExpanded = false, mBypassController.getBypassEnabled = false, mStatusBarStateController.getState() = 0, mKeyguardStateController.isKeyguardGoingAway() = true, mHeadsUpManager.hasPinnedHeadsUp = false, mIsLaunchAnimationRunning = false, mHideIconsDuringLaunchAnimation = true, isFullWidth()true, mShowIconsWhenExpanded = true, mControlPanelExpand = false
03-31 23:01:53.092 D/StatusBar( 3081): updateQsExpansionEnabled - QS Expand enabled: true
03-31 23:01:53.094 D/KeyguardUpdateMonitor( 3081): onKeyguardVisibilityChanged(false)
03-31 23:01:53.094 D/MiuiFaceManager( 3081): inernational:true supportR:[ALL] nowR:FR
03-31 23:01:53.094 D/MiuiFaceManager( 3081): inernational:true supportR:[ALL] nowR:FR
03-31 23:01:53.094 D/OneHandedController( 3081): stopOneHanded state isTransitioning or STATE_NONE
03-31 23:01:53.095 D/FingerprintService( 1951): onTransact() code: 24
03-31 23:01:53.095 D/MiuiFaceManager( 3081): inernational:true supportR:[ALL] nowR:FR
03-31 23:01:53.095 D/MiuiFaceManager( 3081): inernational:true supportR:[ALL] nowR:FR
03-31 23:01:53.098 I/KeyguardViewMediator( 3081): keyguardGone
03-31 23:01:53.098 I/bykt    ( 4379): (REDACTED) Center View [%s]. LeftFinalInset: %s, RightFinalInset: %s
03-31 23:01:53.101 W/MiuiFreeFormGesturePointerEventListener( 1951): setMiuiFreeFormTouchExcludeRegion mTouchExcludeRegion = SkRegion((0,0,1080,93)(503,93,577,126)(0,2270,1080,2400))
03-31 23:01:53.102 D/LockScreenMagazineClient( 3081): hideOverlay animate=true;mOverlay=null
03-31 23:01:53.102 I/KeyguardSensorInjector( 3081): unregister pickup sensor
03-31 23:01:53.102 D/KeyguardViewMediator( 3081): adjustStatusBarLocked: mShowing=false mOccluded=false isSecure=true force=false --> flags=0x0
03-31 23:01:53.103 I/KeyguardSensorInjector( 3081): unregister large area touch sensor
03-31 23:01:53.104 I/TouchSensor( 1020): TouchSensor sensors_activate handle0, g_touchsensor_enable 1, en 0
03-31 23:01:53.104 I/TouchSensor( 1020): TouchSensor disable touchsensor g_touchsensorfd=38
03-31 23:01:53.105 I/erdv    ( 4379): (REDACTED) Consent, app, device permission values: %s
03-31 23:01:53.106 I/erdv    ( 4379): (REDACTED) Aggregated permission value: %s
03-31 23:01:53.107 W/BpBinder( 1592): Slow Binder: BpBinder transact took 1164 ms, interface=android.gui.IGraphicBufferProducer, code=2 oneway=false
03-31 23:01:53.108 E/Camera3-OutputStream( 1592): getBufferLockedCommon: Stream 1: Can't dequeue next output buffer: Connection timed out (-110)
03-31 23:01:53.111 W/CameraDevice-JV-1( 4874): Device error received, code 3, frame number 9, request ID 0, subseq ID 0
03-31 23:01:53.111 I/keystore2(  685): keystore2::authorization: on_lock_screen_event(LockScreenEvent(0), user_id=0, password.is_some()=false, unlocking_sids=Some([0]))
03-31 23:01:53.115 I/ckim    ( 4379): (REDACTED) onApplyWindowInsets: systemWindowInsets=%s
03-31 23:01:53.115 I/ckim    ( 4379): (REDACTED) onApplyWindowInsets: systemWindowInsets=%s
03-31 23:01:53.115 E/KeymasterUtils(  605): rsp_header->status: -26
03-31 23:01:53.115 W/keystore2(  685): keystore2::super_key: In try_unlock_user_with_biometric: attempt failed: In use_key_in_one_step: Failed to begin operation.
03-31 23:01:53.115 W/keystore2(  685): 
03-31 23:01:53.115 W/keystore2(  685): Caused by:
03-31 23:01:53.115 W/keystore2(  685):     0: In upgrade_keyblob_if_required_with: Closure failed
03-31 23:01:53.115 W/keystore2(  685):     1: Error::Km(ErrorCode(-26))
03-31 23:01:53.116 D/RecentsContainer( 3109): onApplyWindowInsets, insets=WindowInsets{
03-31 23:01:53.116 D/RecentsContainer( 3109):     statusBars=Insets{left=0, top=93, right=0, bottom=0} max=Insets{left=0, top=93, right=0, bottom=0} vis=true
03-31 23:01:53.116 D/RecentsContainer( 3109):     navigationBars=Insets{left=0, top=0, right=0, bottom=130} max=Insets{left=0, top=0, right=0, bottom=130} vis=true
03-31 23:01:53.116 D/RecentsContainer( 3109):     captionBar=Insets{left=0, top=0, right=0, bottom=0} max=null vis=false
03-31 23:01:53.116 D/RecentsContainer( 3109):     ime=Insets{left=0, top=0, right=0, bottom=0} max=null vis=false
03-31 23:01:53.116 D/RecentsContainer( 3109):     systemGestures=Insets{left=0, top=126, right=0, bottom=130} max=Insets{left=0, top=126, right=0, bottom=130} vis=true
03-31 23:01:53.116 D/RecentsContainer( 3109):     mandatorySystemGestures=Insets{left=0, top=126, right=0, bottom=130} max=Insets{left=0, top=126, right=0, bottom=130} vis=true
03-31 23:01:53.116 D/RecentsContainer( 3109):     tappableElement=Insets{left=0, top=93, right=0, bottom=130} max=Insets{left=0, top=93, right=0, bottom=130} vis=true
03-31 23:01:53.116 D/RecentsContainer( 3109):     displayCutout=Insets{left=0, top=93, right=0, bottom=0} max=Insets{left=0, top=93, right=0, bottom=0} vis=true
03-31 23:01:53.116 D/RecentsContainer( 3109):     windowDecor=null max=null vis=false
03-31 23:01:53.116 D/RecentsContainer( 3109):     cutout=DisplayCutout{insets=Rect(0, 93 - 0, 0) waterfall=Insets{left=0, top=0, right=0, bottom=0} boundingRect={Bounds=[Rect(0, 0 - 0, 0), Rect(503, 0 - 577, 93), Rect(0, 0 - 0, 0), Rect(0, 0 - 0, 0)]} cutoutPathParserInfo={CutoutPathParserInfo{displayWidth=1080 displayHeight=2400 density={2.75} cutoutSpec={M 0,0 H -37 V 93 H 37 V 0 H 0 Z} rotation={0} scale={1.0}}}}
03-31 23:01:53.116 D/RecentsContainer( 3109):     roundedCorners=RoundedCorners{[RoundedCorner{position=TopLeft, radius=102, center=Point(102, 102)}, RoundedCorner{position=TopRight, radius=102, center=Point(978, 102)}, RoundedCorner{position=BottomRight, radius=102, center=Point(978, 2298)}, RoundedCorner{position=BottomLeft, radius=102, center=Point(102, 2298)}]}
03-31 23:01:53.116 D/RecentsContainer( 3109):     privacyIndicatorBounds=PrivacyIndicatorBounds {static bounds=Rect(34, 0 - 70, 93) rotation=0}
03-31 23:01:53.116 D/RecentsContainer( 3109):     }, rotation=0
03-31 23:01:53.117 W/MiuiFreeFormGesturePointerEventListener( 1951): setMiuiFreeFormTouchExcludeRegion mTouchExcludeRegion = SkRegion((0,0,1080,93)(503,93,577,126)(0,2270,1080,2400))
03-31 23:01:53.122 I/NotificationService( 1951): Cannot find enqueued record for key: 0|com.xiaomi.mi_connect_service|-1756471901|null|1000
03-31 23:01:53.125 D/KeyguardViewMediator( 3081): updateActivityLockScreenState(false, false)
03-31 23:01:53.132 D/AudioTrack( 3081): setVolume: left = 0.501187 right = 0.501187
03-31 23:01:53.134 V/AudioPolicyIntefaceImpl( 1111): startOutput()
03-31 23:01:53.135 W/MiuiFreeFormGesturePointerEventListener( 1951): setMiuiFreeFormTouchExcludeRegion mTouchExcludeRegion = SkRegion((0,0,1080,93)(503,93,577,126)(0,2270,1080,2400))
03-31 23:01:53.138 D/MediaMetricsService( 1652): submitInternal: isTrusted:1 given uid -1; sanitized uid: 1000 sanitized pkg: android.uid.system sanitized pkg version: 0
03-31 23:01:53.138 D/MediaMetricsService( 1652): submitInternal: item->getKey().c_str() = audio.track.5677
03-31 23:01:53.138 D/MediaMetricsService( 1652): submitInternal: item->getCString(kCodecPackageName, &msg_send->packgeName) = 0
03-31 23:01:53.138 D/MediaMetricsService( 1652): submitInternal: item->getInt32(kCodecHdrInfo, &msg_send->hdr) = 0
03-31 23:01:53.138 D/MediaMetricsService( 1652): submitInternal: item->getInt32(kCodecFrameRateCal, &msg_send->frameRateCal) = 0
03-31 23:01:53.138 D/MediaMetricsService( 1652): submitInternal: msg_send->frameRateCal = 1949200993
03-31 23:01:53.141 D/Tile.MiuiCellularTile( 3081): handleUpdateState: MULTI_SIM = true, mSimInfoRecordList.size() = 1, mShowDataUsage = false
03-31 23:01:53.142 D/MiuiPaperContrastOverlayStubImpl( 1951): papermode:updateTextureEyeCareLevel, texture eyecare enable:true
03-31 23:01:53.144 V/AudioPolicyIntefaceImpl( 1111): doStartOutput()
03-31 23:01:53.144 D/APM_AudioPolicyManager( 1111): notification filter: startOutput muteMaskInt=0
03-31 23:01:53.144 D/APM_AudioPolicyManager( 1111): startOutput() output 13, stream 1, session 18625 appname systemApp uid 1000
03-31 23:01:53.147 D/miui.face.FaceService( 4874): lock screen passed
03-31 23:01:53.149 D/home_receiver( 4483): receive broadcast
03-31 23:01:53.149 D/MiuiFreeformOneTrackManager( 1951): aready bound
03-31 23:01:53.149 D/MiuiFreeFormGestureController( 1951): handleFreeFormReceiver intent=Intent { act=android.intent.action.USER_PRESENT flg=0x24200010 }
03-31 23:01:53.149 D/MiuiFastConnectService(23870): onReceive: action = android.intent.action.USER_PRESENT
03-31 23:01:53.149 D/MiuiFastConnectService(23870): onReceive: BalancedMode: false, TemporaryMode: 1
03-31 23:01:53.150 D/MiuiFastConnectService(23870): change scan mode: 1
03-31 23:01:53.150 I/TrafficManageService( 4483): onReceive: android.intent.action.USER_PRESENT
03-31 23:01:53.151 I/GameBoosterService( 4483): onReceive: android.intent.action.USER_PRESENT
03-31 23:01:53.152 I/VideoToolBoxService( 4483): onReceive: android.intent.action.USER_PRESENT
03-31 23:01:53.152 W/RecentsImpl( 3109): getTopActivity from observer.   cn=ComponentInfo{com.google.android.googlequicksearchbox/com.google.android.apps.search.assistant.surfaces.voice.ui.host.activity.defaultactivity.FragmentHostDefaultActivity}
03-31 23:01:53.152 W/RecentsImpl( 3109): adaptToTopActivity   cn=ComponentInfo{com.google.android.googlequicksearchbox/com.google.android.apps.search.assistant.surfaces.voice.ui.host.activity.defaultactivity.FragmentHostDefaultActivity}
03-31 23:01:53.154 D/APM_AudioPolicyManager( 1111): getNewOutputDevices selected devices {type:0x2,@:}
03-31 23:01:53.154 D/APM_AudioPolicyManager( 1111): setOutputDevices device {type:0x2,@:} delayMs 0 force 0
03-31 23:01:53.154 D/APM_AudioPolicyManager( 1111): setOutputDevices setting same device {type:0x2,@:} or null device, force=0, patch handle=4518
03-31 23:01:53.155 W/BroadcastQueue( 1951): Background execution not allowed: receiving Intent { act=android.intent.action.USER_PRESENT flg=0x24200010 } to com.android.chrome/org.chromium.chrome.browser.sharing.click_to_call.ClickToCallMessageHandler$PhoneUnlockedReceiver
03-31 23:01:53.155 W/BroadcastQueue( 1951): Background execution not allowed: receiving Intent { act=android.intent.action.USER_PRESENT flg=0x24200010 } to com.facebook.services/com.facebook.oxygen.services.fbns.RegisteredMqttSystemBroadcastReceiver
03-31 23:01:53.155 W/BroadcastQueue( 1951): Background execution not allowed: receiving Intent { act=android.intent.action.USER_PRESENT flg=0x24200010 } to com.google.android.gms/.auth.setup.devicesignals.LockScreenReceiver
03-31 23:01:53.155 I/fawg    (10033): (REDACTED) O received %s
03-31 23:01:53.155 W/BroadcastQueue( 1951): Background execution not allowed: receiving Intent { act=android.intent.action.USER_PRESENT flg=0x24200010 } to com.google.android.gms/.chimera.GmsIntentOperationService$PersistentTrustedReceiver
03-31 23:01:53.155 D/PowerKeeper.AppStandby( 6910): disable standby chain
03-31 23:01:53.156 W/BroadcastQueue( 1951): Background execution not allowed: receiving Intent { act=android.intent.action.USER_PRESENT flg=0x24200010 } to com.alibaba.aliexpresshd/.receiver.SystemBroadcastReceiver
03-31 23:01:53.156 W/BroadcastQueue( 1951): Background execution not allowed: receiving Intent { act=android.intent.action.USER_PRESENT flg=0x24200010 } to com.alibaba.aliexpresshd/com.taobao.accs.EventReceiver
03-31 23:01:53.156 W/BroadcastQueue( 1951): Background execution not allowed: receiving Intent { act=android.intent.action.USER_PRESENT flg=0x24200010 } to com.instagram.android/com.instagram.push.FbnsInitBroadcastReceiver
03-31 23:01:53.156 E/NfcService(27103): screen state : android.intent.action.USER_PRESENT
03-31 23:01:53.156 W/BroadcastQueue( 1951): Background execution not allowed: receiving Intent { act=android.intent.action.USER_PRESENT flg=0x24200010 } to com.softissimo.reverso.context/com.madvertiselocation.receiver.LocationFusedReceiver
03-31 23:01:53.157 D/NetdExecutor( 6910): SND -> {enablemiuistandby disable} this=com.miui.powerkeeper.utils.NetdExecutor@a727e8b
03-31 23:01:53.157 D/NetdExecutor( 6910): Failed REV <- {500 Command not recognized}
03-31 23:01:53.157 D/ThermalIECHandler( 6910): IECAll48Allowed: false; IECMonitorAllowed: false; IECTestState: false
03-31 23:01:53.157 D/MiuiFastConnectService(23870): stopBleScan: scanning: true
03-31 23:01:53.157 W/RecentsImpl( 3109): onResumed className=com.google.android.apps.search.assistant.surfaces.voice.ui.host.activity.defaultactivity.FragmentHostDefaultActivity   mIsInAnotherPro=false   isKeyguardLocked=false
03-31 23:01:53.159 D/Launcher_UnlockAnimationStateMachine( 3109): onUserPresent:IDLE
03-31 23:01:53.159 I/Camera3-Device( 1592): disconnectImpl: E
03-31 23:01:53.159 I/CameraLatencyHistogram( 1592): ProcessCaptureRequest latency histogram (9) samples:
03-31 23:01:53.159 I/CameraLatencyHistogram( 1592):        40     80    120    160    200    240    280    320    360    inf (max ms)
03-31 23:01:53.159 I/CameraLatencyHistogram( 1592):      88.89   11.11   0.00   0.00   0.00   0.00   0.00   0.00   0.00   0.00 (%)
03-31 23:01:53.161 D/BluetoothAdapter(23870): isLeEnabled(): ON
03-31 23:01:53.162 D/NfcService(27103): MSG_APPLY_SCREEN_STATE 8
03-31 23:01:53.163 D/vendor.nxp.hardware.nfc@2.0-service( 1028): sem_timedwait() succeeded
03-31 23:01:53.165 I/OpenGLRenderer( 4379): Davey! duration=9222991296121ms; Flags=0, FrameTimelineVsyncId=16697051, IntendedVsync=380740728624035, Vsync=380740728624035, InputEventId=0, HandleInputStart=380740730325222, AnimationStart=380740730327878, PerformTraversalsStart=380740731778711, DrawStart=380740731909493, FrameDeadline=380740761957367, FrameInterval=380740730300638, FrameStartTime=16666666, SyncQueued=380740733843034, SyncStart=380740738961784, IssueDrawCommandsStart=380740739123399, SwapBuffers=380740824640899, FrameCompleted=9223372036854775807, DequeueBufferDuration=13646719, QueueBufferDuration=1128750, GpuCompleted=9223372036854775807, SwapBuffersCompleted=380740826895951, DisplayPresentTime=380538603375976, 
03-31 23:01:53.166 D/DecorView[]( 4379): onWindowFocusChanged hasWindowFocus true
03-31 23:01:53.167 I/b       ( 4483):  cm need send notification = true
03-31 23:01:53.167 W/AD-PLUGIN-PushAdManager(14784): pushRealTimeRequest mode mismatching
03-31 23:01:53.169 I/NotificationHelper( 4483): onReceive: 	 wechatNeed = false	 wechatSize = 0
03-31 23:01:53.170 D/NxpTml  ( 1028): PN54X - Write requested.....
03-31 23:01:53.170 D/NxpTml  ( 1028): PN54X - Invoking I2C Write.....
03-31 23:01:53.170 I/NotificationHelper( 4483): onReceive: 	 generalNeed = false	 generalSize = 0
03-31 23:01:53.171 I/NotificationHelper( 4483): onReceive: 	 whatsappNeed = false	 whatsAppSize = 0
03-31 23:01:53.171 W/MiuiFreeFormGesturePointerEventListener( 1951): setMiuiFreeFormTouchExcludeRegion mTouchExcludeRegion = SkRegion((0,0,1080,93)(503,93,577,126)(0,2270,1080,2400))
03-31 23:01:53.170 D/NxpTml  ( 1028): _i2c_write() errno : 5
03-31 23:01:53.172 D/NxpTml  ( 1028): PN54X - Error in I2C Write.....
03-31 23:01:53.172 D/NxpTml  ( 1028): PN54X - Posting Fresh Write message.....
03-31 23:01:53.172 D/NxpTml  ( 1028): PN54X - Tml Writer Thread Running................
03-31 23:01:53.172 E/NxpHal  ( 1028): write error status = 0x1ff
03-31 23:01:53.172 E/CHIUSECASE( 1007): [ERROR  ] chxextensionmodule.cpp:2257 ModifySettings() Skip Modify Setting pExtend->numTokens=8 Val=0
03-31 23:01:53.172 D/NxpHal  ( 1028): write_unlocked failed - PN54X Maybe in Standby Mode - Retry
03-31 23:01:53.172 E/CamX    ( 1007): [ERROR][HAL    ] camxhaldevice.cpp:1378 DumpFrameworkRequests() +----------------------------------------------+
03-31 23:01:53.172 E/CamX    ( 1007): [ERROR][HAL    ] camxhaldevice.cpp:1400 DumpFrameworkRequests() +   Error for Framework Request: 8, Num Output Buffers: 0, Partial Request: 1, Notify Error Sent: FALSE, Notify Shutter: TRUE
03-31 23:01:53.172 E/CamX    ( 1007): [ERROR][HAL    ] camxhaldevice.cpp:1400 DumpFrameworkRequests() +   Error for Framework Request: 7, Num Output Buffers: 0, Partial Request: 1, Notify Error Sent: FALSE, Notify Shutter: TRUE
03-31 23:01:53.172 E/CamX    ( 1007): [ERROR][HAL    ] camxhaldevice.cpp:1400 DumpFrameworkRequests() +   Error for Framework Request: 6, Num Output Buffers: 0, Partial Request: 1, Notify Error Sent: FALSE, Notify Shutter: TRUE
03-31 23:01:53.172 E/CamX    ( 1007): [ERROR][HAL    ] camxhaldevice.cpp:1400 DumpFrameworkRequests() +   Error for Framework Request: 5, Num Output Buffers: 0, Partial Request: 1, Notify Error Sent: FALSE, Notify Shutter: TRUE
03-31 23:01:53.172 E/CamX    ( 1007): [ERROR][HAL    ] camxhaldevice.cpp:1400 DumpFrameworkRequests() +   Error for Framework Request: 4, Num Output Buffers: 0, Partial Request: 1, Notify Error Sent: FALSE, Notify Shutter: TRUE
03-31 23:01:53.172 E/CamX    ( 1007): [ERROR][HAL    ] camxhaldevice.cpp:1400 DumpFrameworkRequests() +   Error for Framework Request: 3, Num Output Buffers: 0, Partial Request: 1, Notify Error Sent: FALSE, Notify Shutter: TRUE
03-31 23:01:53.172 E/CamX    ( 1007): [ERROR][HAL    ] camxhaldevice.cpp:1400 DumpFrameworkRequests() +   Error for Framework Request: 2, Num Output Buffers: 0, Partial Request: 1, Notify Error Sent: FALSE, Notify Shutter: TRUE
03-31 23:01:53.172 E/CamX    ( 1007): [ERROR][HAL    ] camxhaldevice.cpp:1400 DumpFrameworkRequests() +   Error for Framework Request: 1, Num Output Buffers: 0, Partial Request: 1, Notify Error Sent: FALSE, Notify Shutter: TRUE
03-31 23:01:53.172 E/CamX    ( 1007): [ERROR][HAL    ] camxhaldevice.cpp:1400 DumpFrameworkRequests() +   Error for Framework Request: 0, Num Output Buffers: 0, Partial Request: 1, Notify Error Sent: FALSE, Notify Shutter: TRUE
03-31 23:01:53.173 D/CompatibilityInfo( 1951): mCompatibilityFlags - 0
03-31 23:01:53.173 D/CompatibilityInfo( 1951): applicationDensity - 440
03-31 23:01:53.173 D/CompatibilityInfo( 1951): applicationScale - 1.0
03-31 23:01:53.173 D/BtGatt.GattService(26556): stopScan() - queue size =2
03-31 23:01:53.175 I/BtGatt.ScanManager(26556): msg.what = 1
03-31 23:01:53.176 I/vendor.qti.bluetooth@1.0-ibs_handler( 1006): ProcessIbsCmd: Received IBS_WAKE_IND: 0xFD
03-31 23:01:53.176 I/vendor.qti.bluetooth@1.0-ibs_handler( 1006): ProcessIbsCmd: Writing IBS_WAKE_ACK
03-31 23:01:53.177 D/BtGatt.GattService(26556): unregisterScanner() - scannerId=19
03-31 23:01:53.177 I/AudioFlinger( 1111): setGameParameters keyvalue: xlog.volume.music.speaker=40
03-31 23:01:53.177 V/bt_stack(26556): [VERBOSE1:gatt_api.cc(1279)] GATT_Deregister gatt_if=19
03-31 23:01:53.177 V/bt_stack(26556): [VERBOSE1:gatt_main.cc(1787)] gatt_get_ch_state: ch_state=4
03-31 23:01:53.177 V/bt_stack(26556): [VERBOSE1:gatt_main.cc(409)] gatt_is_app_holding_linkgatt_if= 19not found;
03-31 23:01:53.177 V/bt_stack(26556): [VERBOSE1:gatt_main.cc(461)] gatt_update_app_use_link_flag: is_add=0 chk_link=1
