03-31 23:01:53.177 V/bt_stack(26556): [VERBOSE1:gatt_main.cc(427)] gatt_update_app_hold_link_status
03-31 23:01:53.177 V/bt_stack(26556): [VERBOSE1:gatt_main.cc(440)] attempt to remove nonexisting gatt_if=19
03-31 23:01:53.177 V/bt_stack(26556): [VERBOSE1:eatt_utils.cc(572)] gatt_remove_conn
03-31 23:01:53.177 V/bt_stack(26556): [VERBOSE1:connection_manager.cc(161)] on_app_deregistered : app_id 0x13
03-31 23:01:53.177 D/audio_hw_primary( 1003): adev_set_parameters: enter: xlog.volume.music.speaker=40
03-31 23:01:53.178 I/NearbySharing(10840): Screen is unlocked
03-31 23:01:53.178 D/audio_hw_hfp( 1003): hfp_set_parameters: enter
03-31 23:01:53.178 D/audio_hw_extn( 1003): audio_extn_fm_set_parameters: Enter
03-31 23:01:53.178 D/NxpTml  ( 1028): PN54X - Write requested.....
03-31 23:01:53.178 D/NxpTml  ( 1028): PN54X - Invoking I2C Write.....
03-31 23:01:53.178 I/NearbySharing(10840): Uwb feature is off.
03-31 23:01:53.178 I/NearbyDiscovery(10840): (REDACTED) FastPairHandler: Received action %s
03-31 23:01:53.178 D/BtGatt.GattService(26556): onScanFilterParamsConfigured() - clientIf=19, status=0, action=1, availableSpace=8
03-31 23:01:53.178 D/BtGatt.ScanManager(26556): callback done for scannerId - 19 status - 0
03-31 23:01:53.179 D/NxpNciX ( 1028): len =   4 => 21060100
03-31 23:01:53.179 D/NxpTml  ( 1028): PN54X - I2C Write successful.....
03-31 23:01:53.179 D/NxpTml  ( 1028): PN54X - Posting Fresh Write message.....
03-31 23:01:53.179 D/NxpHal  ( 1028): write successful status = 0x0
03-31 23:01:53.180 D/NxpTml  ( 1028): PN54X - Tml Writer Thread Running................
03-31 23:01:53.180 W/AD-PLUGIN-PushAdManager(14784): Receive notification preload cache null
03-31 23:01:53.181 D/NxpTml  ( 1028): PN54X - I2C Read successful.....len = 4
03-31 23:01:53.181 D/NxpTml  ( 1028): PN54X - Posting read message.....
03-31 23:01:53.181 D/NxpNciR ( 1028): len =   4 <= 41060100
03-31 23:01:53.181 D/NxpHal  ( 1028): read successful status = 0x0
03-31 23:01:53.182 D/NxpTml  ( 1028): PN54X - Read requested.....
03-31 23:01:53.182 D/NxpTml  ( 1028): PN54X - Invoking I2C Read.....
03-31 23:01:53.184 D/BtGatt.GattService(26556): onScanFilterParamsConfigured() - clientIf=19, status=0, action=1, availableSpace=9
03-31 23:01:53.184 D/BtGatt.ScanManager(26556): callback done for scannerId - 19 status - 0
03-31 23:01:53.185 W/fbservices:InitStatus(24129): Not blocking Service (91925465)
03-31 23:01:53.185 W/fbservices:InitStatus(24129): Not blocking Service (91925465)
03-31 23:01:53.188 E/libnfc_nci(27103): [ERROR:NativeNfcManager.cpp(1346)] nfaConnectionCallback: unknown event ????
03-31 23:01:53.188 I/GoogleInputMethodService( 5966): GoogleInputMethodService.onStartInput():1357 onStartInput(EditorInfo{EditorInfo{packageName=com.google.android.googlequicksearchbox, inputType=0, inputTypeString=NULL, enableLearning=false, autoCorrection=false, autoComplete=false, imeOptions=0, privateImeOptions=null, actionName=UNSPECIFIED, actionLabel=null, initialSelStart=-1, initialSelEnd=-1, initialCapsMode=0, label=null, fieldId=-1, fieldName=null, extras=null, hintText=null, hintLocales=[]}}, false)
03-31 23:01:53.189 E/SUI_svcsock( 4807): svc_sock_send_message(suisvc): invalid remote socket suilst
03-31 23:01:53.189 E/PackageUtils( 4483): package not install, pkg=com.xiaomi.smarthome
03-31 23:01:53.192 I/DeviceLockTags( 5966): DeviceLockTags.notifyDeviceLockStatusChanged():108 notifyDeviceLockStatusChanged(): deviceLocked=false, blockPersonalData=false
03-31 23:01:53.192 D/BtGatt.GattService(26556): onScanFilterParamsConfigured() - clientIf=19, status=0, action=1, availableSpace=10
03-31 23:01:53.192 D/BtGatt.ScanManager(26556): callback done for scannerId - 19 status - 0
03-31 23:01:53.192 I/Module  ( 5966): DeviceLockedStatusModuleProvider$Module.updateDeviceLockedStatus():100 repeatCheckTimes = 1, locked = false
03-31 23:01:53.193 I/tld     (10033): Disconnecting from SysUi, flag disabled [IVR-C]
03-31 23:01:53.193 I/tld     (10033): (REDACTED) Disconnecting from SysUi, dictation ineligible. hasSubscribed=%s [IVR-C]
03-31 23:01:53.193 I/tld     (10033): Disconnecting from SysUi, VM not enabled [IVR-C]
03-31 23:01:53.194 D/BtGatt.GattService(26556): onScanFilterParamsConfigured() - clientIf=19, status=0, action=1, availableSpace=11
03-31 23:01:53.194 D/BtGatt.ScanManager(26556): callback done for scannerId - 19 status - 0
03-31 23:01:53.194 I/tky     (10033): No binding to unbind [IVR-C]
03-31 23:01:53.194 I/tky     (10033): Disconnected from SysUi [IVR-C]
03-31 23:01:53.193 D/vendor.nxp.hardware.nfc@2.0-service( 1028): sem_timedwait() succeeded
03-31 23:01:53.195 D/NxpTml  ( 1028): PN54X - Write requested.....
03-31 23:01:53.195 D/NxpTml  ( 1028): PN54X - Invoking I2C Write.....
03-31 23:01:53.197 I/GameBoosterService( 4483): restartGameMode: com.google.android.googlequicksearchbox
03-31 23:01:53.198 D/BtGatt.GattService(26556): onScanFilterParamsConfigured() - clientIf=19, status=0, action=1, availableSpace=12
03-31 23:01:53.198 D/BtGatt.ScanManager(26556): callback done for scannerId - 19 status - 0
03-31 23:01:53.199 I/EmojifyExtensionImpl( 5966): EmojifyExtensionImpl.onCreate():599 Creating Emojify extension dzr@da2253d.
03-31 23:01:53.200 I/AbstractOpenableExtension( 5966): AbstractOpenableExtension.createKeyboardGroupManagerListenableFuture():121 Create keyboard group manager listenable future in ful
03-31 23:01:53.202 D/CompatibilityInfo( 1951): mCompatibilityFlags - 0
03-31 23:01:53.202 D/CompatibilityInfo( 1951): applicationDensity - 440
03-31 23:01:53.202 D/CompatibilityInfo( 1951): applicationScale - 1.0
03-31 23:01:53.199 I/OpenGLRenderer( 4379): Davey! duration=9222991296024ms; Flags=0, FrameTimelineVsyncId=16697068, IntendedVsync=380740828503549, Vsync=380740828503549, InputEventId=0, HandleInputStart=380740831652930, AnimationStart=380740831654805, PerformTraversalsStart=380740833955117, DrawStart=380740834072774, FrameDeadline=380740861836881, FrameInterval=380740831637201, FrameStartTime=16666666, SyncQueued=380740837194961, SyncStart=380740838706732, IssueDrawCommandsStart=380740839051159, SwapBuffers=380740853652617, FrameCompleted=9223372036854775807, DequeueBufferDuration=36980, QueueBufferDuration=968854, GpuCompleted=9223372036854775807, SwapBuffersCompleted=380740855781524, DisplayPresentTime=380538620235090, 
03-31 23:01:53.203 D/NxpTml  ( 1028): PN54X - I2C Read successful.....len = 4
03-31 23:01:53.203 D/NxpTml  ( 1028): Delay Read if write thread is busy
03-31 23:01:53.178 I/NearbySharing(10840): Uwb feature is off.
03-31 23:01:53.205 D/NxpTml  ( 1028): phTmlNfc_WaitWriteComplete - enter
03-31 23:01:53.206 D/BtGatt.GattService(26556): onScanFilterParamsConfigured() - clientIf=19, status=0, action=1, availableSpace=13
03-31 23:01:53.206 D/BtGatt.ScanManager(26556): callback done for scannerId - 19 status - 0
03-31 23:01:53.206 I/ClipboardDataHandler( 5966): ClipboardDataHandler.updateScreenshotsContentObserver():287 Disable the feature of handling screenshots in the clipboard.
03-31 23:01:53.207 D/BtGatt.ScanManager(26556): configureRegularScanParams() - queue=1
03-31 23:01:53.207 D/BtGatt.ScanManager(26556): configureRegularScanParams() - ScanSetting LE 1M Scan mode=1ScanSetting LE Coded Scan mode=-2147483648 mLastConfiguredScanSettingLE1M=1 mLastConfiguredScanSettingLECoded=0scanPhy=1
03-31 23:01:53.208 I/NearbyDiscovery(10840): FastPairController: onSystemStateChanged: skip due to flag disabled [CONTEXT service_id=265 ]
03-31 23:01:53.208 D/VqeService( 4571): onCreateAudioTrack: sessionId=18625, uid=1000, rate=44100, format=1, channel=3
03-31 23:01:53.208 I/NearbyUWB(10840): (REDACTED) Screen unlocked: %s
03-31 23:01:53.209 D/BtGatt.ScanManager(26556): configureRegularScanParams() - queue emtpy, scan stopped
03-31 23:01:53.209 D/NxpNciX ( 1028): len =   4 => 2F150100
03-31 23:01:53.210 D/NxpTml  ( 1028): PN54X - I2C Write successful.....
03-31 23:01:53.210 D/NxpTml  ( 1028): PN54X - Posting Fresh Write message.....
03-31 23:01:53.210 D/BtGatt.ScanManager(26556): configureRegularScanParams - scanInterval LE 1M = 730configureRegularScanParams - scanWindow LE 1M= 183configureRegularScanParams - scanInterval LE Coded= -2147483648configureRegularScanParams - scanWindow LE Coded= -2147483648
03-31 23:01:53.210 D/BtGatt.GattService(26556): onScanParamSetupCompleted : 0
03-31 23:01:53.210 D/NxpHal  ( 1028): write successful status = 0x0
03-31 23:01:53.210 I/AbstractOpenableExtension( 5966): AbstractOpenableExtension.createKeyboardGroupManagerListenableFuture():121 Create keyboard group manager listenable future in eat
03-31 23:01:53.210 D/NxpTml  ( 1028): phTmlNfc_SignalWriteComplete - enter
03-31 23:01:53.210 D/NxpTml  ( 1028): phTmlNfc_SignalWriteComplete - exit
03-31 23:01:53.210 D/NxpTml  ( 1028): PN54X - Tml Writer Thread Running................
03-31 23:01:53.210 D/NxpTml  ( 1028): phTmlNfc_WaitWriteComplete - exit
03-31 23:01:53.210 D/NxpTml  ( 1028): PN54X - Posting read message.....
03-31 23:01:53.210 D/NxpNciR ( 1028): len =   4 <= 4F150100
03-31 23:01:53.210 D/NxpHal  ( 1028): read successful status = 0x0
03-31 23:01:53.211 E/AudioFlinger( 1111): open /proc/3081/cmdline error
03-31 23:01:53.211 I/AudioFlinger( 1111): setAppName(), name=[], active=[1]
03-31 23:01:53.211 D/NxpTml  ( 1028): PN54X - Read requested.....
03-31 23:01:53.211 D/NxpTml  ( 1028): PN54X - Invoking I2C Read.....
03-31 23:01:53.219 D/vendor.nxp.hardware.nfc@2.0-service( 1028): sem_timedwait() succeeded
03-31 23:01:53.219 D/NxpTml  ( 1028): PN54X - Write requested.....
03-31 23:01:53.219 D/NxpTml  ( 1028): PN54X - Invoking I2C Write.....
03-31 23:01:53.221 D/NxpTml  ( 1028): PN54X - I2C Read successful.....len = 5
03-31 23:01:53.221 D/NxpTml  ( 1028): Delay Read if write thread is busy
03-31 23:01:53.222 D/NxpNciX ( 1028): len =  10 => 20020702320120380101
03-31 23:01:53.222 D/NxpTml  ( 1028): PN54X - I2C Write successful.....
03-31 23:01:53.222 D/NxpTml  ( 1028): PN54X - Posting Fresh Write message.....
03-31 23:01:53.222 D/NxpTml  ( 1028): PN54X - Tml Writer Thread Running................
03-31 23:01:53.222 D/NxpHal  ( 1028): write successful status = 0x0
03-31 23:01:53.223 D/NxpTml  ( 1028): PN54X - Posting read message.....
03-31 23:01:53.223 D/NxpNciR ( 1028): len =   5 <= 4002020000
03-31 23:01:53.224 D/NxpHal  ( 1028): read successful status = 0x0
03-31 23:01:53.224 D/NxpHal  ( 1028): phNxpNciHal_print_res_status: response status =STATUS_OK
03-31 23:01:53.224 D/NxpTml  ( 1028): PN54X - Read requested.....
03-31 23:01:53.225 D/NxpTml  ( 1028): PN54X - Invoking I2C Read.....
03-31 23:01:53.225 D/NxpHal  ( 1028): > Polling Loop Started
03-31 23:01:53.225 D/vendor.nxp.hardware.nfc@2.0-service( 1028): sem_timedwait() succeeded
03-31 23:01:53.225 D/NxpTml  ( 1028): PN54X - Write requested.....
03-31 23:01:53.225 D/NxpTml  ( 1028): PN54X - Invoking I2C Write.....
03-31 23:01:53.226 D/CompatibilityInfo( 1951): mCompatibilityFlags - 0
03-31 23:01:53.227 D/CompatibilityInfo( 1951): applicationDensity - 440
03-31 23:01:53.227 D/NxpNciX ( 1028): len =   8 => 2103050280018101
03-31 23:01:53.227 D/NxpTml  ( 1028): PN54X - I2C Write successful.....
03-31 23:01:53.227 D/NxpTml  ( 1028): PN54X - Posting Fresh Write message.....
03-31 23:01:53.227 D/NxpTml  ( 1028): PN54X - Tml Writer Thread Running................
03-31 23:01:53.227 D/NxpHal  ( 1028): write successful status = 0x0
03-31 23:01:53.228 D/NxpTml  ( 1028): PN54X - I2C Read successful.....len = 4
03-31 23:01:53.228 D/NxpTml  ( 1028): PN54X - Posting read message.....
03-31 23:01:53.228 D/NxpNciR ( 1028): len =   4 <= 41030100
03-31 23:01:53.228 D/NxpHal  ( 1028): read successful status = 0x0
03-31 23:01:53.228 D/NfcService(27103): computeDiscoveryParameters() screenState=8
03-31 23:01:53.228 D/NfcService(27103): mReaderModeParams is null, techMask=-1
03-31 23:01:53.228 D/NxpTml  ( 1028): PN54X - Read requested.....
03-31 23:01:53.228 D/NxpTml  ( 1028): PN54X - Invoking I2C Read.....
03-31 23:01:53.229 D/vendor.nxp.hardware.nfc@2.0-service( 1028): sem_timedwait() succeeded
03-31 23:01:53.229 D/NxpTml  ( 1028): PN54X - Write requested.....
03-31 23:01:53.229 D/NxpTml  ( 1028): PN54X - Invoking I2C Write.....
03-31 23:01:53.229 D/CompatibilityInfo( 1951): applicationScale - 1.0
03-31 23:01:53.231 I/KeyboardGroupDefParser( 5966): KeyboardGroupDefParser.parseKeyboardGroupDef():83 parseKeyboardGroupDef() 2132214032 -> 0_resource_name_obfuscated : WaitTime = 6 ms : RunTime = 24 ms
03-31 23:01:53.232 I/KeyboardGroupDefParser( 5966): KeyboardGroupDefParser.parseKeyboardGroupDef():83 parseKeyboardGroupDef() 2132214031 -> 0_resource_name_obfuscated : WaitTime = 8 ms : RunTime = 14 ms
03-31 23:01:53.234 I/OpenGLRenderer( 4379): Davey! duration=9222991296009ms; Flags=0, FrameTimelineVsyncId=16697071, IntendedVsync=380740845160950, Vsync=380740861827616, InputEventId=0, HandleInputStart=380740868144805, AnimationStart=380740868146211, PerformTraversalsStart=380740868156628, DrawStart=380740868277722, FrameDeadline=380740878494282, FrameInterval=380740868096263, FrameStartTime=16666666, SyncQueued=380740870167722, SyncStart=380740870409492, IssueDrawCommandsStart=380740871045378, SwapBuffers=380740882000378, FrameCompleted=9223372036854775807, DequeueBufferDuration=39948, QueueBufferDuration=1027604, GpuCompleted=9223372036854775807, SwapBuffersCompleted=380740883994180, DisplayPresentTime=380538636726601, 
03-31 23:01:53.234 I/NearbySharing(10840): [NS_PROVIDER_API]: startDiscovery called with SendManagerOptions(mode=BACKGROUND, flowId=8756741211053423255, uwbSenderInfo=null, deviceType=1, dataUsage=2, vendorId=0).
03-31 23:01:53.235 I/NearbySharing(10840): NearbySharing Internal event SendManagerStart(mode=BACKGROUND, useCase=0, sendSurfaceState=0, sendSurfaceStartTimeMillis=-1, useQrCode=false, success=true)
03-31 23:01:53.235 I/NearbySharing(10840): Uwb feature is off.
03-31 23:01:53.235 D/NxpNciX ( 1028): len =   4 => 21060100
03-31 23:01:53.235 D/NxpTml  ( 1028): PN54X - I2C Write successful.....
03-31 23:01:53.236 D/NxpTml  ( 1028): PN54X - Posting Fresh Write message.....
03-31 23:01:53.236 D/NxpTml  ( 1028): PN54X - Tml Writer Thread Running................
03-31 23:01:53.236 W/BroadcastQueue( 1951): Permission Denial: broadcasting Intent { act=com.google.android.apps.gmm.NAVIGATION_STATE flg=0x10 pkg=com.google.android.googlequicksearchbox (has extras) } from null (pid=-1, uid=-1) requires com.google.android.googlequicksearchbox.permission.LAUNCH_FROM_GMM due to registered receiver BroadcastFilter{52733ad 10166/u0 ReceiverList{f63d8c4 4379 com.google.android.googlequicksearchbox:search/10166/u0 remote:47c17d7}}
03-31 23:01:53.236 W/BroadcastQueue( 1951): Permission Denial: broadcasting Intent { act=com.google.android.apps.gmm.NAVIGATION_STATE flg=0x10 pkg=com.google.android.gms (has extras) } from null (pid=-1, uid=-1) requires com.google.android.googlequicksearchbox.permission.LAUNCH_FROM_GMM due to registered receiver BroadcastFilter{52733ad 10166/u0 ReceiverList{f63d8c4 4379 com.google.android.googlequicksearchbox:search/10166/u0 remote:47c17d7}}
03-31 23:01:53.236 D/NxpHal  ( 1028): write successful status = 0x0
03-31 23:01:53.237 D/NxpTml  ( 1028): PN54X - I2C Read successful.....len = 4
03-31 23:01:53.237 D/NxpTml  ( 1028): PN54X - Posting read message.....
03-31 23:01:53.237 D/NxpNciR ( 1028): len =   4 <= 41060100
03-31 23:01:53.237 D/NxpHal  ( 1028): read successful status = 0x0
03-31 23:01:53.237 I/agtw    ( 4379): getLocaleToModelSpecsMap
03-31 23:01:53.237 I/agtw    ( 4379): Fetching latest config from MDD...
03-31 23:01:53.237 I/agtw    ( 4379): (REDACTED) Found map of size: %d
03-31 23:01:53.238 D/CompatibilityInfo( 1951): mCompatibilityFlags - 0
03-31 23:01:53.238 D/CompatibilityInfo( 1951): applicationDensity - 440
03-31 23:01:53.238 D/CompatibilityInfo( 1951): applicationScale - 1.0
03-31 23:01:53.241 D/NxpTml  ( 1028): PN54X - Read requested.....
03-31 23:01:53.241 D/NxpTml  ( 1028): PN54X - Invoking I2C Read.....
03-31 23:01:53.244 I/ContentProviderUtils( 3109): uri is in the black list
03-31 23:01:53.254 D/MiWallpaperManager( 8610): onBroadcastReceived: receive act = com.miui.keyguard.setwallpaper sender = com.miui.home
03-31 23:01:53.255 D/KeyguradWallpaperSourceController( 8610): set_lock_wallpaper_result:false sender = com.miui.home
03-31 23:01:53.257 I/vendor.qti.bluetooth@1.0-ibs_handler( 1006): ProcessIbsCmd: Received IBS_SLEEP_IND: 0xFE
03-31 23:01:53.259 D/LockScreenMagazineClient( 3081): unBind
03-31 23:01:53.259 D/LockScreenMagazineClient( 3081): removeClient mDestroyed=false
03-31 23:01:53.259 D/StatusBar( 3081): disable<e i a s b!h!r!c s > disable2<q i n >
03-31 23:01:53.260 D/FingerprintService( 1951): onTransact() code: 24
03-31 23:01:53.260 D/CollapsedStatusBarFragment( 3081): adjustDisableFlags: mStatusBarView.getState() = 0 mHideIconsForBouncer = false mWereIconsJustHidden = false, mWakeUpCoordinator.getNotificationsFullyHidden = false, mIsExpanded = false, mBypassController.getBypassEnabled = false, mStatusBarStateController.getState() = 0, mKeyguardStateController.isKeyguardGoingAway() = false, mHeadsUpManager.hasPinnedHeadsUp = false, mIsLaunchAnimationRunning = false, mHideIconsDuringLaunchAnimation = true, isFullWidth()true, mShowIconsWhenExpanded = true, mControlPanelExpand = false
03-31 23:01:53.262 D/vendor.nxp.hardware.nfc@2.0-service( 1028): NxpNfcLegacy::setNfcServicePid Entry
03-31 23:01:53.263 D/NxpHal  ( 1028): phNxpNciHal_setNfcServicePid Enter 
03-31 23:01:53.263 D/vendor.nxp.hardware.nfc@2.0-service( 1028): NxpNfcLegacy::setNfcServicePid Exit
03-31 23:01:53.263 E/com.android.nf(27103): NfcAdaptation::setNfcServicePid mHalNxpNfcLegacy completed
03-31 23:01:53.263 D/QS      ( 3081): setListening false
03-31 23:01:53.263 D/vendor.nxp.hardware.nfc@2.0-service( 1028): sem_timedwait() succeeded
03-31 23:01:53.263 D/NxpTml  ( 1028): PN54X - Write requested.....
03-31 23:01:53.263 D/NxpTml  ( 1028): PN54X - Invoking I2C Write.....
03-31 23:01:53.264 D/NxpTml  ( 1028): PN54X - I2C Read successful.....len = 5
03-31 23:01:53.264 D/NxpTml  ( 1028): Delay Read if write thread is busy
03-31 23:01:53.265 I/OpenGLRenderer( 4379): Davey! duration=9222991295959ms; Flags=0, FrameTimelineVsyncId=16697080, IntendedVsync=380740895113926, Vsync=380740895113926, InputEventId=0, HandleInputStart=380740895757617, AnimationStart=380740895760065, PerformTraversalsStart=380740896218815, DrawStart=380740896444701, FrameDeadline=380740928447258, FrameInterval=380740895735274, FrameStartTime=16666666, SyncQueued=380740899286367, SyncStart=380740899380899, IssueDrawCommandsStart=380740899535482, SwapBuffers=380740921530326, FrameCompleted=9223372036854775807, DequeueBufferDuration=15998802, QueueBufferDuration=1481198, GpuCompleted=9223372036854775807, SwapBuffersCompleted=380740924038086, DisplayPresentTime=380538670092330, 
03-31 23:01:53.265 D/NxpNciX ( 1028): len =  10 => 20020702320120380101
03-31 23:01:53.265 D/NxpTml  ( 1028): PN54X - I2C Write successful.....
03-31 23:01:53.265 D/NxpTml  ( 1028): PN54X - Posting Fresh Write message.....
03-31 23:01:53.265 D/NxpTml  ( 1028): PN54X - Tml Writer Thread Running................
03-31 23:01:53.265 D/NxpHal  ( 1028): write successful status = 0x0
03-31 23:01:53.267 D/NxpTml  ( 1028): PN54X - Posting read message.....
03-31 23:01:53.267 D/NxpNciR ( 1028): len =   5 <= 4002020000
03-31 23:01:53.267 D/NxpHal  ( 1028): read successful status = 0x0
03-31 23:01:53.267 D/NxpHal  ( 1028): phNxpNciHal_print_res_status: response status =STATUS_OK
03-31 23:01:53.267 D/NxpTml  ( 1028): PN54X - Read requested.....
03-31 23:01:53.267 D/NxpTml  ( 1028): PN54X - Invoking I2C Read.....
03-31 23:01:53.268 D/NxpHal  ( 1028): > Polling Loop Started
03-31 23:01:53.268 D/vendor.nxp.hardware.nfc@2.0-service( 1028): sem_timedwait() succeeded
03-31 23:01:53.268 D/NxpTml  ( 1028): PN54X - Write requested.....
03-31 23:01:53.268 D/NxpTml  ( 1028): PN54X - Invoking I2C Write.....
03-31 23:01:53.270 D/NxpNciX ( 1028): len =  18 => 21030F070001010102018001810106017001
03-31 23:01:53.270 D/NxpTml  ( 1028): PN54X - I2C Write successful.....
03-31 23:01:53.270 D/NxpTml  ( 1028): PN54X - Posting Fresh Write message.....
03-31 23:01:53.270 D/NxpTml  ( 1028): PN54X - Tml Writer Thread Running................
03-31 23:01:53.270 D/NxpHal  ( 1028): write successful status = 0x0
03-31 23:01:53.270 I/NearbySharing(10840): Stopping Fast Init advertisement because we're not scanning in the foreground.
03-31 23:01:53.270 V/EffectMiSound( 1003): MiSound_command() start, cmdCode=24
03-31 23:01:53.270 V/EffectMiSound( 1003): MiSound_Command EFFECT_CMD_SET_APP_NAME: stream=1, name=+
03-31 23:01:53.271 V/KeyguardUpdateMonitor( 3081): *** unregister callback for com.android.keyguard.faceunlock.MiuiKeyguardFaceUnlockView$2@42cd4a5
03-31 23:01:53.272 V/KeyguardUpdateMonitor( 3081): *** unregister callback for com.android.keyguard.EmergencyButtonController$1@c7f007a
03-31 23:01:53.273 V/KeyguardUpdateMonitor( 3081): *** unregister callback for com.android.keyguard.EmergencyButtonController$1@b70ac88
03-31 23:01:53.273 D/MediaMetricsService( 1652): submitInternal: isTrusted:1 given uid -1; sanitized uid: 1000 sanitized pkg: android.uid.system sanitized pkg version: 0
03-31 23:01:53.273 D/MediaMetricsService( 1652): submitInternal: item->getKey().c_str() = audio.track.5677
03-31 23:01:53.273 D/MediaMetricsService( 1652): submitInternal: item->getCString(kCodecPackageName, &msg_send->packgeName) = 0
03-31 23:01:53.273 D/MediaMetricsService( 1652): submitInternal: item->getInt32(kCodecHdrInfo, &msg_send->hdr) = 0
03-31 23:01:53.273 D/MediaMetricsService( 1652): submitInternal: item->getInt32(kCodecFrameRateCal, &msg_send->frameRateCal) = 0
03-31 23:01:53.273 D/MediaMetricsService( 1652): submitInternal: msg_send->frameRateCal = 1949200993
03-31 23:01:53.273 V/KeyguardUpdateMonitor( 3081): *** unregister callback for com.android.keyguard.KeyguardHostViewController$1@b3ae640
03-31 23:01:53.274 I/MiuiChargeController( 3081): dismissChargeAnimation: USER_PRESENT
03-31 23:01:53.277 I/WifiService( 1951): getWifiEnabledState uid=10167
03-31 23:01:53.278 I/WifiService( 1951): is5GHzBandSupported uid=10167
03-31 23:01:53.279 I/WifiService( 1951): getWifiEnabledState uid=10167
03-31 23:01:53.280 D/NxpTml  ( 1028): PN54X - I2C Read successful.....len = 4
03-31 23:01:53.280 D/NxpTml  ( 1028): PN54X - Posting read message.....
03-31 23:01:53.280 D/NxpNciR ( 1028): len =   4 <= 41030100
03-31 23:01:53.281 D/NxpHal  ( 1028): read successful status = 0x0
03-31 23:01:53.282 I/WifiService( 1951): is6GHzBandSupported uid=10167
03-31 23:01:53.285 I/Nearby  (10840): (REDACTED) Beginning attempt #%d out of %d for %s...
03-31 23:01:53.287 I/NearbySharing(10840): Scanning has started in the BACKGROUND
03-31 23:01:53.289 D/NxpTml  ( 1028): PN54X - Read requested.....
03-31 23:01:53.289 D/NxpTml  ( 1028): PN54X - Invoking I2C Read.....
03-31 23:01:53.291 D/DolbyAtomsSoundEffectTile( 3081): refreshState: 
03-31 23:01:53.299 I/NearbySharing(10840): Stopping Fast Init advertisement because we're not scanning in the foreground.
03-31 23:01:53.300 D/DlbDlbEffect( 1003): effectCommand(handle=0xf5639188, cmdCode=5, cmdSize=20, pCmdData=0xef04f0f0, replySize=4, pReplyData=0xef1284d0)
03-31 23:01:53.300 I/NearbySharing(10840): Stopping advertising because no high power receive surface is registered and device is visible to HIDDEN.
03-31 23:01:53.301 I/NearbyConnections(10840): Client 220190267 requested setting downloads directory to null.
03-31 23:01:53.301 I/NearbyConnections(10840): Client 220190267 with package name 0p:com.google.android.gms.nearby.sharing and sdk version 251036000 has connected, downloads dir is set to null.
03-31 23:01:53.302 I/NearbyConnections(10840): Client 220190267 requested discovery to start.
03-31 23:01:53.302 D/DlbDlbEffect( 1003): handle_EFFECT_CMD_SET_PARAM()
03-31 23:01:53.302 D/DlbDapEffectContext( 1003): setPregain(volume=2112016)
03-31 23:01:53.304 I/NearbySharing(10840): Stopping FastInitiation scanning because visibility is hidden.
03-31 23:01:53.304 I/NearbySharing(10840): Fast Initiation Scanning has stopped
03-31 23:01:53.305 I/NearbySharing(10840): Dismissing HUN as there's no device nearby.
03-31 23:01:53.308 I/NearbyMediums(10840): BluetoothAdapter's name was not set by Nearby Connections, ignoring call to restore default scan mode.
03-31 23:01:53.309 W/MiuiFreeFormGesturePointerEventListener( 1951): setMiuiFreeFormTouchExcludeRegion mTouchExcludeRegion = SkRegion((0,0,1080,93)(0,2270,1080,2400))
03-31 23:01:53.311 D/DlbEffectContext( 1003): transformExternalGain() fVol:0.125886 extVal:-288
03-31 23:01:53.311 D/DlbQdspGefDriver( 1003): commitChangedParams(device=0x40000000)
03-31 23:01:53.311 D/DlbQdspGefDriver( 1003): commit(device = 0x40000000)
03-31 23:01:53.311 D/DlbQdspGefDriver( 1003): commit() Applying parameters for device 0x40000000
03-31 23:01:53.311 D/DlbQdspGefDriver( 1003): doCommit() with ACDB device id 10011, sample rate 48000, calibration type 1
03-31 23:01:53.311 D/DlbQdspGefDriver( 1003): doCommit() committing modified=1 preg = #1[-288]
03-31 23:01:53.311 D/DlbQdspGefDriver( 1003): ---------------- item param 67657270, dsp param: 10728, value f56393a0 ----------------
03-31 23:01:53.316 I/NearbyMediums(10840): BluetoothAdapter's name was not set by Nearby Connections, ignoring call to restore device name
03-31 23:01:53.319 W/MiuiFreeFormGesturePointerEventListener( 1951): setMiuiFreeFormTouchExcludeRegion mTouchExcludeRegion = SkRegion((0,0,1080,93)(0,2270,1080,2400))
03-31 23:01:53.331 E/ACDB-LOADER( 1003): [acdb_loader_adsp_set_audio_cal] active device/stream not found (result=-100) for topology 0x1000a100 and apptype 0x11130
03-31 23:01:53.331 E/ACDB-LOADER( 1003): [acdb_loader_adsp_set_audio_cal] set parameters failed with status -100
03-31 23:01:53.331 E/ACDB-LOADER( 1003): [acdb_loader_adsp_set_audio_cal] active device/stream not found (result=-100) for topology 0x1000a100 and apptype 0x11134
03-31 23:01:53.332 E/ACDB-LOADER( 1003): [acdb_loader_adsp_set_audio_cal] set parameters failed with status -100
03-31 23:01:53.332 D/DlbQdspGefDriver( 1003): doCommit() Committed 1 parameters out of 9, and returned 0
03-31 23:01:53.332 D/DlbQdspGefDriver( 1003): commit() Overriding parameters for current device 0x00000002
03-31 23:01:53.332 D/DlbQdspGefDriver( 1003): doCommit() with ACDB device id 10011, sample rate 48000, calibration type 1
03-31 23:01:53.332 D/DlbQdspGefDriver( 1003): doCommit() no parameters are updated to commit
03-31 23:01:53.336 I/PersonalSafety( 9441): ConnectivityProtectionLockingIntentOperation: cancelled task [CONTEXT service_id=310 ]
03-31 23:01:53.337 D/BoundBrokerSvc( 9441): onBind: Intent { act=com.google.android.gms.pay.service.BIND dat=chimera-action: cmp=com.google.android.gms/.chimera.GmsApiService }
03-31 23:01:53.337 D/BoundBrokerSvc( 9441): Loading bound service for intent: Intent { act=com.google.android.gms.pay.service.BIND dat=chimera-action: cmp=com.google.android.gms/.chimera.GmsApiService }
03-31 23:01:53.338 W/NotificationCenter( 5966): NotificationCenter$NotificationQueue.notifyPendingNotificationsOnExecutor():877 Heavy notify work detected on UI thread: [lcs->lcc] takes 136ms
03-31 23:01:53.343 I/KeyboardGroupDefParser( 5966): KeyboardGroupDefParser.parseKeyboardGroupDef():83 parseKeyboardGroupDef() 2132214024 -> 0_resource_name_obfuscated : WaitTime = 6 ms : RunTime = 0 ms
03-31 23:01:53.345 D/audio_hw_primary( 1003): start_output_stream: enter: stream(0xf4a9d000)usecase(1: low-latency-playback) devices(0x2) is_haptic_usecase(0)
03-31 23:01:53.348 I/HardKeyTracker( 5966): HardKeyTracker.unregisterKeySequence():183 Unregister key sequence lrw{labelResId=2132019961, callback=caz@67282a3, lastModifier=2, keyCodes=[50], actions=[0]}
03-31 23:01:53.349 I/HardKeyTracker( 5966): HardKeyTracker.registerKeySequence():139 Register key sequence lrw{labelResId=2132019961, callback=caz@466aef4, lastModifier=2, keyCodes=[50], actions=[0]}
03-31 23:01:53.340 W/perf@2.2-servic( 1034): type=1400 audit(0.0:214182): avc: denied { search } for name="1003" dev="proc" ino=26134898 scontext=u:r:vendor_hal_perf_default:s0 tcontext=u:r:hal_audio_default:s0 tclass=dir permissive=0
03-31 23:01:53.340 W/perf@2.2-servic( 1034): type=1400 audit(0.0:214183): avc: denied { search } for name="1003" dev="proc" ino=26134898 scontext=u:r:vendor_hal_perf_default:s0 tcontext=u:r:hal_audio_default:s0 tclass=dir permissive=0
03-31 23:01:53.351 D/audio_hw_primary( 1003): select_devices for use case (low-latency-playback)
03-31 23:01:53.351 D/msm8974_platform( 1003): platform_get_output_snd_device: enter: output devices(0x2), enable_voicerx 0
03-31 23:01:53.351 D/audio_hw_primary( 1003): select_devices: out_snd_device(2: speaker) in_snd_device(0: )
03-31 23:01:53.351 I/HardKeyTracker( 5966): HardKeyTracker.unregisterKeySequence():183 Unregister key sequence lrw{labelResId=2132019966, callback=caz@5348fcc, lastModifier=2, keyCodes=[48], actions=[0]}
03-31 23:01:53.351 D/ultrasound_extn( 1003): ultrasound_select_devices_pre ultrasound_enabled:0 usecase(low-latency-playback), devices:2 in_snd_device(0, ), out_snd_device(2, speaker)
03-31 23:01:53.351 D/ultrasound_extn( 1003): dump_usecase_list: start ======================================
03-31 23:01:53.351 D/ultrasound_extn( 1003): dump_usecase_list: enter state: 0[init] suspended: 0 stop_reprot: 0 cnt: 0 pre_cnt 0
03-31 23:01:53.351 D/ultrasound_extn( 1003): dump_usecase_list: select_devices_pre usecase[#0]:(1, low-latency-playback) in_dev:(0, ) out_dv:(0, )
03-31 23:01:53.351 D/ultrasound_extn( 1003): dump_usecase_list: end ======================================
03-31 23:01:53.351 I/msm8974_platform( 1003): platform_check_and_set_codec_backend_cfg:becf: afe: bitwidth 16, samplerate 48000 channels 2, backend_idx 4 usecase = 1 device (speaker)
03-31 23:01:53.351 D/msm8974_platform( 1003): platform_split_snd_device: snd_device(2) num devices(1) new_snd_devices(0)
03-31 23:01:53.351 I/msm8974_platform( 1003): platform_check_and_set_codec_backend_cfg: new_snd_devices[0] is 2
03-31 23:01:53.351 I/msm8974_platform( 1003): platform_check_codec_backend_cfg:becf: afe: bitwidth 16, samplerate 48000 channels 2, backend_idx 4 usecase = 1 device (speaker)
03-31 23:01:53.351 I/HardKeyTracker( 5966): HardKeyTracker.registerKeySequence():139 Register key sequence lrw{labelResId=2132019966, callback=caz@ecae719, lastModifier=2, keyCodes=[48], actions=[0]}
03-31 23:01:53.352 I/HardKeyTracker( 5966): HardKeyTracker.unregisterKeySequence():183 Unregister key sequence lrw{labelResId=2132019965, callback=caz@6ee3a91, lastModifier=65536, keyCodes=[76], actions=[0]}
03-31 23:01:53.352 I/HardKeyTracker( 5966): HardKeyTracker.registerKeySequence():139 Register key sequence lrw{labelResId=2132019965, callback=caz@ebbafea, lastModifier=65536, keyCodes=[76], actions=[0]}
03-31 23:01:53.356 I/HardKeyTracker( 5966): HardKeyTracker.unregisterKeySequence():183 Unregister key sequence lrw{labelResId=2132019964, callback=caz@5185382, lastModifier=2, keyCodes=[37], actions=[0]}
03-31 23:01:53.356 I/HardKeyTracker( 5966): HardKeyTracker.registerKeySequence():139 Register key sequence lrw{labelResId=2132019964, callback=caz@a0751b7, lastModifier=2, keyCodes=[37], actions=[0]}
03-31 23:01:53.358 W/NotificationCenter( 5966): NotificationCenter$NotificationQueue.notifyPendingNotificationsOnExecutor():877 Heavy notify work detected on UI thread: [khq->ilb, khq->kgm, khq->ilb, khq->fbr, khq->fqv, khq->ilb, khq->ilb, khq->ilb, khq->imc, khq->ilb, khq->ilb, khq->fdv, khq->ilb, khq->jnb, khq->ilb, khq->ilb, khq->ilb, khq->ilb, khq->kgq, khq->ktf, khq->ilb, ltl->lgn, ltl->lgn, ltl->lgn, ltl->lgn, ltl->lgn, ltl->lgn, ltl->lgn, ltl->lgn, ltl->lgn, ltl->lgn, ltl->lgn, ltl->lgn, ltl->lgn, ltl->lgn, ltl->lgn, ltl->lgn, ltl->lgn, ltl->lgn, ltl->lgn, ltl->lgn, ltk->lgn, ikw->erb, ldd->ldc, ldd->ldc, ikw->erb, ikw->erb, ldd->ldc, ldd->ldc, ldd->ldc, ldd->ldc, ldd->ldc, ikw->erb, ikw->erb, ikw->erb, ikw->erb, ikw->erb, ldd->ldc, ikw->erb, ikw->erb, ikw->erb, ikw->erb, ikw->erb, ikw->erb, ldd->ldc, ldd->ldc] takes 167ms
03-31 23:01:53.358 D/CompatibilityInfo( 1951): mCompatibilityFlags - 0
03-31 23:01:53.358 D/CompatibilityInfo( 1951): applicationDensity - 440
03-31 23:01:53.358 D/CompatibilityInfo( 1951): applicationScale - 1.0
03-31 23:01:53.360 D/audio_hw_extn( 1003): audio_extn_enable_hifi_filter: mixer_value set 0
03-31 23:01:53.360 D/msm8974_platform( 1003): platform_check_codec_backend_cfg:becf: updated afe: bitwidth 16, samplerate 48000 channels 2,backend_idx 4 usecase = 1 device (speaker)
03-31 23:01:53.360 D/msm8974_platform( 1003): platform_check_codec_backend_cfg:becf: afe: restrict playback on handset and speaker to Sample Rate(96k)
03-31 23:01:53.360 D/ultrasound_extn( 1003): ultrasound_check_and_set_codec_backend_cfg check use case (low-latency-playback), snd_device(2, speaker)
03-31 23:01:53.360 D/ultrasound_extn( 1003): ultrasound_check_and_set_codec_backend_cfg  do not change BE setting for speaker
03-31 23:01:53.360 I/msm8974_platform( 1003): platform_check_codec_backend_cfg:becf: afe: Codec selected backend: 4 updated bit width: 24 and sample rate: 96000
03-31 23:01:53.360 D/audio_hw_primary( 1003): check_usecases_codec_backend:becf: force routing 0
03-31 23:01:53.360 E/msm8974_platform( 1003): platform_check_backends_match: Invalid snd_device = 
03-31 23:01:53.360 D/audio_hw_primary( 1003): check_usecases_codec_backend:becf: (100) check_usecases curr device: speaker, usecase device: backends match 0
03-31 23:01:53.360 D/audio_hw_primary( 1003): @@: usecase[0xf47dec30]=low-latency-playback, devices=0x2, uc_info[0xf47dec30]=low-latency-playback
03-31 23:01:53.360 D/audio_hw_primary( 1003): check_usecases_codec_backend:becf: check_usecases num.of Usecases to switch 0
03-31 23:01:53.360 D/hardware_info( 1003): hw_info_append_hw_type : device_name = speaker
03-31 23:01:53.360 D/ultrasound_extn( 1003): ultrasound_extn_get_mode_for_usecase: adsp device mode 2
03-31 23:01:53.361 D/ultrasound_extn( 1003): ultrasound_extn_set_mode: enter: mode 2
03-31 23:01:53.361 I/ultrasound_extn( 1003): ultrasound_set_mode_mius: Set Ultrasound Value 2
03-31 23:01:53.361 I/Nearby  (10840): (REDACTED) Note nearby client %s for operation %s
03-31 23:01:53.364 D/msm8974_platform( 1003): platform_split_snd_device: snd_device(2) num devices(0) new_snd_devices(0)
03-31 23:01:53.364 D/audio_hw_primary( 1003): enable_snd_device: snd_device(2: speaker)
03-31 23:01:53.364 D/msm8974_platform( 1003): platform_get_island_cfg_on_device:island cfg status on snd_device = (speaker 0)
03-31 23:01:53.364 I/soundtrigger( 1003): audio_extn_sound_trigger_update_device_status: device 0x2 of type 0 for Event 1, with Raise=0
03-31 23:01:53.365 I/NearbyConnections(10840): Get local endpoint id from random generation 13MA (last:null) for client 220190267
03-31 23:01:53.368 D/audio_route( 1003): Apply path: speaker
03-31 23:01:53.376 E/audio_hw_awinic_feedback( 1003): audio_extn_aw882xx_start_feedback: [Ainic] Entry
03-31 23:01:53.376 W/audio_hw_awinic_feedback( 1003): is_supported_feedback_on_device [Awinic] 2
03-31 23:01:53.376 W/audio_hw_awinic_feedback( 1003): is_supported_feedback_on_device [Awinic] 2 ret:1 
03-31 23:01:53.376 D/hardware_info( 1003): hw_info_append_hw_type : device_name = vi-feedback
03-31 23:01:53.376 E/msm8974_platform( 1003): platform_get_snd_device_backend_tag: Invalid backend for device = 234
03-31 23:01:53.376 D/msm8974_platform( 1003): platform_split_snd_device: snd_device(234) num devices(0) new_snd_devices(0)
03-31 23:01:53.376 D/audio_hw_primary( 1003): enable_snd_device: snd_device(234: vi-feedback)
03-31 23:01:53.376 D/msm8974_platform( 1003): platform_get_island_cfg_on_device:island cfg status on snd_device = (vi-feedback 0)
03-31 23:01:53.376 I/soundtrigger( 1003): audio_extn_sound_trigger_update_device_status: device 0xea of type 1 for Event 1, with Raise=0
03-31 23:01:53.376 D/audio_route( 1003): Apply path: vi-feedback
03-31 23:01:53.376 E/audio_hw_awinic_feedback( 1003): audio_extn_aw882xx_start_feedback: [Ainic] Entry
03-31 23:01:53.376 W/audio_hw_awinic_feedback( 1003): is_supported_feedback_on_device [Awinic] 234
03-31 23:01:53.376 W/audio_hw_awinic_feedback( 1003): is_supported_feedback_on_device [Awinic] 234 ret:0 
03-31 23:01:53.376 D/soundtrigger( 1003): audio_extn_sound_trigger_update_stream_status: uc_info->id 53 of type 1 for Event 3, with Raise=0
03-31 23:01:53.376 D/audio_hw_utils( 1003): audio_extn_utils_send_app_type_cfg: usecase->in_snd_device vi-feedback
03-31 23:01:53.376 E/voice   ( 1003): voice_is_in_call_rec_stream: input stream is NULL
03-31 23:01:53.376 D/msm8974_platform( 1003): platform_split_snd_device: snd_device(234) num devices(0) new_snd_devices(0)
03-31 23:01:53.377 E/audio_hw_utils( 1003): send_app_type_cfg_for_device: Could not get ctl for mixer cmd - Audio Stream Capture 38 App Type Cfg
03-31 23:01:53.377 D/msm8974_platform( 1003): platform_split_snd_device: snd_device(234) num devices(1) new_snd_devices(0)
03-31 23:01:53.377 D/ACDB-LOADER( 1003): ACDB -> send_audio_cal, acdb_id = 102, path = 1, app id = 0x11132, sample rate = 48000, afe_sample_rate = 48000
03-31 23:01:53.377 D/ACDB-LOADER( 1003): ACDB -> send_asm_topology
03-31 23:01:53.377 D/ACDB-LOADER( 1003): ACDB -> ACDB_CMD_GET_AUDPROC_STREAM_TOPOLOGY_ID
03-31 23:01:53.378 D/ACDB-LOADER( 1003): ACDB -> send_adm_topology
03-31 23:01:53.378 D/ACDB-LOADER( 1003): ACDB -> ACDB_CMD_GET_AUDPROC_COMMON_TOPOLOGY_ID
03-31 23:01:53.378 D/ACDB-LOADER( 1003): ACDB -> send_audtable
03-31 23:01:53.378 D/ACDB-LOADER( 1003): ACDB -> ACDB_CMD_GET_AUDPROC_INSTANCE_COMMON_TABLE_SIZE
03-31 23:01:53.378 D/ACDB-LOADER( 1003): ACDB -> ACDB_CMD_GET_AUDPROC_INSTANCE_COMMON_TABLE
03-31 23:01:53.378 D/ACDB-LOADER( 1003): ACDB -> AUDIO_SET_AUDPROC_CAL cal_type[11] acdb_id[102] app_type[69938]
03-31 23:01:53.378 D/ACDB-LOADER( 1003): ACDB -> ACDB_CMD_GET_AUDPROC_INSTANCE_STREAM_TABLE_SIZE
03-31 23:01:53.378 D/ACDB-LOADER( 1003): ACDB -> send_audstrmtable
03-31 23:01:53.378 D/ACDB-LOADER( 1003): ACDB -> ACDB_CMD_GET_AUDPROC_INSTANCE_STREAM_TABLE
03-31 23:01:53.378 D/ACDB-LOADER( 1003): ACDB -> audstrm_cal->cal_type.cal_data.cal_size = 20
03-31 23:01:53.378 D/ACDB-LOADER( 1003): ACDB -> send_afe_topology
03-31 23:01:53.378 D/ACDB-LOADER( 1003): ACDB -> ACDB_CMD_GET_AFE_TOPOLOGY_ID
03-31 23:01:53.378 D/ACDB-LOADER( 1003): ACDB -> GET_AFE_TOPOLOGY_ID for adcd_id 102, Topology Id 1000ff01
03-31 23:01:53.378 D/ACDB-LOADER( 1003): ACDB -> send_afe_cal
03-31 23:01:53.378 D/ACDB-LOADER( 1003): ACDB -> ACDB_CMD_GET_AFE_INSTANCE_COMMON_TABLE_SIZE
03-31 23:01:53.378 D/ACDB-LOADER( 1003): ACDB -> ACDB_CMD_GET_AFE_INSTANCE_COMMON_TABLE
03-31 23:01:53.378 D/ACDB-LOADER( 1003): ACDB -> AUDIO_SET_AFE_CAL cal_type[17] acdb_id[102]
03-31 23:01:53.378 D/ACDB-LOADER( 1003): ACDB -> send_hw_delay : acdb_id = 102 path = 1
03-31 23:01:53.378 D/ACDB-LOADER( 1003): ACDB -> ACDB_AVSYNC_INFO: ACDB_CMD_GET_DEVICE_PROPERTY
03-31 23:01:53.379 D/audio_hw_primary( 1003): enable_audio_route: apply mixer and update path: spkr-vi-record
03-31 23:01:53.379 D/audio_route( 1003): Apply path: spkr-vi-record
03-31 23:01:53.381 D/audio_hw_awinic_feedback( 1003): audio_extn_aw882xx_start_feedback:[Awinic] the pcm id uc_info->id = 53, tx_pcm_id = 38
03-31 23:01:53.383 I/NearbyMediums(10840): NFC discovery successfully started.
03-31 23:01:53.385 D/MiuiFastUnlockController( 3081): setWallPaperAsTarget asTarget=false
03-31 23:01:53.385 I/NearbyMediums(10840): In ScanningCancellationFlag, service-id=NearbySharing has become the first scanner. The flag has been reset.
03-31 23:01:53.385 D/MiuiWallpaperClient( 3081): notifyKeyguardShowingChanged false
03-31 23:01:53.385 D/MiuiKeyguardWallpaperRemoteService( 8610): onKeyguardShowingChanged  showing = false
03-31 23:01:53.386 D/BluetoothAdapter(10840): isLeEnabled(): ON
03-31 23:01:53.386 D/MiuiKeyguardPictorialWallpaper( 8610): onKeyguardShowingChanged: 
03-31 23:01:53.386 D/MiuiKeyguardPictorialWallpaper( 8610):  windowAlpha 0.0
03-31 23:01:53.392 W/MiuiFreeFormGesturePointerEventListener( 1951): setMiuiFreeFormTouchExcludeRegion mTouchExcludeRegion = SkRegion((0,0,1080,93)(0,2270,1080,2400))
03-31 23:01:53.393 E/RotationHelper( 3109): setCurrentTransitionRequest: request=0
03-31 23:01:53.396 E/CamX    ( 1007): [ERROR][CSL    ] camxcslhw.cpp:308 CSLCloseHW() Dump any orphaned and acquired devices after close CSLHandle=6881792
03-31 23:01:53.396 D/MiuiKeyguardPictorialWallpaper( 8610):  onSurfaceRedrawNeede 
03-31 23:01:53.397 W/OpenGLRenderer( 8610): Surface doesn't have any previously queued frames, nothing to readback from
03-31 23:01:53.397 W/MiuiFreeFormGesturePointerEventListener( 1951): setMiuiFreeFormTouchExcludeRegion mTouchExcludeRegion = SkRegion((0,0,1080,93)(0,2270,1080,2400))
03-31 23:01:53.400 W/MiuiFreeFormGesturePointerEventListener( 1951): setMiuiFreeFormTouchExcludeRegion mTouchExcludeRegion = SkRegion((0,0,1080,93)(0,2270,1080,2400))
03-31 23:01:53.405 D/BtGatt.GattService(26556): registerScanner() - UUID=b47635fe-dacb-4dcf-bddb-3f4877765f07
03-31 23:01:53.407 D/ultrasound_extn( 1003): ultrasound_extn_set_mode_post: enter: suspend 0
03-31 23:01:53.407 I/audio_hw_utils( 1003): audio_extn_utils_update_stream_output_app_type_cfg Allowing 24 and above bits playback on speaker ONLY at default sampling rate
03-31 23:01:53.407 D/audio_hw_primary( 1003): audio_is_true_native_stream_active:napb: (0) (low-latency-playback)id (1) sr 48000 bw (16) device speaker
03-31 23:01:53.407 E/soundtrigger( 1003): audio_extn_sound_trigger_update_stream_status: invalid input device 0x0, for event 3
03-31 23:01:53.407 D/soundtrigger( 1003): audio_extn_sound_trigger_update_stream_status: uc_info->id 1 of type 0 for Event 3, with Raise=0
03-31 23:01:53.407 D/audio_hw_utils( 1003): audio_extn_utils_send_app_type_cfg: usecase->out_snd_device speaker
03-31 23:01:53.407 D/msm8974_platform( 1003): platform_split_snd_device: snd_device(2) num devices(0) new_snd_devices(0)
03-31 23:01:53.407 D/audio_hw_utils( 1003): audio_extn_btsco_get_sample_rate:Not a BT SCO device, need not update sampling rate
03-31 23:01:53.407 I/audio_hw_utils( 1003): send_app_type_cfg_for_device PLAYBACK app_type 69937, acdb_dev_id 10011, sample_rate 48000, snd_device_be_idx 43
03-31 23:01:53.408 D/msm8974_platform( 1003): platform_split_snd_device: snd_device(2) num devices(1) new_snd_devices(0)
03-31 23:01:53.408 D/audio_hw_utils( 1003): audio_extn_btsco_get_sample_rate:Not a BT SCO device, need not update sampling rate
03-31 23:01:53.408 D/DlbQdspGefDriver( 1003): eventCallback(): audio device 0x00000002 (sample rate 48000, channelMask 0x00000003, ACDB device id 10011, app type 0x11131, data 0) becomes active!
03-31 23:01:53.408 D/DlbQdspGefDriver( 1003): eventCallback(): Ignore values with unexpected app type 0x11131
03-31 23:01:53.408 D/ACDB-LOADER( 1003): ACDB -> send_audio_cal, acdb_id = 10011, path = 0, app id = 0x11131, sample rate = 48000, afe_sample_rate = 96000
03-31 23:01:53.408 D/ACDB-LOADER( 1003): ACDB -> send_asm_topology
03-31 23:01:53.408 D/ACDB-LOADER( 1003): ACDB -> ACDB_CMD_GET_AUDPROC_STREAM_TOPOLOGY_ID
03-31 23:01:53.408 D/ACDB-LOADER( 1003): ACDB -> send_adm_topology
03-31 23:01:53.408 D/ACDB-LOADER( 1003): ACDB -> ACDB_CMD_GET_AUDPROC_COMMON_TOPOLOGY_ID
03-31 23:01:53.408 D/ACDB-LOADER( 1003): ACDB -> send_audtable
03-31 23:01:53.408 D/ACDB-LOADER( 1003): ACDB -> ACDB_CMD_GET_AUDPROC_INSTANCE_COMMON_TABLE_SIZE
03-31 23:01:53.408 D/ACDB-LOADER( 1003): ACDB -> ACDB_CMD_GET_AUDPROC_INSTANCE_COMMON_TABLE
03-31 23:01:53.408 D/ACDB-LOADER( 1003): ACDB -> AUDIO_SET_AUDPROC_CAL cal_type[11] acdb_id[10011] app_type[69937]
03-31 23:01:53.408 D/ACDB-LOADER( 1003): ACDB -> send_audvoltable
03-31 23:01:53.408 D/ACDB-LOADER( 1003): ACDB -> ACDB_CMD_GET_AUDPROC_INSTANCE_GAIN_DEP_STEP_TABLE_SIZE
03-31 23:01:53.409 D/android.hardware.audio.service( 1003): Failed to fetch the lookup information of the device 0000271B 
03-31 23:01:53.409 D/ACDB-LOADER( 1003): Error: ACDB_CMD_GET_AUDPROC_INSTANCE_GAIN_DEP_STEP_TABLE_SIZE Returned = -19
03-31 23:01:53.409 D/ACDB-LOADER( 1003): ACDB -> ACDB_CMD_GET_AUDPROC_INSTANCE_GAIN_DEP_STEP_TABLE, vol index 0
03-31 23:01:53.409 D/android.hardware.audio.service( 1003): Failed to fetch the lookup information of the device 0000271B 
03-31 23:01:53.409 D/ACDB-LOADER( 1003): Error: ACDB AudProc vol returned = -19
03-31 23:01:53.409 D/ACDB-LOADER( 1003): ACDB -> AUDIO_SET_VOL_CAL cal type = 12
03-31 23:01:53.409 D/ACDB-LOADER( 1003): ACDB -> ACDB_CMD_GET_AUDPROC_INSTANCE_STREAM_TABLE_SIZE
03-31 23:01:53.409 D/ACDB-LOADER( 1003): ACDB -> send_audstrmtable
03-31 23:01:53.409 D/ACDB-LOADER( 1003): ACDB -> ACDB_CMD_GET_AUDPROC_INSTANCE_STREAM_TABLE
03-31 23:01:53.409 D/ACDB-LOADER( 1003): ACDB -> audstrm_cal->cal_type.cal_data.cal_size = 20
03-31 23:01:53.409 D/ACDB-LOADER( 1003): ACDB -> send_afe_topology
03-31 23:01:53.409 D/ACDB-LOADER( 1003): ACDB -> ACDB_CMD_GET_AFE_TOPOLOGY_ID
03-31 23:01:53.409 D/ACDB-LOADER( 1003): ACDB -> GET_AFE_TOPOLOGY_ID for adcd_id 10011, Topology Id 1000ff00
03-31 23:01:53.409 D/ACDB-LOADER( 1003): ACDB -> send_afe_cal
03-31 23:01:53.409 D/ACDB-LOADER( 1003): ACDB -> ACDB_CMD_GET_AFE_INSTANCE_COMMON_TABLE_SIZE
03-31 23:01:53.409 D/ACDB-LOADER( 1003): ACDB -> ACDB_CMD_GET_AFE_INSTANCE_COMMON_TABLE
03-31 23:01:53.409 D/ACDB-LOADER( 1003): ACDB -> AUDIO_SET_AFE_CAL cal_type[16] acdb_id[10011]
03-31 23:01:53.409 D/ACDB-LOADER( 1003): ACDB -> send_hw_delay : acdb_id = 10011 path = 0
03-31 23:01:53.409 D/ACDB-LOADER( 1003): ACDB -> ACDB_AVSYNC_INFO: ACDB_CMD_GET_DEVICE_PROPERTY
03-31 23:01:53.409 D/msm8974_platform( 1003): platform_split_snd_device: snd_device(2) num devices(0) new_snd_devices(0)
03-31 23:01:53.409 I/msm8974_platform( 1003): platform_get_custom_mtmx_params: no matching param with id 0 ip_ch 2 op_ch 2 uc_id 1 snd_dev 2
03-31 23:01:53.409 D/audio_hw_primary( 1003): enable_audio_route: apply mixer and update path: low-latency-playback speaker
03-31 23:01:53.409 D/audio_route( 1003): Apply path: low-latency-playback speaker
03-31 23:01:53.411 W/MiuiFreeFormGesturePointerEventListener( 1951): setMiuiFreeFormTouchExcludeRegion mTouchExcludeRegion = SkRegion((0,0,1080,93)(0,2270,1080,2400))
03-31 23:01:53.411 V/bt_stack(26556): [VERBOSE1:bta_gattc_act.cc(210)] bta_gattc_register: state:2
03-31 23:01:53.411 E/CamX    ( 1007): [ERROR][HAL    ] camxhal3module.cpp:147 ReleaseTorchForCamera() Facing = 1.
03-31 23:01:53.411 E/CamX    ( 1007): [ERROR][HAL    ] camxhal3module.cpp:153 ReleaseTorchForCamera() sensor: 0, logicalCameraId: 1, facing: 0
03-31 23:01:53.411 E/CamX    ( 1007): [ERROR][HAL    ] camxhal3module.cpp:153 ReleaseTorchForCamera() sensor: 1, logicalCameraId: 1, facing: 1
03-31 23:01:53.411 I/bt_stack(26556): [INFO:gatt_api.cc(1232)] GATT_Register d2645098-2cfb-73e4-3f18-8eaf7425e6e5
03-31 23:01:53.411 I/bt_stack(26556): [INFO:gatt_api.cc(1253)] allocated gatt_if=19
03-31 23:01:53.411 V/bt_stack(26556): [VERBOSE1:gatt_api.cc(1378)] GATT_StartIf gatt_if=19
03-31 23:01:53.412 V/bt_stack(26556): [VERBOSE1:gatt_utils.cc(289)] gatt_find_the_connected_bda start_idx=0
03-31 23:01:53.412 V/bt_stack(26556): [VERBOSE1:gatt_utils.cc(297)]  bda :e8:62:b6:d2:4f:aa
03-31 23:01:53.412 I/CameraProviderManager( 1592): Camera device device@3.5/legacy/1 torch status is now AVAILABLE_OFF
03-31 23:01:53.412 V/bt_stack(26556): [VERBOSE1:gatt_utils.cc(301)]  found=1 found_idx=0
03-31 23:01:53.412 I/CameraService( 1592): onTorchStatusChangedLocked: Torch status changed for cameraId=1, newStatus=1
03-31 23:01:53.412 E/CameraService( 1592): onTorchStatusChangedLocked: cannot get torch status of camera 1: No such file or directory (-2)
03-31 23:01:53.412 V/bt_stack(26556): [VERBOSE1:gatt_utils.cc(289)] gatt_find_the_connected_bda start_idx=1
03-31 23:01:53.412 V/bt_stack(26556): [VERBOSE1:gatt_utils.cc(301)]  found=0 found_idx=10
03-31 23:01:53.412 V/bt_stack(26556): [VERBOSE1:bta_gattc_main.cc(361)] bta_gattc_hdl_event: Event:BTA_GATTC_INT_CONN_EVT
03-31 23:01:53.412 D/BtGatt.GattService(26556): onScannerRegistered() - UUID=b47635fe-dacb-4dcf-bddb-3f4877765f07, scannerId=19, status=0
03-31 23:01:53.412 V/bt_stack(26556): [VERBOSE1:bta_gattc_main.cc(385)] Ignore unknown conn ID: 19
03-31 23:01:53.412 E/CamX    ( 1007): [ERROR][HAL    ] camxhal3module.cpp:153 ReleaseTorchForCamera() sensor: 2, logicalCameraId: 1, facing: 0
03-31 23:01:53.412 E/CamX    ( 1007): [ERROR][HAL    ] camxhal3module.cpp:153 ReleaseTorchForCamera() sensor: 3, logicalCameraId: 1, facing: 0
03-31 23:01:53.412 E/CamX    ( 1007): [ERROR][HAL    ] camxhal3module.cpp:153 ReleaseTorchForCamera() sensor: 4, logicalCameraId: 1, facing: 0
03-31 23:01:53.412 E/CamX    ( 1007): [ERROR][HAL    ] camxhal3module.cpp:153 ReleaseTorchForCamera() sensor: 5, logicalCameraId: 1, facing: 0
03-31 23:01:53.412 E/CamX    ( 1007): [ERROR][HAL    ] camxhal3module.cpp:153 ReleaseTorchForCamera() sensor: 6, logicalCameraId: 1, facing: 0
03-31 23:01:53.412 E/CamX    ( 1007): [ERROR][HAL    ] camxhal3module.cpp:153 ReleaseTorchForCamera() sensor: 7, logicalCameraId: 1, facing: 0
03-31 23:01:53.412 E/CamX    ( 1007): [ERROR][HAL    ] camxhal3module.cpp:153 ReleaseTorchForCamera() sensor: 8, logicalCameraId: 1, facing: 1
03-31 23:01:53.412 D/BluetoothLeScanner(10840): onScannerRegistered() - status=0 scannerId=19 mScannerId=0
03-31 23:01:53.412 I/CameraProviderManager( 1592): Camera device device@3.5/legacy/8 torch status is now AVAILABLE_OFF
03-31 23:01:53.412 I/CameraService( 1592): onTorchStatusChangedLocked: Torch status changed for cameraId=8, newStatus=1
03-31 23:01:53.412 E/CameraService( 1592): onTorchStatusChangedLocked: cannot get torch status of camera 8: No such file or directory (-2)
03-31 23:01:53.412 E/CamX    ( 1007): [ERROR][SENSOR ] camxsensornode.cpp:286 ReleaseOneSubDevice() CameraID=1 Subdevice=0 refCount already 0!
