03-31 23:01:54.585 D/ultrasound_extn( 1003): dump_usecase_list: RX_CDC_DMA_RX_1 Format		 S16_LE
03-31 23:01:54.585 D/ultrasound_extn( 1003): dump_usecase_list: RX_CDC_DMA_RX_1 Channels		 One
03-31 23:01:54.585 D/ultrasound_extn( 1003): dump_usecase_list: end ======================================
03-31 23:01:54.585 D/audio_hw_primary( 1003): select_devices: done
03-31 23:01:54.586 I/emww    (10033): (REDACTED) #audio# get audio read only session(%s)
03-31 23:01:54.586 I/AudioFlinger( 1111): setGameParameters keyvalue: xlog.volume.music.speaker=40
03-31 23:01:54.586 I/bybw    ( 4379): (REDACTED) getInitialSimplifiedOobeViaDeeplinkUser: %b
03-31 23:01:54.586 D/audio_hw_primary( 1003): adev_set_parameters: enter: xlog.volume.music.speaker=40
03-31 23:01:54.586 I/boqt    ( 4379): (REDACTED) isDeeplinkEnabled %s, isInitialSimplifiedOobeViaDeeplinkUser %s
03-31 23:01:54.587 I/bilz    ( 4379): User not OptedIn. Skipping Eligibility Checks.
03-31 23:01:54.587 I/bikh    ( 4379): Robin is not eligible or not opted-in
03-31 23:01:54.587 I/bikh    ( 4379): Headphone voice queries disabled: HEADPHONE_VOICE_QUERIES flag not enabled
03-31 23:01:54.587 I/bikh    ( 4379): (REDACTED) Headphone Integration status: %s
03-31 23:01:54.588 W/efvt    (10033): (REDACTED) Failed to fetch sticky app; couldn't find package name %s
03-31 23:01:54.588 W/efvt    (10033): android.content.pm.PackageManager$NameNotFoundException: com.google.android.apps.youtube.music
03-31 23:01:54.588 W/efvt    (10033): 	at android.app.ApplicationPackageManager.getPackageInfoAsUser(ApplicationPackageManager.java:246)
03-31 23:01:54.588 W/efvt    (10033): 	at android.app.ApplicationPackageManager.getPackageInfo(ApplicationPackageManager.java:218)
03-31 23:01:54.588 W/efvt    (10033): 	at efvt.a(PG:86)
03-31 23:01:54.588 W/efvt    (10033): 	at efvs.b(PG:13)
03-31 23:01:54.588 W/efvt    (10033): 	at gcuk.s(PG:12)
03-31 23:01:54.588 W/efvt    (10033): 	at gddr.run(PG:110)
03-31 23:01:54.588 W/efvt    (10033): 	at fbww.run(PG:3)
03-31 23:01:54.588 W/efvt    (10033): 	at fdfb.run(PG:13)
03-31 23:01:54.588 W/efvt    (10033): 	at dkci.run(PG:5)
03-31 23:01:54.588 W/efvt    (10033): 	at flti.run(PG:44)
03-31 23:01:54.588 W/efvt    (10033): 	at dkbz.run(PG:42)
03-31 23:01:54.588 W/efvt    (10033): 	at java.lang.Thread.run(Thread.java:1012)
03-31 23:01:54.588 W/efvt    (10033): 	at dkdl.run(PG:62)
03-31 23:01:54.588 I/embp    ( 4379): #audio# client session ack-signal received from remote
03-31 23:01:54.588 I/efve    (10033): (REDACTED) Done fetching sticky app for %s
03-31 23:01:54.589 I/DisplayFeatureHal( 1042): setPostprocessingMode feature_id:6, enable:1, cookie 0
03-31 23:01:54.589 I/eeqr    ( 4379): (REDACTED) Session(%s) status has been updated: %s.
03-31 23:01:54.591 I/bjug    ( 4379): #TriggerTrustlevel: Device unlocked, FULLY_TRUSTED
03-31 23:01:54.592 I/elrx    (10033): (REDACTED) #audio# registering receiver(%s), range(offset=%d, minimal=%s), buffer(%s)
03-31 23:01:54.593 I/egjw    (10033): (REDACTED) Done fetching mediaParams for: %s.
03-31 23:01:54.607 I/embp    ( 4379): #audio# start listening status received from remote
03-31 23:01:54.607 I/egje    ( 4379): (REDACTED) Response MediaCxtSrv#getMediaContext received for %s.
03-31 23:01:54.608 I/ecpu    ( 4379): (REDACTED) GetContext(%s, %s): Fetch from the %s surface finished with status: %s
03-31 23:01:54.610 D/MeasurementManager( 4379): AdServicesInfo.version=0
03-31 23:01:54.611 W/bgom    ( 4379): (REDACTED) list of missing headers from TNG:Search App: %s
03-31 23:01:54.613 I/bybw    ( 4379): (REDACTED) getInitialSimplifiedOobeViaDeeplinkUser: %b
03-31 23:01:54.613 I/boqt    ( 4379): (REDACTED) isDeeplinkEnabled %s, isInitialSimplifiedOobeViaDeeplinkUser %s
03-31 23:01:54.613 I/bilz    ( 4379): User not OptedIn. Skipping Eligibility Checks.
03-31 23:01:54.613 I/bikh    ( 4379): Robin is not eligible or not opted-in
03-31 23:01:54.613 I/bikh    ( 4379): Headphone voice queries disabled: HEADPHONE_VOICE_QUERIES flag not enabled
03-31 23:01:54.613 I/bikh    ( 4379): (REDACTED) Headphone Integration status: %s
03-31 23:01:54.619 I/ecpu    ( 4379): (REDACTED) GetContext(%s, %s): Fetch from the %s surface finished with status: %s
03-31 23:01:54.620 I/ecpu    ( 4379): (REDACTED) GetContext(%s, %s): Fetch from the %s surface finished with status: %s
03-31 23:01:54.624 I/eoqs    ( 4379): (REDACTED) AppFlow %s is about to be transmitted
03-31 23:01:54.625 D/audio_hw_primary( 1003): check_and_set_karaok_parameters: is karaok rx device 0, is karaok tx device 0
03-31 23:01:54.625 D/audio_hw_primary( 1003): check_and_set_karaok_parameters: is karaok rx device 0, is karaok tx device 0
03-31 23:01:54.625 I/eotr    ( 4379): (REDACTED) %s TNG App is logging Clearcut event named %s with the %s account state and %s source
03-31 23:01:54.625 D/audio_hw_primary( 1003): start_input_stream: exit
03-31 23:01:54.625 D/audio_hw_hfp( 1003): hfp_set_parameters: enter
03-31 23:01:54.625 D/audio_hw_extn( 1003): audio_extn_fm_set_parameters: Enter
03-31 23:01:54.628 I/bybw    ( 4379): (REDACTED) getInitialSimplifiedOobeViaDeeplinkUser: %b
03-31 23:01:54.628 I/boqt    ( 4379): (REDACTED) isDeeplinkEnabled %s, isInitialSimplifiedOobeViaDeeplinkUser %s
03-31 23:01:54.628 I/bilz    ( 4379): User not OptedIn. Skipping Eligibility Checks.
03-31 23:01:54.644 I/eltd    (10033): (REDACTED) #audio# mark first byte read result as non-empty, actual(%dms ago)
03-31 23:01:54.645 I/emdp    (10033): (REDACTED) #audio# result(%s) synced first-byte-read
03-31 23:01:54.646 I/bybw    ( 4379): (REDACTED) getInitialSimplifiedOobeViaDeeplinkUser: %b
03-31 23:01:54.646 I/boqt    ( 4379): (REDACTED) isDeeplinkEnabled %s, isInitialSimplifiedOobeViaDeeplinkUser %s
03-31 23:01:54.646 I/bilz    ( 4379): User not OptedIn. Skipping Eligibility Checks.
03-31 23:01:54.646 I/bikh    ( 4379): Robin is not eligible or not opted-in
03-31 23:01:54.646 I/bikh    ( 4379): Headphone voice queries disabled: HEADPHONE_VOICE_QUERIES flag not enabled
03-31 23:01:54.646 I/bikh    ( 4379): (REDACTED) Headphone Integration status: %s
03-31 23:01:54.647 I/embp    ( 4379): #audio# first byte read result received from remote
03-31 23:01:54.649 I/elrx    (10033): (REDACTED) #audio# noting buffer(%s) new state(%s)
03-31 23:01:54.649 I/elsj    (10033): (REDACTED) #audio# start time defined(present=%s)
03-31 23:01:54.650 I/elrx    ( 4379): (REDACTED) #audio# registering receiver(%s), range(offset=%d, minimal=%s), buffer(%s)
03-31 23:01:54.651 I/elsg    (10033): (REDACTED) #audio# sending %s to receiver(%s)
03-31 23:01:54.651 I/biia    ( 4379): (REDACTED) #FCF: Managed profile check status : %s
03-31 23:01:54.652 I/bimh    ( 4379): Robin eligibility: Device is eligible.
03-31 23:01:54.652 I/ecpu    ( 4379): (REDACTED) GetContext(%s, %s): Fetch from the %s surface finished with status: %s
03-31 23:01:54.653 I/bpla    ( 4379): (REDACTED) #TRIGGER_TYPE type is: %s
03-31 23:01:54.653 I/bpla    ( 4379): (REDACTED) #TRIGGER_TYPE islockscreen is: %s
03-31 23:01:54.653 I/efdz    ( 4379): (REDACTED) Opened the audio input session with invocation token (%s).
03-31 23:01:54.653 I/elrx    ( 4379): (REDACTED) #audio# noting buffer(%s) new state(%s)
03-31 23:01:54.654 I/elsj    ( 4379): (REDACTED) #audio# start time defined(present=%s)
03-31 23:01:54.655 I/axbs    ( 4379): (REDACTED) #gotHotword: %b
03-31 23:01:54.656 I/aywd    ( 4379): (REDACTED) #init %s hotword
03-31 23:01:54.656 I/bifc    ( 4379): (REDACTED) FCF System FeatureName to check: %s
03-31 23:01:54.656 I/ayvp    ( 4379): #onMicOpen
03-31 23:01:54.656 I/efbp    ( 4379): (REDACTED) Acquiring audio focus. InvocationToken: %s.
03-31 23:01:54.657 I/ecpu    ( 4379): (REDACTED) GetContext(%s, %s): Fetch from the %s surface finished with status: %s
03-31 23:01:54.657 I/bifc    ( 4379): (REDACTED) FCF: Device model check status : %s
03-31 23:01:54.657 I/edby    ( 4379): (REDACTED) #onResponse: %s
03-31 23:01:54.657 I/edby    ( 4379): (REDACTED) #onEvent: %s
03-31 23:01:54.658 I/edby    ( 4379): (REDACTED) #onResponse: %s
03-31 23:01:54.658 I/bimd    ( 4379): #isGeminiDefaultSystemFeatureEnabled: false
03-31 23:01:54.658 I/edby    ( 4379): (REDACTED) #onEvent: %s
03-31 23:01:54.658 I/awze    ( 4379): (REDACTED) Streaming main channel audio of %s to endpointer.
03-31 23:01:54.658 I/elfs    ( 4379): On Assistant state listening
03-31 23:01:54.658 I/ebuk    ( 4379): (REDACTED) Update Ssb service with state: %s
03-31 23:01:54.658 I/bgzm    ( 4379): (REDACTED) AssistantState received=%s
03-31 23:01:54.659 I/bifc    ( 4379): (REDACTED) FCF System FeatureName to check: %s
03-31 23:01:54.659 I/bifc    ( 4379): (REDACTED) FCF: Device model check status : %s
03-31 23:01:54.659 I/bgwg    ( 4379): (REDACTED) Received updateType=%s
03-31 23:01:54.659 I/bimd    ( 4379): #isGeminiDefaultSystemFeatureEnabled: false
03-31 23:01:54.659 I/bhcn    ( 4379): (REDACTED) Received change in state = %s
03-31 23:01:54.660 I/bhcn    ( 4379): Waiting for user to speak. Start full listening timer
03-31 23:01:54.660 I/bhcn    ( 4379): Cancelling all non-CC timers.
03-31 23:01:54.660 I/bhch    ( 4379): (REDACTED) Creating the timer for %s seconds.
03-31 23:01:54.661 I/effs    (10033): (REDACTED) On new streaming audio session request(%s).
03-31 23:01:54.663 I/bilw    ( 4379): (REDACTED) %s was not found: %s
03-31 23:01:54.663 W/ayhw    ( 4379): No timestamp for CONVERSATION_MIC_OPEN_EARCON_END.
03-31 23:01:54.663 I/elsx    (10033): (REDACTED) #audio# processor(%s) is being completed(%s)
03-31 23:01:54.664 I/elsx    (10033): (REDACTED) #audio# processor(%s) done, processed(%dns), spent(%dns), deviation(%dns)
03-31 23:01:54.665 I/bmrq    ( 4379): (REDACTED) Provider package not found: %s
03-31 23:01:54.665 I/emdp    (10033): (REDACTED) #audio# result(%s) synced audio-start-time
03-31 23:01:54.666 I/bmrq    ( 4379): (REDACTED) Provider package not found: %s
03-31 23:01:54.666 I/bifc    ( 4379): (REDACTED) FCF System FeatureName to check: %s
03-31 23:01:54.667 I/bifc    ( 4379): (REDACTED) FCF: Device model check status : %s
03-31 23:01:54.668 I/embp    ( 4379): #audio# audio start time received from remote
03-31 23:01:54.669 I/bmrq    ( 4379): (REDACTED) Provider package not found: %s
03-31 23:01:54.669 I/efcd    (10033): (REDACTED) On new streaming audio focus request(%s). InvocationToken: %s.
03-31 23:01:54.669 I/bmrq    ( 4379): (REDACTED) Provider package not found: %s
03-31 23:01:54.670 I/efqs    (10033): (REDACTED) Accessing %s for token(%s)
03-31 23:01:54.670 I/bmrq    ( 4379): (REDACTED) Provider package not found: %s
03-31 23:01:54.670 I/efsf    (10033): (REDACTED) Acquiring a new audio focus session with audio_focus_gain=%s. InvocationToken: %s.
03-31 23:01:54.670 I/eltm    (10033): (REDACTED) #audio# acquire audio focus for client(%s)
03-31 23:01:54.671 I/eltu    (10033): (REDACTED) #audio# acquire audio focus for client(%s) session(token(%d))
03-31 23:01:54.671 I/bmrq    ( 4379): (REDACTED) Provider package not found: %s
03-31 23:01:54.672 I/bmrq    ( 4379): (REDACTED) Provider package not found: %s
03-31 23:01:54.672 D/MediaMetricsService( 1652): submitInternal: isTrusted:1 given uid 10166; sanitized uid: 10166 sanitized pkg: com.google.android.googlequicksearchbox sanitized pkg version: 301489434
03-31 23:01:54.672 I/MediaFocusControl( 1951): requestAudioFocus() from uid/pid 10166/10033 AA=USAGE_ASSISTANT/CONTENT_TYPE_UNKNOWN clientId=android.media.AudioManager@73cf01feltl@a03cce2 callingPack=com.google.android.googlequicksearchbox req=4 flags=0x0 sdk=35
03-31 23:01:54.672 D/MediaMetricsService( 1652): submitInternal: item->getKey().c_str() = audio.service.focus
03-31 23:01:54.672 D/MediaMetricsService( 1652): submitInternal: item->getCString(kCodecPackageName, &msg_send->packgeName) = 0
03-31 23:01:54.673 D/MediaMetricsService( 1652): submitInternal: item->getInt32(kCodecHdrInfo, &msg_send->hdr) = 0
03-31 23:01:54.673 D/MediaMetricsService( 1652): submitInternal: item->getInt32(kCodecFrameRateCal, &msg_send->frameRateCal) = 0
03-31 23:01:54.673 D/MediaMetricsService( 1652): submitInternal: msg_send->frameRateCal = 1731093609
03-31 23:01:54.673 I/bmrq    ( 4379): (REDACTED) Provider package not found: %s
03-31 23:01:54.673 I/bmgr    ( 4379): CreateCalendarEventExecutor is not enabled.
03-31 23:01:54.673 I/bmhf    ( 4379): DeleteNoteExecutor is not enabled.
03-31 23:01:54.673 I/AudioService.FadeOutManager( 1951): unfadeOutUid() uid:10166
03-31 23:01:54.674 D/MediaMetricsService( 1652): submitInternal: isTrusted:1 given uid 10166; sanitized uid: 10166 sanitized pkg: com.google.android.googlequicksearchbox sanitized pkg version: 301489434
03-31 23:01:54.674 D/MediaMetricsService( 1652): submitInternal: item->getKey().c_str() = audio.focus
03-31 23:01:54.674 D/MediaMetricsService( 1652): submitInternal: item->getCString(kCodecPackageName, &msg_send->packgeName) = 0
03-31 23:01:54.674 D/MediaMetricsService( 1652): submitInternal: item->getInt32(kCodecHdrInfo, &msg_send->hdr) = 0
03-31 23:01:54.674 D/MediaMetricsService( 1652): submitInternal: item->getInt32(kCodecFrameRateCal, &msg_send->frameRateCal) = 0
03-31 23:01:54.674 D/MediaMetricsService( 1652): submitInternal: msg_send->frameRateCal = 1731093609
03-31 23:01:54.674 I/emxy    (10033): (REDACTED) #audio# audio focus session(token(%d)) acquire status(%s)
03-31 23:01:54.674 I/bybw    ( 4379): (REDACTED) getInitialSimplifiedOobeViaDeeplinkUser: %b
03-31 23:01:54.674 I/efsf    (10033): (REDACTED) Acquiring AudioFocus finished with status %s. InvocationToken: %s.
03-31 23:01:54.674 I/boqt    ( 4379): (REDACTED) isDeeplinkEnabled %s, isInitialSimplifiedOobeViaDeeplinkUser %s
03-31 23:01:54.675 I/bybw    ( 4379): (REDACTED) getInitialSimplifiedOobeViaDeeplinkUser: %b
03-31 23:01:54.675 I/boqt    ( 4379): (REDACTED) isDeeplinkEnabled %s, isInitialSimplifiedOobeViaDeeplinkUser %s
03-31 23:01:54.675 I/bybw    ( 4379): (REDACTED) getInitialSimplifiedOobeViaDeeplinkUser: %b
03-31 23:01:54.675 I/boqt    ( 4379): (REDACTED) isDeeplinkEnabled %s, isInitialSimplifiedOobeViaDeeplinkUser %s
03-31 23:01:54.675 I/bybw    ( 4379): (REDACTED) getSimplifiedOobeViaDeeplinkUser: %b
03-31 23:01:54.675 I/bxpi    ( 4379): (REDACTED) isSimplifiedOobeViaDeeplinkUser OobeStatus: %s, ZeroStateStatus: %s
03-31 23:01:54.677 I/biia    ( 4379): (REDACTED) #FCF: Managed profile check status : %s
03-31 23:01:54.677 I/biom    ( 4379): (REDACTED) isCacheFresh: %s
03-31 23:01:54.678 I/bybw    ( 4379): (REDACTED) getInitialSimplifiedOobeViaDeeplinkUser: %b
03-31 23:01:54.678 I/boqt    ( 4379): (REDACTED) isDeeplinkEnabled %s, isInitialSimplifiedOobeViaDeeplinkUser %s
03-31 23:01:54.678 I/bifc    ( 4379): (REDACTED) FCF System FeatureName to check: %s
03-31 23:01:54.678 I/bifc    ( 4379): (REDACTED) FCF: Device model check status : %s
03-31 23:01:54.678 I/bimd    ( 4379): #isGeminiDefaultSystemFeatureEnabled: false
03-31 23:01:54.679 I/blsj    ( 4379): Robin eligibility : Robin is eligible
03-31 23:01:54.685 I/bybw    ( 4379): (REDACTED) getInitialSimplifiedOobeViaDeeplinkUser: %b
03-31 23:01:54.685 I/boqt    ( 4379): (REDACTED) isDeeplinkEnabled %s, isInitialSimplifiedOobeViaDeeplinkUser %s
03-31 23:01:54.688 I/ecpu    ( 4379): (REDACTED) GetContext(%s, %s): Fetch from the %s surface finished with status: %s
03-31 23:01:54.693 I/amtv    ( 4379): (REDACTED) AGSA_EXPERIMENT Time taken to fetch hetereodyne is :%s nanos
03-31 23:01:54.693 I/amtv    ( 4379): (REDACTED) AGSA_EXPERIMENT Time taken to fetch experimentIds is:%s nanos
03-31 23:01:54.695 I/awyi    ( 4379): (REDACTED) #createMutator: building cloud arbitration request. Device type is: %s
03-31 23:01:54.697 I/awws    ( 4379): (REDACTED) Get speaker info from device: %s
03-31 23:01:54.699 I/edby    ( 4379): (REDACTED) #onResponse: %s
03-31 23:01:54.699 I/edby    ( 4379): (REDACTED) #onEvent: %s
03-31 23:01:54.700 I/awwm    ( 4379): #streamTo
03-31 23:01:54.718 I/vendor.qti.bluetooth@1.0-ibs_handler( 1006): DeviceSleep: TX Awake, Sending SLEEP_IND
03-31 23:01:54.718 D/vendor.qti.bluetooth@1.0-ibs_handler( 1006): SerialClockVote: vote for UART CLK OFF
03-31 23:01:54.730 I/AssistStructure( 4379): Flattened partial assist data: 66160 bytes, containing 1 windows, 89 views
03-31 23:01:54.732 I/AssistStructure( 4379): Flattened partial assist data: 66892 bytes, containing 0 windows, 49 views
03-31 23:01:54.732 I/AssistStructure( 4379): Flattened partial assist data: 65928 bytes, containing 0 windows, 50 views
03-31 23:01:54.733 I/AssistStructure( 4379): Flattened partial assist data: 66156 bytes, containing 0 windows, 49 views
03-31 23:01:54.734 I/AssistStructure( 4379): Flattened partial assist data: 66340 bytes, containing 0 windows, 51 views
03-31 23:01:54.734 I/AssistStructure( 4379): Flattened partial assist data: 66464 bytes, containing 0 windows, 49 views
03-31 23:01:54.735 I/AssistStructure( 4379): Flattened partial assist data: 65796 bytes, containing 0 windows, 45 views
03-31 23:01:54.736 I/AssistStructure( 4379): Flattened partial assist data: 66816 bytes, containing 0 windows, 50 views
03-31 23:01:54.736 I/AssistStructure( 4379): Flattened partial assist data: 65772 bytes, containing 0 windows, 50 views
03-31 23:01:54.737 I/AssistStructure( 4379): Flattened final assist data: 56784 bytes, containing 0 windows, 67 views
03-31 23:01:54.738 I/efxi    ( 4379): #onHandleAssist
03-31 23:01:54.739 I/egdm    ( 4379): (REDACTED) onForegroundActivityIdReceived(%s)
03-31 23:01:54.739 I/eesn    ( 4379): (REDACTED) #onHandleAssist(currentSessionId=%s, package=%s, activity=%s, failure=%s, onShowThrottled=%s)
03-31 23:01:54.740 I/eesn    ( 4379): (REDACTED) #onDataCategorizationDone(currentSessionId=%s, package=%s, activity=%s)
03-31 23:01:54.740 I/eesn    ( 4379): (REDACTED) complete(name=%s, %s) = %s
03-31 23:01:54.742 I/earchbox:searc( 4379): JIT allocated 69KB for compiled code of java.lang.Object rpy.b()
03-31 23:01:54.742 I/earchbox:searc( 4379): Compiler allocated 7012KB to compile java.lang.Object rpy.b()
03-31 23:01:54.769 W/MiuiFreeFormGesturePointerEventListener( 1951): setMiuiFreeFormTouchExcludeRegion mTouchExcludeRegion = SkRegion((0,0,1080,93)(0,2270,1080,2400))
03-31 23:01:54.817 D/WifiClientModeImpl[wlan0]( 1951): updateLinkLayerStatsRssiSpeedFrequencyCapabilities rssi=-62 TxLinkspeed=72 freq=2462 RxLinkSpeed=72
03-31 23:01:54.822 D/MiuiImsPhoneCallTrackerStubImpl( 3063): onReceive : android.net.wifi.RSSI_CHANGED
03-31 23:01:54.822 D/MiuiImsPhoneCallTrackerStubImpl( 3063): onReceive : android.net.wifi.RSSI_CHANGED
03-31 23:01:54.822 D/QCNEJ/WlanStaInfoRelay( 2992): Received action: android.net.wifi.RSSI_CHANGED
03-31 23:01:54.822 I/AudioFlinger( 1111): setGameParameters keyvalue: xlog.volume.music.speaker=40
03-31 23:01:54.823 D/audio_hw_primary( 1003): adev_set_parameters: enter: xlog.volume.music.speaker=40
03-31 23:01:54.823 D/audio_hw_hfp( 1003): hfp_set_parameters: enter
03-31 23:01:54.823 D/audio_hw_extn( 1003): audio_extn_fm_set_parameters: Enter
03-31 23:01:54.823 W/WifiNetworkFactory( 1951): Connected to unknown network ID: 31 SSID: "SFR_240F_EXT" PROVIDER-NAME: null BSSID: null FQDN: null HOME-PROVIDER-NETWORK: false PRIO: 0 HIDDEN: false PMF: falseCarrierId: -1SubscriptionId-1
03-31 23:01:54.823 W/WifiNetworkFactory( 1951):  NetworkSelectionStatus NETWORK_SELECTION_ENABLED
03-31 23:01:54.823 W/WifiNetworkFactory( 1951):  hasEverConnected: true
03-31 23:01:54.823 W/WifiNetworkFactory( 1951):  hasNeverDetectedCaptivePortal: true
03-31 23:01:54.823 W/WifiNetworkFactory( 1951):  numAssociation 98
03-31 23:01:54.823 W/WifiNetworkFactory( 1951):  validatedInternetAccess shared trusted
03-31 23:01:54.823 W/WifiNetworkFactory( 1951):  macRandomizationSetting: 3
03-31 23:01:54.823 W/WifiNetworkFactory( 1951):  mRandomizedMacAddress: be:55:3e:aa:5c:7f
03-31 23:01:54.823 W/WifiNetworkFactory( 1951):  randomizedMacExpirationTimeMs: 04-01 19:50:13.456
03-31 23:01:54.823 W/WifiNetworkFactory( 1951):  randomizedMacLastModifiedTimeMs: <none>
03-31 23:01:54.823 W/WifiNetworkFactory( 1951):  deletionPriority: 0
03-31 23:01:54.823 W/WifiNetworkFactory( 1951):  KeyMgmt: WPA_PSK Protocols: WPA RSN
03-31 23:01:54.823 W/WifiNetworkFactory( 1951):  AuthAlgorithms:
03-31 23:01:54.823 W/WifiNetworkFactory( 1951):  PairwiseCiphers: TKIP CCMP
03-31 23:01:54.823 W/WifiNetworkFactory( 1951):  GroupCiphers: WEP40 WEP104 TKIP CCMP
03-31 23:01:54.823 W/WifiNetworkFactory( 1951):  GroupMgmtCiphers:
03-31 23:01:54.823 W/WifiNetworkFactory( 1951):  SuiteBCiphers:
03-31 23:01:54.823 W/WifiNetworkFactory( 1951):  PSK/SAE: *
03-31 23:01:54.823 W/WifiNetworkFactory( 1951): SecurityParams List:
03-31 23:01:54.823 W/WifiNetworkFactory( 1951): Security Parameters:
03-31 23:01:54.823 W/WifiNetworkFactory( 1951):  Type: 2
03-31 23:01:54.823 W/WifiNetworkFactory( 1951):  Enabled: true
03-31 23:01:54.823 W/WifiNetworkFactory( 1951):  KeyMgmt: WPA_PSK
03-31 23:01:54.823 W/WifiNetworkFactory( 1951):  Protocols: WPA RSN
03-31 23:01:54.823 W/WifiNetworkFactory( 1951):  AuthAlgorithms:
03-31 23:01:54.823 W/WifiNetworkFactory( 1951):  PairwiseCiphers: TKIP CCMP
03-31 23:01:54.823 W/WifiNetworkFactory( 1951):  GroupCiphers: WEP40 WEP104 TKIP CCMP
03-31 23:01:54.823 W/WifiNetworkFactory( 1951):  GroupMgmtCiphers:
03-31 23:01:54.823 W/WifiNetworkFactory( 1951):  SuiteBCiphers:
03-31 23:01:54.823 W/WifiNetworkFactory( 1951):  RequirePmf: false
03-31 23:01:54.823 W/WifiNetworkFactory( 1951):  IsAddedByAutoUpgrade: false
03-31 23:01:54.823 W/WifiNetworkFactory( 1951):  IsSaeH2eOnlyMode: false
03-31 23:01:54.823 W/WifiNetworkFactory( 1951):  IsSaePkOnlyMode: false
03-31 23:01:54.823 W/WifiNetworkFactory( 1951): Security Parameters:
03-31 23:01:54.823 W/WifiNetworkFactory( 1951):  Type: 4
03-31 23:01:54.823 W/WifiNetworkFactory( 1951):  Enabled: true
03-31 23:01:54.823 W/WifiNetworkFactory( 1951):  KeyMgmt: SAE
03-31 23:01:54.823 W/WifiNetworkFactory( 1951):  Protocols: RSN
03-31 23:01:54.823 W/WifiNetworkFactory( 1951):  AuthAlgorithms:
03-31 23:01:54.823 W/WifiNetworkFactory( 1951):  PairwiseCiphers: CCMP GCMP_256 GCMP_128
03-31 23:01:54.823 W/WifiNetworkFactory( 1951):  GroupCiphers: CCMP GCMP_256 GCMP_128
03-31 23:01:54.823 W/WifiNetworkFactory( 1951):  GroupMgmtCiphers:
03-31 23:01:54.823 W/WifiNetworkFactory( 1951):  SuiteBCiphers:
03-31 23:01:54.823 W/WifiNetworkFactory( 1951):  RequirePmf: true
03-31 23:01:54.823 W/WifiNetworkFactory( 1951):  IsAddedByAutoUpgrade: true
03-31 23:01:54.823 W/WifiNetworkFactory( 1951):  IsSaeH2eOnlyMode: false
03-31 23:01:54.823 W/WifiNetworkFactory( 1951):  IsSaePkOnlyMode: false
03-31 23:01:54.823 W/WifiNetworkFactory( 1951): 
03-31 23:01:54.823 W/WifiNetworkFactory( 1951): Enterprise config:
03-31 23:01:54.823 W/WifiNetworkFactory( 1951):  ocsp: 0
03-31 23:01:54.823 W/WifiNetworkFactory( 1951): IP config:
03-31 23:01:54.823 W/WifiNetworkFactory( 1951): IP assignment: DHCP
03-31 23:01:54.823 W/WifiNetworkFactory( 1951): Proxy settings: NONE
03-31 23:01:54.823 W/WifiNetworkFactory( 1951):  cuid=1000 cname=android.uid.system:1000 luid=1000 lname=android.uid.system:1000 lcuid=1000 allowAutojoin=true noInternetAccessExpected=false mostRecentlyConnected=false 
03-31 23:01:54.823 W/WifiNetworkFactory( 1951): lastConnected: 03-31 19:50:13.529 
03-31 23:01:54.823 W/WifiNetworkFactory( 1951): 
03-31 23:01:54.823 W/WifiNetworkFactory( 1951): numRebootsSinceLastUse: 0
03-31 23:01:54.823 W/WifiNetworkFactory( 1951): recentFailure: Association Rejection code: 0, last update time: 0
03-31 23:01:54.823 W/WifiNetworkFactory( 1951): ShareThisAp: false
03-31 23:01:54.823 W/WifiNetworkFactory( 1951): :00:eb:d8:69:f3:b4. Ignoring...
03-31 23:01:54.824 D/WifiClientModeImpl[wlan0]( 1951): reported txKbps 21443 rxKbps 20819
03-31 23:01:54.824 D/WifiDataStall( 1951): tx tput in kbps: 10890
03-31 23:01:54.824 D/WifiDataStall( 1951): rx tput in kbps: 49500
03-31 23:01:54.824 V/WifiConfigManager( 1951): Updating scan detail cache freq=2462 BSSID=00:eb:d8:69:f3:b4 RSSI=-64 for "SFR_240F_EXT"WPA_PSK
03-31 23:01:54.824 D/WifiThroughputPredictor( 1951):  utilization (BssLoad) -1 utilization (LLStats) 80 isBluetoothConnected: false final utilization: 80
03-31 23:01:54.833 I/edby    ( 4379): (REDACTED) #onResponse: %s
03-31 23:01:54.833 I/edby    ( 4379): (REDACTED) #onEvent: %s
03-31 23:01:54.837 I/bhcn    ( 4379): (REDACTED) Received change in state = %s
03-31 23:01:54.837 I/bhcn    ( 4379): (REDACTED) State update %s ignored
03-31 23:01:54.838 I/bgwg    ( 4379): (REDACTED) Received updateType=%s
03-31 23:01:54.838 D/WifiThroughputPredictor( 1951):  airTime20: 175 airTime: 175
03-31 23:01:54.838 D/WifiThroughputPredictor( 1951):  BW: 0 RSSI: -62 Nss: 1 Mode: 4 symDur: 3600 snrDb 18 bitPerTone: 5000 rate: 72 throughput: 49
03-31 23:01:54.838 D/WifiThroughputPredictor( 1951):  utilization (BssLoad) -1 utilization (LLStats) 80 isBluetoothConnected: false final utilization: 80
03-31 23:01:54.838 D/WifiThroughputPredictor( 1951):  airTime20: 175 airTime: 175
03-31 23:01:54.838 D/WifiThroughputPredictor( 1951):  BW: 0 RSSI: -62 Nss: 1 Mode: 4 symDur: 3600 snrDb 18 bitPerTone: 5000 rate: 72 throughput: 49
03-31 23:01:54.841 I/CarrierServices( 4068): [58] fau.handleMessage:39 RcsEngineImpl[DUAL_REG]:[24b67f09-199d]>Handler: handleMessage processing message:[NOTIFY_UPTIME_IGNORE_STATE_CHANGED] with [non-null]:RcsEngineImpl reference
03-31 23:01:54.842 I/WifiService( 1951): getWifiEnabledState uid=1000
03-31 23:01:54.842 I/CarrierServices( 4068): [59] eqy.c:51 Connected state: [1], networkType: [WIFI]
03-31 23:01:54.846 D/WifiScoreCard( 1951): BSSID update SIGNAL_POLL ID: 275401600 SSID: "SFR_240F_EXT", BSSID: 00:eb:d8:69:f3:b4, MAC: be:55:3e:aa:5c:7f, Security type: 2, Supplicant state: COMPLETED, HE Eight Max VHT Spatial Streams Supported AP: false, Eight Max VHT Spatial streams support: false, Wi-Fi standard: 4, RSSI: -62, Link speed: 72Mbps, Tx Link speed: 72Mbps, Max Supported Tx Link speed: 72Mbps, Rx Link speed: 72Mbps, Max Supported Rx Link speed: 72Mbps, Frequency: 2462MHz, Net ID: 31, Metered hint: false, score: 60, CarrierMerged: false, SubscriptionId: -1, IsPrimary: 1
03-31 23:01:54.846 D/WifiScoreCard( 1951): txRate: 36 txSpeed: 72
03-31 23:01:54.846 D/WifiScoreCard( 1951): network update SIGNAL_POLL "SFR_240F_EXT" ID: 2120740403 RSSI -62 txSpeed 72
03-31 23:01:54.848 D/WifiClientModeImpl[wlan0]( 1951):  L2ConnectedState screen=on 72 0 "SFR_240F_EXT" 00:eb:d8:69:f3:b4 rssi=-62 f=2462 sc=sc=60fast switch in weak net is not enable link=72 tx=12,8, 23,1, 0,0  rx=2,7 bcn=1610 [on:27365 tx:354 rx:844 period:139728] from screen [on:2110 period:3105] score=60
03-31 23:01:54.849 D/MiuiImsPhoneCallTrackerStubImpl( 3063): onReceive : android.net.wifi.RSSI_CHANGED
03-31 23:01:54.849 D/MiuiImsPhoneCallTrackerStubImpl( 3063): onReceive : android.net.wifi.RSSI_CHANGED
03-31 23:01:54.850 D/QCNEJ/WlanStaInfoRelay( 2992): Received action: android.net.wifi.RSSI_CHANGED
03-31 23:01:54.859 D/WM-NetworkStateTracker( 4379): Network capabilities changed: [ Transports: WIFI Capabilities: NOT_METERED&INTERNET&NOT_RESTRICTED&TRUSTED&NOT_VPN&VALIDATED&NOT_ROAMING&FOREGROUND&NOT_CONGESTED&NOT_SUSPENDED&NOT_VCN_MANAGED LinkUpBandwidth>=21443Kbps LinkDnBandwidth>=20819Kbps TransportInfo: <SSID: <unknown ssid>, BSSID: 02:00:00:00:00:00, MAC: 02:00:00:00:00:00, Security type: 2, Supplicant state: COMPLETED, HE Eight Max VHT Spatial Streams Supported AP: false, Eight Max VHT Spatial streams support: false, Wi-Fi standard: 4, RSSI: -62, Link speed: 72Mbps, Tx Link speed: 72Mbps, Max Supported Tx Link speed: 72Mbps, Rx Link speed: 72Mbps, Max Supported Rx Link speed: 72Mbps, Frequency: 2462MHz, Net ID: -1, Metered hint: false, score: 60, CarrierMerged: false, SubscriptionId: -1, IsPrimary: -1> SignalStrength: -62 UnderlyingNetworks: Null]
03-31 23:01:54.861 I/CarrierServices( 4068): [58] ezm.f:78 ProvisioningEngineDataRetriever: Rcs is enabled from user settings: true
03-31 23:01:54.865 D/WM-NetworkStateTracker(18252): Network capabilities changed: [ Transports: WIFI Capabilities: NOT_METERED&INTERNET&NOT_RESTRICTED&TRUSTED&NOT_VPN&VALIDATED&NOT_ROAMING&FOREGROUND&NOT_CONGESTED&NOT_SUSPENDED&NOT_VCN_MANAGED LinkUpBandwidth>=21443Kbps LinkDnBandwidth>=20819Kbps TransportInfo: <SSID: <unknown ssid>, BSSID: 02:00:00:00:00:00, MAC: 02:00:00:00:00:00, Security type: 2, Supplicant state: COMPLETED, HE Eight Max VHT Spatial Streams Supported AP: false, Eight Max VHT Spatial streams support: false, Wi-Fi standard: 4, RSSI: -62, Link speed: 72Mbps, Tx Link speed: 72Mbps, Max Supported Tx Link speed: 72Mbps, Rx Link speed: 72Mbps, Max Supported Rx Link speed: 72Mbps, Frequency: 2462MHz, Net ID: -1, Metered hint: false, score: 60, CarrierMerged: false, SubscriptionId: -1, IsPrimary: -1> SignalStrength: -62 UnderlyingNetworks: Null]
03-31 23:01:54.870 D/vendor.qti.bluetooth@1.0-wake_lock( 1006): Release wakelock is released 
03-31 23:01:54.928 I/axdf    ( 4379): (REDACTED) #onSpeechBegin(%s, %s)
03-31 23:01:54.929 I/ayvp    ( 4379): #onEndpointEvent: START_OF_SPEECH
03-31 23:01:54.930 I/edby    ( 4379): (REDACTED) #onResponse: %s
03-31 23:01:54.931 I/edby    ( 4379): (REDACTED) #onEvent: %s
03-31 23:01:54.931 I/edby    ( 4379): (REDACTED) #onResponse: %s
03-31 23:01:54.931 I/edby    ( 4379): (REDACTED) #onEvent: %s
03-31 23:01:54.932 I/elfs    ( 4379): On Assistant state listening
03-31 23:01:54.932 I/ebuk    ( 4379): (REDACTED) Update Ssb service with state: %s
03-31 23:01:54.932 I/bgzm    ( 4379): (REDACTED) AssistantState received=%s
03-31 23:01:54.933 I/bgwg    ( 4379): (REDACTED) Received updateType=%s
03-31 23:01:54.934 I/bhcn    ( 4379): (REDACTED) Received change in state = %s
03-31 23:01:54.935 I/bhcn    ( 4379): User speaking waiting for transcription. First recognition timer.
03-31 23:01:54.935 I/bhcn    ( 4379): Cancelling all non-CC timers.
03-31 23:01:54.935 I/bhch    ( 4379): (REDACTED) Creating the timer for %s seconds.
03-31 23:01:54.940 I/epep    ( 4379): (REDACTED) latestAudioLevel=%d
03-31 23:01:54.942 I/czko    ( 4379): (REDACTED) animateTo: to: %s, duration: %s
03-31 23:01:54.952 W/earchbox:searc( 4379): Missing inline cache for java.lang.Object emyk.b(java.lang.Object)
03-31 23:01:54.953 W/MiuiFreeFormGesturePointerEventListener( 1951): setMiuiFreeFormTouchExcludeRegion mTouchExcludeRegion = SkRegion((0,0,1080,93)(0,2270,1080,2400))
03-31 23:01:54.973 I/OpenGLRenderer( 4379): Davey! duration=9222991294226ms; Flags=0, FrameTimelineVsyncId=16697261, IntendedVsync=380742628597966, Vsync=380742628597966, InputEventId=0, HandleInputStart=380742629858763, AnimationStart=380742629861731, PerformTraversalsStart=380742630221888, DrawStart=380742640949492, FrameDeadline=380742645264632, FrameInterval=380742629834961, FrameStartTime=16666666, SyncQueued=380742641355065, SyncStart=380742641451731, IssueDrawCommandsStart=380742641631158, SwapBuffers=380742643807721, FrameCompleted=9223372036854775807, DequeueBufferDuration=34636, QueueBufferDuration=2163646, GpuCompleted=9223372036854775807, SwapBuffersCompleted=380742646649752, DisplayPresentTime=380539270379621, 
03-31 23:01:54.996 W/.gms.persisten(10840): Long monitor contention with owner lowpool[1956] (23064) at boolean annx.p()(:com.google.android.gms@251036029@25.10.36 (190400-739992411):68) waiters=0 in boolean annx.p() for 2.011s
03-31 23:01:55.001 I/RCNService(10840): updateRcnState to isNetworkAvailable: true, isRcnSettingsEnabled: true, isScreenOn: true
03-31 23:01:55.006 I/OpenGLRenderer( 4379): Davey! duration=9222991294192ms; Flags=0, FrameTimelineVsyncId=16697267, IntendedVsync=380742661926189, Vsync=380742661926189, InputEventId=0, HandleInputStart=380742663816367, AnimationStart=380742663818763, PerformTraversalsStart=380742664274596, DrawStart=380742664443294, FrameDeadline=380742695259521, FrameInterval=380742663799596, FrameStartTime=16666666, SyncQueued=380742664799804, SyncStart=380742665358554, IssueDrawCommandsStart=380742665698867, SwapBuffers=380742670500481, FrameCompleted=9223372036854775807, DequeueBufferDuration=36823, QueueBufferDuration=1898020, GpuCompleted=9223372036854775807, SwapBuffersCompleted=380742673126940, DisplayPresentTime=380539303582330, 
03-31 23:01:55.028 I/edby    ( 4379): (REDACTED) #onResponse: %s
03-31 23:01:55.028 I/edby    ( 4379): (REDACTED) #onEvent: %s
03-31 23:01:55.029 I/bhcn    ( 4379): (REDACTED) Received change in state = %s
03-31 23:01:55.029 I/bhcn    ( 4379): (REDACTED) State update %s ignored
03-31 23:01:55.030 I/bgwg    ( 4379): (REDACTED) Received updateType=%s
03-31 23:01:55.089 I/DisplayFeatureHal( 1042): setPostprocessingMode feature_id:6, enable:1, cookie 0
03-31 23:01:55.106 I/bybw    ( 4379): (REDACTED) getInitialSimplifiedOobeViaDeeplinkUser: %b
03-31 23:01:55.106 I/boqt    ( 4379): (REDACTED) isDeeplinkEnabled %s, isInitialSimplifiedOobeViaDeeplinkUser %s
03-31 23:01:55.106 I/bilz    ( 4379): User not OptedIn. Skipping Eligibility Checks.
03-31 23:01:55.166 I/epep    ( 4379): (REDACTED) latestAudioLevel=%d
03-31 23:01:55.168 I/czko    ( 4379): (REDACTED) animateTo: to: %s, duration: %s
03-31 23:01:55.225 I/edby    ( 4379): (REDACTED) #onResponse: %s
03-31 23:01:55.226 I/edby    ( 4379): (REDACTED) #onEvent: %s
03-31 23:01:55.226 I/bgwg    ( 4379): (REDACTED) Received updateType=%s
03-31 23:01:55.227 I/bhcn    ( 4379): (REDACTED) Received change in state = %s
03-31 23:01:55.227 I/bhcn    ( 4379): (REDACTED) State update %s ignored
03-31 23:01:55.298 I/QcrilOemhookMsgTunnel( 8721): [0]processOemHookIndication length=21
03-31 23:01:55.302 D/DynamicService( 3063): PhoneStateListener.onDataActivity: direction=3
03-31 23:01:55.303 D/DynamicService( 3063): modem or radio power state change,messageType: 128 state: 3
03-31 23:01:55.355 I/NearbySharing(10840): Network state changed: NetworkState(isRestricted=false, isOnline=true, isCongested=false, isMetered=false, isWifiConnected=true)
03-31 23:01:55.358 E/SELinux (  595): avc:  denied  { find } for interface=vendor.qti.mstatservice::IMStatService sid=u:r:vendor_mstatservice_app:s0:c216,c256,c512,c768 pid=6501 scontext=u:r:vendor_mstatservice_app:s0:c216,c256,c512,c768 tcontext=u:object_r:default_android_hwservice:s0 tclass=hwservice_manager permissive=0
03-31 23:01:55.359 E/MStatsSystem( 6501): HIDL interface is not registered as a service yet.
03-31 23:01:55.403 D/DynamicService( 3063): SendToCit  value = 00110
03-31 23:01:55.405 W/ActivityManager( 1951): Sending non-protected broadcast com.android.set.sensor.values from system 3063:com.android.phone/1001 pkg com.android.phone. Callers=
03-31 23:01:55.405 D/WifiSarController( 3063): onStateChanged: type = 2, value = 1
03-31 23:01:55.406 D/WifiSarController( 3063): setSARLimit: 5
03-31 23:01:55.418 D/wpa_supplicant( 1825): wlan0: Control interface command 'SET_SAR_LIMIT 5'
03-31 23:01:55.418 I/wpa_supplicant( 1825): nl80211: Set SAR mode: enable=5 spec=2 sar_version=2
03-31 23:01:55.420 E/MiuiWifiService( 1951): setSARLimit enter
03-31 23:01:55.427 I/edby    ( 4379): (REDACTED) #onResponse: %s
03-31 23:01:55.428 I/edby    ( 4379): (REDACTED) #onEvent: %s
03-31 23:01:55.428 I/bgwg    ( 4379): (REDACTED) Received updateType=%s
03-31 23:01:55.429 I/bhcn    ( 4379): (REDACTED) Received change in state = %s
03-31 23:01:55.430 I/bhcn    ( 4379): (REDACTED) State update %s ignored
03-31 23:01:55.433 I/epep    ( 4379): (REDACTED) latestAudioLevel=%d
03-31 23:01:55.434 I/czko    ( 4379): (REDACTED) animateTo: to: %s, duration: %s
03-31 23:01:55.456 I/bhls    ( 4379): Debounce period is done so clear debounce state
03-31 23:01:55.456 I/bhmh    ( 4379): Reset debounce state
03-31 23:01:55.458 I/WifiHAL ( 1025): event received NL80211_CMD_VENDOR, vendor_id = 0x1374, subcmd = 0xa
03-31 23:01:55.458 D/LOWI-9.0.0.87( 1811): [LOWI-Scan] wait_event:Wait done with Cmd 103
03-31 23:01:55.458 D/LOWI-9.0.0.87( 1811): [LOWI-Scan] do_listen_events: Rcvd valid Netlink Cmd 0 Err 0
03-31 23:01:55.458 I/wificond( 1677): Regulatory domain changed to country: FR on wiphy_index: 0
03-31 23:01:55.458 I/cnss-daemon( 1777): nl80211 response handler invoked
03-31 23:01:55.458 I/cnss-daemon( 1777): nl80211_response_handler: cmd 103, vendorID 4980, subcmd 10  received
03-31 23:01:55.459 D/WifiNl80211Manager( 1951): OnRegDomainChanged FR
03-31 23:01:55.459 D/WifiNative( 1951): onCountryCodeChanged: FR
03-31 23:01:55.459 D/wpa_supplicant( 1825): nl80211: Drv Event 103 (NL80211_CMD_VENDOR) received for wlan0
03-31 23:01:55.459 D/wpa_supplicant( 1825): nl80211: Vendor event: wiphy=0 vendor_id=0x1374 subcmd=10
03-31 23:01:55.460 D/wpa_supplicant( 1825): nl80211: Avoid frequency range: 5180-5320
03-31 23:01:55.460 D/wpa_supplicant( 1825): nl80211: Avoid frequency range: 5500-5660
03-31 23:01:55.460 D/wpa_supplicant( 1825): wlan0: Event AVOID_FREQUENCIES (48) received
03-31 23:01:55.460 I/wpa_supplicant( 1825): wlan0: CTRL-EVENT-AVOID-FREQ ranges=5180-5320,5500-5660
03-31 23:01:55.460 D/wpa_supplicant( 1825): nl80211: Drv Event 113 (NL80211_CMD_WIPHY_REG_CHANGE) received for wlan0
03-31 23:01:55.460 D/wpa_supplicant( 1825): nl80211: Regulatory domain change
03-31 23:01:55.460 D/wpa_supplicant( 1825):  * initiator=2
03-31 23:01:55.460 D/wpa_supplicant( 1825):  * type=0
03-31 23:01:55.460 D/wpa_supplicant( 1825):  * alpha2=FR
03-31 23:01:55.460 D/wpa_supplicant( 1825): wlan0: Event CHANNEL_LIST_CHANGED (27) received
03-31 23:01:55.460 I/wpa_supplicant( 1825): wlan0: CTRL-EVENT-REGDOM-CHANGE init=DRIVER type=COUNTRY alpha2=FR
03-31 23:01:55.460 D/wpa_supplicant( 1825): wlan0: Updating hw mode
03-31 23:01:55.460 D/wpa_supplicant( 1825): nl80211: Regulatory information - country=FR (DFS-ETSI)
03-31 23:01:55.461 D/wpa_supplicant( 1825): nl80211: 2402-2482 @ 40 MHz 20 mBm
03-31 23:01:55.461 D/wpa_supplicant( 1825): nl80211: 5170-5250 @ 80 MHz 23 mBm (no outdoor)
03-31 23:01:55.461 D/wpa_supplicant( 1825): nl80211: 5250-5330 @ 80 MHz 23 mBm (DFS)
03-31 23:01:55.461 D/wpa_supplicant( 1825): nl80211: 5490-5730 @ 160 MHz 30 mBm (DFS)
03-31 23:01:55.461 D/wpa_supplicant( 1825): nl80211: 5735-5875 @ 80 MHz 14 mBm
03-31 23:01:55.461 D/wpa_supplicant( 1825): nl80211: Added 802.11b mode based on 802.11g information
03-31 23:01:55.461 D/wpa_supplicant( 1825): nl80211: Mode IEEE 802.11g: 2412 2417 2422 2427 2432 2437 2442 2447 2452 2457 2462 2467 2472 2484[DISABLED]
03-31 23:01:55.461 D/wpa_supplicant( 1825): nl80211: Mode IEEE 802.11a: 5180[NO_IR] 5200[NO_IR] 5220[NO_IR] 5240[NO_IR] 5260[RADAR] 5280[RADAR] 5300[RADAR] 5320[RADAR] 5500[RADAR] 5520[RADAR] 5540[RADAR] 5560[RADAR] 5580[RADAR] 5600[RADAR] 5620[RADAR] 5640[RADAR]
03-31 23:01:55.461 D/wpa_supplicant( 1825): nl80211: Mode IEEE 802.11b: 2412 2417 2422 2427 2432 2437 2442 2447 2452 2457 2462 2467 2472 2484[DISABLED]
03-31 23:01:55.461 I/wificond( 1677): 2.4Ghz frequencies: 2412 2417 2422 2427 2432 2437 2442 2447 2452 2457 2462 2467 2472
03-31 23:01:55.462 I/wificond( 1677): 5Ghz non-DFS frequencies: 5745 5765 5785 5805 5825 5845 5865
03-31 23:01:55.462 I/wificond( 1677): 5Ghz DFS frequencies: 5180 5200 5220 5240 5260 5280 5300 5320 5500 5520 5540 5560 5580 5600 5620 5640 5660 5680 5700 5720
03-31 23:01:55.462 I/wificond( 1677): 6Ghz frequencies:
03-31 23:01:55.462 I/wificond( 1677): 60Ghz frequencies:
03-31 23:01:55.465 D/DynamicService( 3063): PhoneStateListener.onDataActivity: direction=3
03-31 23:01:55.465 D/DynamicService( 3063): modem or radio power state change,messageType: 128 state: 3
03-31 23:01:55.465 D/DynamicService( 3063): PhoneStateListener.onDataActivity: direction=0
03-31 23:01:55.465 D/DynamicService( 3063): modem or radio power state change,messageType: 128 state: 0
03-31 23:01:55.565 D/DynamicService( 3063): SendToCit  value = 00110
03-31 23:01:55.568 W/ActivityManager( 1951): Sending non-protected broadcast com.android.set.sensor.values from system 3063:com.android.phone/1001 pkg com.android.phone. Callers=
03-31 23:01:55.570 D/WifiSarController( 3063): onStateChanged: type = 2, value = 0
03-31 23:01:55.570 D/WifiSarController( 3063): setSARLimit: 4
03-31 23:01:55.571 D/wpa_supplicant( 1825): wlan0: Control interface command 'SET_SAR_LIMIT 4'
03-31 23:01:55.571 I/wpa_supplicant( 1825): nl80211: Set SAR mode: enable=4 spec=2 sar_version=2
03-31 23:01:55.572 E/MiuiWifiService( 1951): setSARLimit enter
03-31 23:01:55.572 D/DynamicService( 3063): PhoneStateListener.onDataActivity: direction=0
03-31 23:01:55.572 D/DynamicService( 3063): modem or radio power state change,messageType: 128 state: 0
03-31 23:01:55.572 D/DynamicService( 3063): PhoneStateListener.onDataActivity: direction=0
03-31 23:01:55.572 D/DynamicService( 3063): modem or radio power state change,messageType: 128 state: 0
03-31 23:01:55.578 D/NetworkController.MobileSignalController(4)( 3081): update5GConnectState: false
03-31 23:01:55.580 D/NetworkController.MobileSignalController(4)( 3081): NotQcom5G, signal level = 4
03-31 23:01:55.585 W/ContextImpl( 1951): Calling a method in the system process without a qualified user: android.app.ContextImpl.sendBroadcastMultiplePermissions:1216 com.android.server.TelephonyRegistry.broadcastServiceStateChanged:2896 com.android.server.TelephonyRegistry.notifyServiceStateForPhoneId:1619 com.android.internal.telephony.ITelephonyRegistry$Stub.onTransact:455 android.os.Binder.execTransactInternal:1184 
03-31 23:01:55.587 W/ContextImpl( 1951): Calling a method in the system process without a qualified user: android.app.ContextImpl.sendBroadcastMultiplePermissions:1266 android.content.Context.sendBroadcastMultiplePermissions:2225 com.android.server.TelephonyRegistry.broadcastServiceStateChanged:2900 com.android.server.TelephonyRegistry.notifyServiceStateForPhoneId:1619 com.android.internal.telephony.ITelephonyRegistry$Stub.onTransact:455 
03-31 23:01:55.590 I/DisplayFeatureHal( 1042): setPostprocessingMode feature_id:6, enable:1, cookie 0
03-31 23:01:55.590 D/DisplayFeatureHal( 1042): notify framework changed, V:229!
03-31 23:01:55.591 W/BroadcastQueue( 1951): Permission Denial: receiving Intent { act=android.intent.action.SERVICE_STATE flg=0x1000010 (has extras) } to com.google.android.cellbroadcastreceiver/com.android.cellbroadcastreceiver.CellBroadcastReceiver requires android.permission.READ_PHONE_STATE due to sender android (uid 1001)
03-31 23:01:55.594 W/ContextImpl( 1951): Calling a method in the system process without a qualified user: android.app.ContextImpl.sendBroadcastMultiplePermissions:1266 android.content.Context.sendBroadcastMultiplePermissions:2225 com.android.server.TelephonyRegistry.broadcastServiceStateChanged:2907 com.android.server.TelephonyRegistry.notifyServiceStateForPhoneId:1619 com.android.internal.telephony.ITelephonyRegistry$Stub.onTransact:455 
03-31 23:01:55.598 I/Bugle   (18252): processRcsReadinessReason: Current ChatTransportType is: 2, ready: true
03-31 23:01:55.599 I/Bugle   (18252): shouldLaunchPostReadyWork is false. Returning from the method
03-31 23:01:55.600 W/BroadcastQueue( 1951): Appop Denial: receiving Intent { act=android.intent.action.SERVICE_STATE flg=0x1000010 (has extras) } to ProcessRecord{c9c1374 3052:com.xiaomi.finddevice/6110} (pid=3052, uid=6110) excludes appop android:read_phone_state due to sender android (uid 1001)
03-31 23:01:55.600 W/BroadcastQueue( 1951): Appop Denial: receiving Intent { act=android.intent.action.SERVICE_STATE flg=0x1000010 (has extras) } to ProcessRecord{f4b18e3 3081:com.android.systemui/1000} (pid=3081, uid=1000) excludes appop android:read_phone_state due to sender android (uid 1001)
03-31 23:01:55.601 W/BroadcastQueue( 1951): Appop Denial: receiving Intent { act=android.intent.action.SERVICE_STATE flg=0x1000010 (has extras) } to ProcessRecord{c19d09d 3063:com.android.phone/1001} (pid=3063, uid=1001) excludes appop android:read_phone_state due to sender android (uid 1001)
03-31 23:01:55.601 W/BroadcastQueue( 1951): Appop Denial: receiving Intent { act=android.intent.action.SERVICE_STATE flg=0x1000010 (has extras) } to ProcessRecord{c19d09d 3063:com.android.phone/1001} (pid=3063, uid=1001) excludes appop android:read_phone_state due to sender android (uid 1001)
03-31 23:01:55.601 W/BroadcastQueue( 1951): Appop Denial: receiving Intent { act=android.intent.action.SERVICE_STATE flg=0x1000010 (has extras) } to ProcessRecord{c19d09d 3063:com.android.phone/1001} (pid=3063, uid=1001) excludes appop android:read_phone_state due to sender android (uid 1001)
03-31 23:01:55.601 W/BroadcastQueue( 1951): Permission Denial: receiving Intent { act=android.intent.action.SERVICE_STATE flg=0x1000010 (has extras) } to com.google.android.cellbroadcastreceiver/com.android.cellbroadcastreceiver.CellBroadcastReceiver requires android.permission.ACCESS_FINE_LOCATION due to sender android (uid 1001)
03-31 23:01:55.603 W/ContextImpl( 1951): Calling a method in the system process without a qualified user: android.app.ContextImpl.sendBroadcastMultiplePermissions:1266 android.content.Context.sendBroadcastMultiplePermissions:2225 com.android.server.TelephonyRegistry.broadcastServiceStateChanged:2911 com.android.server.TelephonyRegistry.notifyServiceStateForPhoneId:1619 com.android.internal.telephony.ITelephonyRegistry$Stub.onTransact:455 
03-31 23:01:55.603 W/BroadcastQueue( 1951): Appop Denial: receiving Intent { act=android.intent.action.SERVICE_STATE flg=0x1000010 (has extras) } to ProcessRecord{c9c1374 3052:com.xiaomi.finddevice/6110} (pid=3052, uid=6110) excludes appop android:fine_location due to sender android (uid 1001)
03-31 23:01:55.604 W/BroadcastQueue( 1951): Appop Denial: receiving Intent { act=android.intent.action.SERVICE_STATE flg=0x1000010 (has extras) } to ProcessRecord{f4b18e3 3081:com.android.systemui/1000} (pid=3081, uid=1000) excludes appop android:fine_location due to sender android (uid 1001)
03-31 23:01:55.604 D/KeyguardUpdateMonitor( 3081): received broadcast android.intent.action.SERVICE_STATE
03-31 23:01:55.604 W/BroadcastQueue( 1951): Appop Denial: receiving Intent { act=android.intent.action.SERVICE_STATE flg=0x1000010 (has extras) } to ProcessRecord{c19d09d 3063:com.android.phone/1001} (pid=3063, uid=1001) excludes appop android:fine_location due to sender android (uid 1001)
03-31 23:01:55.604 W/BroadcastQueue( 1951): Appop Denial: receiving Intent { act=android.intent.action.SERVICE_STATE flg=0x1000010 (has extras) } to ProcessRecord{c19d09d 3063:com.android.phone/1001} (pid=3063, uid=1001) excludes appop android:fine_location due to sender android (uid 1001)
03-31 23:01:55.604 V/KeyguardUpdateMonitor( 3081): action android.intent.action.SERVICE_STATE serviceState={mVoiceRegState=0(IN_SERVICE), mDataRegState=0(IN_SERVICE), mChannelNumber=1501, duplexMode()=1, mCellBandwidths=[20000, 15000, 15000], mOperatorAlphaLong=SFR, mOperatorAlphaShort=SFR, isManualNetworkSelection=false(automatic), getRilVoiceRadioTechnology=14(LTE), getRilDataRadioTechnology=14(LTE), mCssIndicator=supported, mNetworkId=-1, mSystemId=-1, mCdmaRoamingIndicator=-1, mCdmaDefaultRoamingIndicator=-1, mIsEmergencyOnly=false, isUsingCarrierAggregation=true, mArfcnRsrpBoost=0, mNetworkRegistrationInfos=[NetworkRegistrationInfo{ domain=CS transportType=WWAN registrationState=HOME roamingType=NOT_ROAMING accessNetworkTechnology=LTE rejectCause=0 emergencyEnabled=false availableServices=[VOICE,SMS,VIDEO] cellIdentity=CellIdentityLte:{ mBandwidth=20000 mMcc=208 mMnc=10 mAlphaLong=SFR mAlphaShort=SFR mAdditionalPlmns={} mCsgInfo=null} voiceSpecificInfo=VoiceSpecificRegistrationInfo { mCssSupported=true mRoamingIndicator=1 mSystemIsInPrl=-1 mDefaultRoamingIndicator=-1} dataSpecificInfo=null nrState=**** rRplmn=20810 isUsingCarrierAggregation=false}, NetworkRegistrationInfo{ domain=PS transportType=WWAN registrationState=HOME roamingType=NOT_ROAMING accessNetworkTechnology=LTE rejectCause=0 emergencyEnabled=false availableServices=[DATA] cellIdentity=CellIdentityLte:{ mBandwidth=20000 mMcc=208 mMnc=10 mAlphaLong=SFR mAlphaShort=SFR mAdditionalPlmns={} mCsgInfo=null} voiceSpecificInfo=null dataSpecificInfo=android.telephony.DataSpecificRegistrationInfo :{ maxDataCalls = 20 isDcNrRestricted = false isNrAvailable = false isEnDcAvailable = false LteVopsSupportInfo :  mVopsSupport = 2 mEmcBearerSupport = 2 } nrState=**** rRplmn=20810 isUsingCarrierAggregation=false}], mNrFrequencyRange=0, mOperatorAlphaLongRaw=SFR, mOperatorAlphaShortRaw=SFR, mIsDataRoamingFromRegistration=false, mIsIwlanPreferred=false} subId=4
03-31 23:01:55.604 W/BroadcastQueue( 1951): Appop Denial: receiving Intent { act=android.intent.action.SERVICE_STATE flg=0x1000010 (has extras) } to ProcessRecord{c19d09d 3063:com.android.phone/1001} (pid=3063, uid=1001) excludes appop android:fine_location due to sender android (uid 1001)
03-31 23:01:55.605 W/BroadcastQueue( 1951): Permission Denial: receiving Intent { act=android.intent.action.SERVICE_STATE flg=0x1000010 (has extras) } to com.google.android.cellbroadcastreceiver/com.android.cellbroadcastreceiver.CellBroadcastReceiver requires android.permission.READ_PHONE_STATE due to sender android (uid 1001)
03-31 23:01:55.607 W/BroadcastQueue( 1951): Appop Denial: receiving Intent { act=android.intent.action.SERVICE_STATE flg=0x1000010 (has extras) } to ProcessRecord{c9c1374 3052:com.xiaomi.finddevice/6110} (pid=3052, uid=6110) excludes appop android:read_phone_state due to sender android (uid 1001)
03-31 23:01:55.607 W/BroadcastQueue( 1951): Appop Denial: receiving Intent { act=android.intent.action.SERVICE_STATE flg=0x1000010 (has extras) } to ProcessRecord{f4b18e3 3081:com.android.systemui/1000} (pid=3081, uid=1000) excludes appop android:read_phone_state due to sender android (uid 1001)
03-31 23:01:55.607 W/BroadcastQueue( 1951): Appop Denial: receiving Intent { act=android.intent.action.SERVICE_STATE flg=0x1000010 (has extras) } to ProcessRecord{c19d09d 3063:com.android.phone/1001} (pid=3063, uid=1001) excludes appop android:read_phone_state due to sender android (uid 1001)
